    Updating crates.io index
 Downloading crates ...
  Downloaded cfg-if v1.0.4
  Downloaded atty v0.2.14
  Downloaded adler2 v2.0.1
  Downloaded addchain v0.2.0
  Downloaded arrayref v0.3.9
  Downloaded byte-slice-cast v1.2.3
  Downloaded block-buffer v0.10.4
  Downloaded subtle v2.6.1
  Downloaded execute v0.2.15
  Downloaded lazy_static v1.5.0
  Downloaded strsim v0.8.0
  Downloaded keccak v0.1.5
  Downloaded serde_derive v1.0.228
  Downloaded hex v0.4.3
  Downloaded errno v0.3.14
  Downloaded funty v2.0.0
  Downloaded execute-command-macro v0.1.11
  Downloaded cpufeatures v0.2.17
  Downloaded crypto-common v0.1.6
  Downloaded constant_time_eq v0.1.5
  Downloaded pairing v0.23.0
  Downloaded execute-command-tokens v0.1.9
  Downloaded home v0.5.12
  Downloaded itoa v1.0.17
  Downloaded ec-gpu v0.2.0
  Downloaded rand_chacha v0.3.1
  Downloaded tap v1.0.1
  Downloaded serde_arrays v0.1.0
  Downloaded yastl v0.1.2
  Downloaded scopeguard v1.2.0
  Downloaded pasta-msm v0.1.5
  Downloaded rand_xorshift v0.3.0
  Downloaded bitflags v1.3.2
  Downloaded ff_derive v0.13.1
  Downloaded byteorder v1.5.0
  Downloaded execute-command-macro-impl v0.1.12
  Downloaded threadpool v1.8.1
  Downloaded num_cpus v1.17.0
  Downloaded ansi_term v0.12.1
  Downloaded bincode v1.3.3
  Downloaded autocfg v1.5.0
  Downloaded hex-literal v0.3.4
  Downloaded paste v1.0.15
  Downloaded ppv-lite86 v0.2.21
  Downloaded group v0.13.0
  Downloaded num-integer v0.1.46
  Downloaded wasm_sync v0.1.2
  Downloaded vec_map v0.8.2
  Downloaded zeroize_derive v1.4.3
  Downloaded digest v0.10.7
  Downloaded trait-set v0.3.0
  Downloaded arrayvec v0.7.6
  Downloaded rustversion v1.0.22
  Downloaded rand_core v0.6.4
  Downloaded quote v1.0.44
  Downloaded crossbeam-deque v0.8.6
  Downloaded zeroize v1.8.2
  Downloaded wyz v0.5.1
  Downloaded thiserror v1.0.69
  Downloaded static_assertions v1.1.0
  Downloaded pasta_curves v0.5.1
  Downloaded blake2s_simd v1.0.4
  Downloaded generic-array v1.3.5
  Downloaded spin v0.9.8
  Downloaded sha2 v0.10.9
  Downloaded num-traits v0.2.19
  Downloaded getrandom v0.2.17
  Downloaded unicode-ident v1.0.23
  Downloaded serde_core v1.0.228
  Downloaded rayon-core v1.13.0
  Downloaded typenum v1.19.0
  Downloaded num-bigint v0.3.3
  Downloaded serde v1.0.228
  Downloaded itertools v0.9.0
  Downloaded sppark v0.1.14
  Downloaded num-bigint v0.4.6
  Downloaded serde_json v1.0.149
  Downloaded rayon v1.11.0
  Downloaded syn v1.0.109
  Downloaded bellperson v0.25.0
  Downloaded itertools v0.11.0
  Downloaded clap v2.34.0
  Downloaded bitvec v1.0.1
  Downloaded zerocopy v0.8.39
  Downloaded unicode-width v0.1.14
  Downloaded syn v2.0.114
  Downloaded nova-snark v0.23.0
  Downloaded memchr v2.8.0
  Downloaded blst v0.3.16
  Downloaded rustix v0.38.44
  Downloaded crossbeam-channel v0.5.15
  Downloaded cc v1.2.55
  Downloaded itertools v0.8.2
  Downloaded semolina v0.1.4
  Downloaded rand v0.8.5
  Downloaded flate2 v1.1.9
  Downloaded miniz_oxide v0.8.9
  Downloaded proc-macro2 v1.0.106
  Downloaded flume v0.10.14
  Downloaded halo2curves v0.1.0
  Downloaded blstrs v0.7.1
  Downloaded log v0.4.29
  Downloaded crossbeam-utils v0.8.21
  Downloaded anyhow v1.0.101
  Downloaded ec-gpu-gen v0.6.0
  Downloaded bitflags v2.10.0
  Downloaded shlex v1.3.0
  Downloaded zmij v1.0.20
  Downloaded simd-adler32 v0.3.8
  Downloaded nova-scotia v0.5.0
  Downloaded once_cell v1.21.3
  Downloaded crossbeam-epoch v0.9.18
  Downloaded crc32fast v1.5.0
  Downloaded constant_time_eq v0.4.2
  Downloaded libc v0.2.181
  Downloaded blake2s_simd v0.5.11
  Downloaded blake2b_simd v1.0.4
  Downloaded sha3 v0.10.8
  Downloaded textwrap v0.11.0
  Downloaded lock_api v0.4.14
  Downloaded find-msvc-tools v0.1.9
  Downloaded which v4.4.2
  Downloaded version_check v0.9.5
  Downloaded thiserror-impl v1.0.69
  Downloaded generic-array v0.14.9
  Downloaded memmap2 v0.5.10
  Downloaded ff v0.13.1
  Downloaded either v1.15.0
  Downloaded arrayvec v0.5.2
  Downloaded radium v0.7.0
  Downloaded linux-raw-sys v0.4.15
  Downloaded neptune v10.0.0
   Compiling bomz v0.1.0 (/work)
warning: unused import: `Group`
 --> src/bin/bound_verifier.rs:9:58
  |
9 | use nova_snark::{CompressedSNARK, PublicParams, traits::{Group, circuit::TrivialTestCircuit}};
  |                                                          ^^^^^
  |
  = note: `#[warn(unused_imports)]` on by default

warning: `bomz` (bin "bound_verifier") generated 1 warning (run `cargo fix --bin "bound_verifier"` to apply 1 suggestion)
    Finished `release` profile [optimized] target(s) in 59.92s
7370ce23729dc9171ee7b6753d7bb3f54d4a2749438b20ace494b67dba91ef74  target/release/bound_verifier
bd0bd39965cb458cd8667ac8cb709b16227395be1fb6691f2d2ae28a1704afa5  target/release/bomz
