    Updating git repository `https://github.com/risc0/RustCrypto-hashes`
    Updating crates.io index
 Downloading crates ...
  Downloaded adler2 v2.0.1
  Downloaded actix-utils v3.0.1
  Downloaded actix-macros v0.2.4
  Downloaded actix-web-codegen v4.3.0
  Downloaded actix-codec v0.5.2
  Downloaded actix-router v0.5.3
  Downloaded cpufeatures v0.2.17
  Downloaded cfg-if v1.0.4
  Downloaded crypto-common v0.1.7
  Downloaded cargo-platform v0.1.9
  Downloaded alloc-stdlib v0.2.2
  Downloaded alloc-no-stdlib v2.0.4
  Downloaded rrs-lib v0.1.0
  Downloaded dirs-sys v0.5.0
  Downloaded cfg_aliases v0.2.1
  Downloaded atomic-waker v1.1.2
  Downloaded dirs v6.0.0
  Downloaded block-buffer v0.10.4
  Downloaded errno v0.3.14
  Downloaded equivalent v1.0.2
  Downloaded unarray v0.1.4
  Downloaded enum-ordinalize-derive v4.3.2
  Downloaded docker-generate v0.1.3
  Downloaded bytestring v1.5.0
  Downloaded enum-ordinalize v4.3.2
  Downloaded ark-snark v0.5.1
  Downloaded dyn-clone v1.0.20
  Downloaded darling_macro v0.21.3
  Downloaded embedded-io v0.6.1
  Downloaded ark-serialize v0.5.0
  Downloaded ark-ff-asm v0.5.0
  Downloaded ark-crypto-primitives-macros v0.5.0
  Downloaded ark-bn254 v0.5.0
  Downloaded darling_macro v0.20.11
  Downloaded ark-ff-macros v0.5.0
  Downloaded derive_builder_macro v0.20.2
  Downloaded fastrand v2.3.0
  Downloaded powerfmt v0.2.0
  Downloaded bit-vec v0.8.0
  Downloaded embedded-io v0.4.0
  Downloaded try-lock v0.2.5
  Downloaded either v1.15.0
  Downloaded rustc-hash v2.1.1
  Downloaded cobs v0.3.0
  Downloaded ark-groth16 v0.5.0
  Downloaded bytemuck_derive v1.10.2
  Downloaded bincode v1.3.3
  Downloaded http-body v1.0.1
  Downloaded toml_datetime v0.6.11
  Downloaded darling v0.21.3
  Downloaded toml_write v0.1.2
  Downloaded darling v0.20.11
  Downloaded matchers v0.2.0
  Downloaded http-body-util v0.1.3
  Downloaded lru-slab v0.1.2
  Downloaded parking_lot_core v0.9.12
  Downloaded educe v0.6.0
  Downloaded option-ext v0.2.0
  Downloaded lazy-regex-proc_macros v3.4.2
  Downloaded include_bytes_aligned v0.1.4
  Downloaded lazy_static v1.5.0
  Downloaded subtle v2.6.1
  Downloaded derive_more-impl v2.0.1
  Downloaded darling_core v0.21.3
  Downloaded yoke-derive v0.8.1
  Downloaded yoke v0.8.1
  Downloaded percent-encoding v2.3.2
  Downloaded elf v0.7.4
  Downloaded merlin v3.0.0
  Downloaded idna_adapter v1.2.1
  Downloaded pem-rfc7468 v0.7.0
  Downloaded pin-project-lite v0.2.16
  Downloaded utf8_iter v1.0.4
  Downloaded keccak v0.1.5
  Downloaded lock_api v0.4.14
  Downloaded flate2 v1.1.5
  Downloaded jobserver v0.1.34
  Downloaded yaml-rust2 v0.10.4
  Downloaded mime v0.3.17
  Downloaded futures-io v0.3.31
  Downloaded itoa v1.0.15
  Downloaded rand v0.8.5
  Downloaded futures-sink v0.3.31
  Downloaded zstd v0.13.3
  Downloaded local-channel v0.1.5
  Downloaded futures-core v0.3.31
  Downloaded httpdate v1.0.3
  Downloaded zstd-safe v7.2.4
  Downloaded http v1.3.1
  Downloaded proc-macro2 v1.0.103
  Downloaded lazy-regex v3.4.2
  Downloaded futures-macro v0.3.31
  Downloaded url v2.5.7
  Downloaded icu_locale_core v2.1.1
  Downloaded icu_properties v2.1.1
  Downloaded hyper-rustls v0.27.7
  Downloaded num-bigint-dig v0.8.6
  Downloaded icu_provider v2.1.1
  Downloaded h2 v0.3.27
  Downloaded zeroize_derive v1.4.2
  Downloaded tracing-log v0.2.0
  Downloaded signal-hook-registry v1.4.6
  Downloaded quinn-proto v0.11.13
  Downloaded zerovec v0.11.5
  Downloaded toml_datetime v0.7.3
  Downloaded writeable v0.6.2
  Downloaded hashlink v0.10.0
  Downloaded icu_properties_data v2.1.1
  Downloaded tempfile v3.23.0
  Downloaded tokio-rustls v0.26.4
  Downloaded ryu v1.0.20
  Downloaded tracing-attributes v0.1.30
  Downloaded icu_normalizer_data v2.1.1
  Downloaded toml_parser v1.0.4
  Downloaded hyper-util v0.1.18
  Downloaded toml v0.8.23
  Downloaded icu_normalizer v2.1.1
  Downloaded zeroize v1.8.2
  Downloaded spin v0.9.8
  Downloaded serde_with_macros v3.16.0
  Downloaded smallvec v1.15.1
  Downloaded rustversion v1.0.22
  Downloaded brotli v8.0.2
  Downloaded tinyvec v1.10.0
  Downloaded risc0-groth16 v3.0.2
  Downloaded valuable v0.1.1
  Downloaded risc0-circuit-recursion v4.0.2
  Downloaded socket2 v0.5.10
  Downloaded tracing-core v0.1.34
  Downloaded serde_derive v1.0.228
  Downloaded rustls-pki-types v1.13.0
  Downloaded indexmap v1.9.3
  Downloaded serde_core v1.0.228
  Downloaded futures-channel v0.3.31
  Downloaded zerocopy v0.8.27
  Downloaded unicode-ident v1.0.22
  Downloaded typenum v1.19.0
  Downloaded serde v1.0.228
  Downloaded rsa v0.9.9
  Downloaded tracing v0.1.41
  Downloaded toml_edit v0.23.7
  Downloaded schemars v1.1.0
  Downloaded tower v0.5.2
  Downloaded rustls-webpki v0.103.8
  Downloaded tokio-util v0.7.17
  Downloaded tower-http v0.6.6
  Downloaded tracing-subscriber v0.2.25
  Downloaded itertools v0.14.0
  Downloaded libc v0.2.177
  Downloaded hyper v1.8.1
  Downloaded tracing-subscriber v0.3.20
  Downloaded serde_with v3.16.0
  Downloaded syn v1.0.109
  Downloaded winnow v0.7.13
  Downloaded webpki-roots v1.0.4
  Downloaded syn v2.0.110
  Downloaded encoding_rs v0.8.35
  Downloaded time v0.3.44
  Downloaded regex-syntax v0.8.8
  Downloaded rustls v0.23.35
  Downloaded serde_json v1.0.145
  Downloaded reqwest v0.12.24
  Downloaded rustix v1.1.2
  Downloaded ruint v1.17.0
  Downloaded risc0-zkp v3.0.2
  Downloaded regex v1.12.2
  Downloaded regex-lite v0.1.8
  Downloaded toml_edit v0.22.27
  Downloaded socket2 v0.6.1
  Downloaded sharded-slab v0.1.7
  Downloaded schemars v0.9.0
  Downloaded rzup v0.5.1
  Downloaded synstructure v0.13.2
  Downloaded strsim v0.11.1
  Downloaded risc0-binfmt v3.0.2
  Downloaded regex-automata v0.4.13
  Downloaded want v0.3.1
  Downloaded chrono v0.4.42
  Downloaded risc0-build v3.0.3
  Downloaded proptest v1.9.0
  Downloaded tokio v1.48.0
  Downloaded find-msvc-tools v0.1.5
  Downloaded actix-web v4.11.0
  Downloaded zstd-sys v2.0.16+zstd.1.5.7
  Downloaded zerotrie v0.2.3
  Downloaded miniz_oxide v0.8.9
  Downloaded slab v0.4.11
  Downloaded futures-util v0.3.31
  Downloaded time-macros v0.2.24
  Downloaded spki v0.7.3
  Downloaded icu_collections v2.1.1
  Downloaded hashbrown v0.15.5
  Downloaded hashbrown v0.12.3
  Downloaded libm v0.2.15
  Downloaded indexmap v2.12.0
  Downloaded tinystr v0.8.2
  Downloaded thiserror-impl v2.0.17
  Downloaded semver v1.0.27
  Downloaded risc0-zkos-v1compat v2.2.0
  Downloaded brotli-decompressor v5.0.0
  Downloaded aho-corasick v1.1.4
  Downloaded num-bigint v0.4.6
  Downloaded itertools v0.13.0
  Downloaded iri-string v0.7.9
  Downloaded idna v1.1.0
  Downloaded tokio-macros v2.6.0
  Downloaded thiserror v2.0.17
  Downloaded shlex v1.3.0
  Downloaded language-tags v0.3.2
  Downloaded quinn v0.11.9
  Downloaded thread_local v1.1.9
  Downloaded strum_macros v0.27.2
  Downloaded risc0-zkvm-platform v2.2.1
  Downloaded litemap v0.8.1
  Downloaded actix-http v3.11.2
  Downloaded zerofrom-derive v0.1.6
  Downloaded hashbrown v0.16.0
  Downloaded pkcs1 v0.7.5
  Downloaded memchr v2.7.6
  Downloaded form_urlencoded v1.2.2
  Downloaded ring v0.17.14
  Downloaded mio v1.1.0
  Downloaded futures-task v0.3.31
  Downloaded http v0.2.12
  Downloaded ppv-lite86 v0.2.21
  Downloaded pkg-config v0.3.32
  Downloaded pkcs8 v0.10.2
  Downloaded linux-raw-sys v0.11.0
  Downloaded version_check v0.9.5
  Downloaded proc-macro2-diagnostics v0.10.1
  Downloaded proc-macro-crate v3.4.0
  Downloaded local-waker v0.1.4
  Downloaded log v0.4.28
  Downloaded getrandom v0.3.4
  Downloaded time-core v0.1.6
  Downloaded ruint-macro v1.2.1
  Downloaded rand v0.9.2
  Downloaded prost v0.13.5
  Downloaded maybe-async v0.2.10
  Downloaded getrandom v0.2.16
  Downloaded ref-cast-impl v1.0.25
  Downloaded untrusted v0.9.0
  Downloaded prost-derive v0.13.5
  Downloaded parking_lot v0.12.5
  Downloaded der v0.7.10
  Downloaded base64 v0.21.7
  Downloaded ark-r1cs-std v0.5.0
  Downloaded ark-crypto-primitives v0.5.0
  Downloaded httparse v1.10.1
  Downloaded quinn-udp v0.5.14
  Downloaded unicode-xid v0.2.6
  Downloaded strum v0.27.2
  Downloaded simd-adler32 v0.3.7
  Downloaded num-integer v0.1.46
  Downloaded nu-ansi-term v0.50.3
  Downloaded ident_case v1.0.1
  Downloaded once_cell v1.21.3
  Downloaded serde_spanned v0.6.9
  Downloaded cc v1.2.46
  Downloaded base64 v0.22.1
  Downloaded ark-ff v0.5.0
  Downloaded num-conv v0.1.0
  Downloaded tower-service v0.3.3
  Downloaded rand_core v0.6.4
  Downloaded rand_chacha v0.9.0
  Downloaded paste v1.0.15
  Downloaded num_enum_derive v0.7.5
  Downloaded num_enum v0.7.5
  Downloaded borsh v1.5.7
  Downloaded darling_core v0.20.11
  Downloaded bytemuck v1.24.0
  Downloaded derive_more v2.0.1
  Downloaded const-oid v0.9.6
  Downloaded bytes v1.11.0
  Downloaded impl-more v0.1.9
  Downloaded hex-literal v0.4.1
  Downloaded hex v0.4.3
  Downloaded heck v0.5.0
  Downloaded no_std_strings v0.1.3
  Downloaded ipnet v2.11.0
  Downloaded iana-time-zone v0.1.64
  Downloaded foldhash v0.1.5
  Downloaded postcard v1.1.3
  Downloaded num-traits v0.2.19
  Downloaded stable_deref_trait v1.2.1
  Downloaded serde_urlencoded v0.7.1
  Downloaded risc0-core v3.0.0
  Downloaded ark-poly v0.5.0
  Downloaded ark-ec v0.5.0
  Downloaded anyhow v1.0.100
  Downloaded allocator-api2 v0.2.21
  Downloaded duplicate v2.0.1
  Downloaded zerovec-derive v0.11.2
  Downloaded rand_core v0.9.3
  Downloaded quote v1.0.42
  Downloaded signature v2.2.0
  Downloaded derivative v2.2.0
  Downloaded bitflags v2.10.0
  Downloaded arrayvec v0.7.6
  Downloaded actix-server v2.6.0
  Downloaded derive_builder_core v0.20.2
  Downloaded derive_builder v0.20.2
  Downloaded crc32fast v1.5.0
  Downloaded cookie v0.16.2
  Downloaded cargo_metadata v0.19.2
  Downloaded camino v1.2.1
  Downloaded blake2 v0.10.6
  Downloaded tinyvec_macros v0.1.1
  Downloaded sync_wrapper v1.0.2
  Downloaded sha1 v0.10.6
  Downloaded generic-array v0.14.7
  Downloaded fnv v1.0.7
  Downloaded zerofrom v0.1.6
  Downloaded ref-cast v1.0.25
  Downloaded rand_xorshift v0.4.0
  Downloaded ark-std v0.5.0
  Downloaded ahash v0.8.12
  Downloaded ark-relations v0.5.1
  Downloaded displaydoc v0.2.5
  Downloaded byteorder v1.5.0
  Downloaded borsh-derive v1.5.7
  Downloaded bonsai-sdk v1.4.1
  Downloaded actix-service v2.0.3
  Downloaded tower-layer v0.3.3
  Downloaded stability v0.2.1
  Downloaded scopeguard v1.2.0
  Downloaded digest v0.10.7
  Downloaded deranged v0.5.5
  Downloaded base64ct v1.8.0
  Downloaded autocfg v1.5.0
  Downloaded arraydeque v0.5.1
  Downloaded potential_utf v0.1.4
  Downloaded pin-utils v0.1.0
  Downloaded num-iter v0.1.45
  Downloaded rand_chacha v0.3.1
  Downloaded actix-rt v2.11.0
  Downloaded downcast-rs v1.2.1
  Downloaded ark-serialize-derive v0.5.0
  Downloaded risc0-circuit-rv32im v4.0.2
  Downloaded risc0-zkvm v3.0.3
  Downloaded risc0-circuit-keccak v4.0.2
   Compiling proc-macro2 v1.0.103
   Compiling quote v1.0.42
   Compiling unicode-ident v1.0.22
   Compiling libc v0.2.177
   Compiling syn v2.0.110
   Compiling cfg-if v1.0.4
   Compiling version_check v0.9.5
   Compiling serde_core v1.0.228
   Compiling serde_derive v1.0.228
   Compiling typenum v1.19.0
   Compiling generic-array v0.14.7
   Compiling serde v1.0.228
   Compiling zerocopy v0.8.27
   Compiling autocfg v1.5.0
   Compiling libm v0.2.15
   Compiling once_cell v1.21.3
   Compiling pin-project-lite v0.2.16
   Compiling tracing-attributes v0.1.30
   Compiling log v0.4.28
   Compiling subtle v2.6.1
   Compiling const-oid v0.9.6
   Compiling paste v1.0.15
   Compiling zeroize_derive v1.4.2
   Compiling getrandom v0.2.16
   Compiling smallvec v1.15.1
   Compiling ppv-lite86 v0.2.21
   Compiling block-buffer v0.10.4
   Compiling crypto-common v0.1.7
   Compiling tracing-core v0.1.34
   Compiling digest v0.10.7
   Compiling winnow v0.7.13
   Compiling hashbrown v0.16.0
   Compiling equivalent v1.0.2
   Compiling indexmap v2.12.0
   Compiling bytes v1.11.0
   Compiling zeroize v1.8.2
   Compiling thiserror v2.0.17
   Compiling tracing v0.1.41
   Compiling num-traits v0.2.19
   Compiling memchr v2.7.6
   Compiling thiserror-impl v2.0.17
   Compiling rustversion v1.0.22
   Compiling toml_parser v1.0.4
   Compiling ident_case v1.0.1
   Compiling itoa v1.0.15
   Compiling fnv v1.0.7
   Compiling cfg_aliases v0.2.1
   Compiling strsim v0.11.1
   Compiling futures-core v0.3.31
   Compiling toml_datetime v0.7.3
   Compiling toml_edit v0.23.7
   Compiling borsh v1.5.7
   Compiling num-integer v0.1.46
   Compiling rand_core v0.6.4
   Compiling jobserver v0.1.34
   Compiling num_enum_derive v0.7.5
   Compiling synstructure v0.13.2
   Compiling find-msvc-tools v0.1.5
   Compiling shlex v1.3.0
   Compiling parking_lot_core v0.9.12
   Compiling anyhow v1.0.100
   Compiling cc v1.2.46
   Compiling proc-macro-crate v3.4.0
   Compiling getrandom v0.3.4
   Compiling scopeguard v1.2.0
   Compiling lock_api v0.4.14
   Compiling borsh-derive v1.5.7
   Compiling zerofrom-derive v0.1.6
   Compiling stability v0.2.1
   Compiling bytemuck_derive v1.10.2
   Compiling zerofrom v0.1.6
   Compiling parking_lot v0.12.5
   Compiling yoke-derive v0.8.1
   Compiling rand_chacha v0.3.1
   Compiling mio v1.1.0
   Compiling tokio-macros v2.6.0
   Compiling signal-hook-registry v1.4.6
   Compiling socket2 v0.6.1
   Compiling futures-sink v0.3.31
   Compiling stable_deref_trait v1.2.1
   Compiling yoke v0.8.1
   Compiling tokio v1.48.0
   Compiling rand v0.8.5
   Compiling unicode-xid v0.2.6
   Compiling derive_more-impl v2.0.1
