
bb command: write_vk
Scheme is: ultra_honk
  --scheme: ultra_honk
  --bytecode_path: /work/original/target/attest.json
  --output_path: /work/original/target
  --verbose: true
  --output_format: bytes_and_fields
  --init_kzg_accumulator: true
  --honk_recursion: 1
using cached grumpkin crs of size 65537 at: "/work/home/.bb-crs/grumpkin_g1.dat"
Initialized Grumpkin prover CRS from memory with num points = 65537
created circuit
Constructing DeciderProvingKey
Finalized circuit size: 16680
allocating polynomials object in proving key...
populating trace...
time to construct proving key: 86 ms.
downloading bn254 crs...
Initialized BN254 prover CRS from memory with num points = 65537
VK saved to "/work/original/target/vk"
VK fields saved to "/work/original/target/vk_fields.json"
