    Updating crates.io index
 Downloading crates ...
  Downloaded aead v0.5.2
  Downloaded ark-ff-macros v0.4.2
  Downloaded allocator-api2 v0.2.21
  Downloaded block-buffer v0.9.0
  Downloaded binary-merkle-tree v16.0.0
  Downloaded base16ct v0.2.0
  Downloaded cpufeatures v0.2.17
  Downloaded bitcoin-internals v0.2.0
  Downloaded dyn-clonable-impl v0.9.2
  Downloaded arrayref v0.3.9
  Downloaded docify_macros v0.2.9
  Downloaded digest v0.9.0
  Downloaded crypto-common v0.1.6
  Downloaded equivalent v1.0.2
  Downloaded dyn-clone v1.0.18
  Downloaded environmental v1.1.4
  Downloaded signature v2.2.0
  Downloaded funty v2.0.0
  Downloaded utf8parse v0.2.2
  Downloaded thread_local v1.1.8
  Downloaded expander v2.2.1
  Downloaded docify v0.2.9
  Downloaded dyn-clonable v0.9.2
  Downloaded arrayvec v0.7.6
  Downloaded curve25519-dalek-derive v0.1.1
  Downloaded crypto-mac v0.8.0
  Downloaded cfg-if v0.1.10
  Downloaded subtle v2.6.1
  Downloaded sp-panic-handler v13.0.1
  Downloaded sp-application-crypto v39.0.0
  Downloaded sp-crypto-hashing v0.1.0
  Downloaded block-buffer v0.10.4
  Downloaded generic-array v0.14.7
  Downloaded byte-slice-cast v1.2.2
  Downloaded fixed-hash v0.8.0
  Downloaded scopeguard v1.2.0
  Downloaded tinyvec_macros v0.1.1
  Downloaded version_check v0.9.5
  Downloaded autocfg v1.4.0
  Downloaded Inflector v0.11.4
  Downloaded futures-core v0.3.31
  Downloaded deranged v0.3.11
  Downloaded unicode-xid v0.2.6
  Downloaded futures-macro v0.3.31
  Downloaded getrandom_or_panic v0.0.3
  Downloaded hex v0.4.3
  Downloaded byteorder v1.5.0
  Downloaded strsim v0.11.1
  Downloaded hmac-drbg v0.3.0
  Downloaded lazy_static v1.5.0
  Downloaded hash-db v0.16.0
  Downloaded tap v1.0.1
  Downloaded sp-std v14.0.0
  Downloaded futures-sink v0.3.31
  Downloaded is-terminal v0.4.15
  Downloaded is_terminal_polyfill v1.70.1
  Downloaded ecdsa v0.16.9
  Downloaded digest v0.10.7
  Downloaded clang-sys v1.8.1
  Downloaded powerfmt v0.2.0
  Downloaded primitive-types v0.13.1
  Downloaded integer-sqrt v0.1.5
  Downloaded impl-num-traits v0.2.0
  Downloaded rustc-hash v2.1.1
  Downloaded impl-trait-for-tuples v0.2.3
  Downloaded ed25519-zebra v4.0.3
  Downloaded scale-info-derive v2.11.6
  Downloaded blake2 v0.10.6
  Downloaded bitflags v2.8.0
  Downloaded lock_api v0.4.12
  Downloaded anstyle-parse v0.2.6
  Downloaded reference-trie v0.29.1
  Downloaded ref-cast-impl v1.0.23
  Downloaded merlin v3.0.0
  Downloaded impl-codec v0.7.1
  Downloaded elliptic-curve v0.13.8
  Downloaded sp-wasm-interface v21.0.1
  Downloaded hmac v0.8.1
  Downloaded simple-mermaid v0.1.1
  Downloaded futures v0.3.31
  Downloaded sp-runtime-interface-proc-macro v18.0.0
  Downloaded bitcoin_hashes v0.13.0
  Downloaded memory-db v0.32.0
  Downloaded ppv-lite86 v0.2.20
  Downloaded pkcs8 v0.10.2
  Downloaded opaque-debug v0.3.1
  Downloaded ark-ec v0.4.2
  Downloaded matchers v0.2.0
  Downloaded libsecp256k1-core v0.3.0
  Downloaded derive_more v1.0.0
  Downloaded keccak-hasher v0.16.0
  Downloaded num-integer v0.1.46
  Downloaded humantime v2.1.0
  Downloaded hex-conservative v0.1.2
  Downloaded quote v1.0.38
  Downloaded sec1 v0.7.3
  Downloaded rustc-demangle v0.1.24
  Downloaded parity-scale-codec v3.7.4
  Downloaded nu-ansi-term v0.50.3
  Downloaded futures-channel v0.3.31
  Downloaded ryu v1.0.19
  Downloaded impl-serde v0.5.0
  Downloaded num-format v0.4.4
  Downloaded der v0.7.9
  Downloaded ark-ff v0.4.2
  Downloaded proc-macro2 v1.0.93
  Downloaded once_cell v1.20.3
  Downloaded heck v0.5.0
  Downloaded libsecp256k1-gen-genmult v0.3.0
  Downloaded semver v1.0.25
  Downloaded cc v1.2.15
  Downloaded libsecp256k1-gen-ecmult v0.3.0
  Downloaded ref-cast v1.0.23
  Downloaded proc-macro-crate v3.2.0
  Downloaded sp-io v39.0.0
  Downloaded rand v0.8.5
  Downloaded parity-bip39 v2.0.1
  Downloaded nom v7.1.3
  Downloaded num-bigint v0.4.6
  Downloaded hashbrown v0.15.2
  Downloaded sp-runtime-interface v29.0.0
  Downloaded ss58-registry v1.51.0
  Downloaded parity-scale-codec-derive v3.7.4
  Downloaded bindgen v0.71.1
  Downloaded tiny-keccak v2.0.2
  Downloaded paste v1.0.15
  Downloaded sp-arithmetic v26.0.0
  Downloaded getrandom v0.2.15
  Downloaded zerocopy-derive v0.7.35
  Downloaded object v0.36.7
  Downloaded unicode-ident v1.0.17
  Downloaded tinyvec v1.8.1
  Downloaded smallvec v1.14.0
  Downloaded schnellru v0.2.4
  Downloaded libloading v0.8.9
  Downloaded tracing-core v0.1.33
  Downloaded parking_lot_core v0.9.10
  Downloaded ark-bls12-381 v0.4.0
  Downloaded tracing-attributes v0.1.28
  Downloaded group v0.13.0
  Downloaded toml v0.8.20
  Downloaded trie-db v0.27.1
  Downloaded sp-trie v38.0.0
  Downloaded serde_derive v1.0.218
  Downloaded regex-automata v0.4.9
  Downloaded miniz_oxide v0.8.5
  Downloaded trie-db v0.29.1
  Downloaded libsecp256k1 v0.7.1
  Downloaded sp-core v35.0.0
  Downloaded tracing v0.1.41
  Downloaded toml_edit v0.22.24
  Downloaded libc v0.2.169
  Downloaded itertools v0.10.5
  Downloaded itertools v0.11.0
  Downloaded hashbrown v0.14.5
  Downloaded futures-util v0.3.31
  Downloaded winnow v0.7.3
  Downloaded tracing-subscriber v0.3.20
  Downloaded serde_json v1.0.140
  Downloaded secp256k1 v0.28.2
  Downloaded regex v1.11.1
  Downloaded gimli v0.31.1
  Downloaded syn v2.0.98
  Downloaded syn v1.0.109
  Downloaded unicode-normalization v0.1.22
  Downloaded sparse-merkle-tree v0.6.1
  Downloaded regex-syntax v0.8.5
  Downloaded time v0.3.37
  Downloaded zerocopy v0.7.35
  Downloaded serde v1.0.218
  Downloaded sp-state-machine v0.44.0
  Downloaded sharded-slab v0.1.7
  Downloaded w3f-bls v0.1.8
  Downloaded typenum v1.18.0
  Downloaded curve25519-dalek v4.1.3
  Downloaded thiserror v1.0.69
  Downloaded bitvec v1.0.1
  Downloaded uint v0.10.0
  Downloaded slab v0.4.9
  Downloaded aho-corasick v1.1.3
  Downloaded time-macros v0.2.19
  Downloaded clap_builder v4.5.30
  Downloaded termcolor v1.4.1
  Downloaded static_assertions v1.1.0
  Downloaded sp-weights v31.0.0
  Downloaded shlex v1.3.0
  Downloaded sha2 v0.9.9
  Downloaded pbkdf2 v0.12.2
  Downloaded minimal-lexical v0.2.1
  Downloaded sp-runtime v40.1.0
  Downloaded sha3 v0.10.8
  Downloaded k256 v0.13.4
  Downloaded memchr v2.7.4
  Downloaded indexmap v2.7.1
  Downloaded sha2 v0.10.8
  Downloaded num-traits v0.2.19
  Downloaded rfc6979 v0.4.0
  Downloaded keccak v0.1.6
  Downloaded hashbrown v0.13.2
  Downloaded prettyplease v0.2.29
  Downloaded schnorrkel v0.11.4
  Downloaded sp-tracing v17.0.1
  Downloaded backtrace v0.3.74
  Downloaded glob v0.3.3
  Downloaded hmac v0.12.1
  Downloaded futures-executor v0.3.31
  Downloaded zeroize v1.8.1
  Downloaded twox-hash v1.6.3
  Downloaded spki v0.7.3
  Downloaded ed25519-dalek v2.1.1
  Downloaded derive_more-impl v1.0.0
  Downloaded crypto-bigint v0.5.5
  Downloaded const_format v0.2.34
  Downloaded wyz v0.5.1
  Downloaded walkdir v2.5.0
  Downloaded tracing-log v0.2.0
  Downloaded thiserror-impl v1.0.69
  Downloaded rand_core v0.6.4
  Downloaded toml_datetime v0.6.8
  Downloaded rustc-hex v2.1.0
  Downloaded parking_lot v0.12.3
  Downloaded rustc_version v0.4.1
  Downloaded hash256-std-hasher v0.15.2
  Downloaded pin-project-lite v0.2.16
  Downloaded zeroize_derive v1.4.2
  Downloaded trie-root v0.18.0
  Downloaded substrate-bip39 v0.6.0
  Downloaded bytes v1.11.1
  Downloaded num_cpus v1.16.0
  Downloaded password-hash v0.5.0
  Downloaded log v0.4.26
  Downloaded time-core v0.1.2
  Downloaded clap v4.5.30
  Downloaded base64 v0.13.1
  Downloaded anyhow v1.0.96
  Downloaded rustversion v1.0.19
  Downloaded secrecy v0.8.0
  Downloaded sp-storage v22.0.0
  Downloaded tuplex v0.1.2
  Downloaded sp-debug-derive v14.0.0
  Downloaded scale-info v2.11.6
  Downloaded env_logger v0.10.2
  Downloaded bs58 v0.5.1
  Downloaded blake2b_simd v1.0.3
  Downloaded same-file v1.0.6
  Downloaded rand_chacha v0.3.1
  Downloaded radium v0.7.0
  Downloaded serdect v0.2.0
  Downloaded serde_bytes v0.11.15
  Downloaded clap_derive v4.5.28
  Downloaded ed25519 v2.2.3
  Downloaded derivative v2.2.0
  Downloaded const-oid v0.9.6
  Downloaded bounded-collections v0.2.3
  Downloaded ark-poly v0.4.2
  Downloaded ark-bls12-377 v0.4.0
  Downloaded ahash v0.8.11
  Downloaded serde_spanned v0.6.8
  Downloaded addr2line v0.24.2
  Downloaded pin-utils v0.1.0
  Downloaded num-conv v0.1.0
  Downloaded nohash-hasher v0.2.0
  Downloaded sp-externalities v0.30.0
  Downloaded fs-err v2.11.0
  Downloaded ff v0.13.0
  Downloaded itoa v1.0.14
  Downloaded futures-task v0.3.31
  Downloaded ark-serialize-derive v0.4.2
  Downloaded futures-io v0.3.31
  Downloaded sp-keystore v0.41.0
  Downloaded either v1.13.0
  Downloaded derive-syn-parse v0.2.0
  Downloaded const_format_proc_macros v0.2.34
  Downloaded cexpr v0.6.0
  Downloaded base64ct v1.6.0
  Downloaded anstream v0.6.18
  Downloaded array-bytes v6.2.3
  Downloaded blake2b-rs v0.2.0
  Downloaded bitflags v1.3.2
  Downloaded ark-std v0.4.0
  Downloaded constant_time_eq v0.3.1
  Downloaded clap_lex v0.7.4
  Downloaded adler2 v2.0.0
  Downloaded ark-ff-asm v0.4.2
  Downloaded anstyle-query v1.1.2
  Downloaded anstyle v1.0.10
  Downloaded ark-serialize v0.4.2
  Downloaded cfg-if v1.0.0
  Downloaded file-guard v0.2.0
  Downloaded cty v0.2.2
  Downloaded crunchy v0.2.3
  Downloaded constcat v0.3.1
  Downloaded common-path v1.0.0
  Downloaded colorchoice v1.0.3
  Downloaded secp256k1-sys v0.9.2
   Compiling proc-macro2 v1.0.93
   Compiling unicode-ident v1.0.17
   Compiling version_check v0.9.5
   Compiling libc v0.2.169
   Compiling typenum v1.18.0
   Compiling cfg-if v1.0.0
   Compiling generic-array v0.14.7
   Compiling serde v1.0.218
   Compiling quote v1.0.38
   Compiling subtle v2.6.1
   Compiling byteorder v1.5.0
   Compiling syn v2.0.98
   Compiling getrandom v0.2.15
   Compiling autocfg v1.4.0
   Compiling rand_core v0.6.4
   Compiling const-oid v0.9.6
   Compiling equivalent v1.0.2
   Compiling hashbrown v0.15.2
   Compiling winnow v0.7.3
   Compiling arrayvec v0.7.6
   Compiling rustversion v1.0.19
   Compiling indexmap v2.7.1
   Compiling memchr v2.7.4
   Compiling unicode-xid v0.2.6
   Compiling parity-scale-codec v3.7.4
   Compiling const_format_proc_macros v0.2.34
   Compiling aho-corasick v1.1.3
   Compiling regex-syntax v0.8.5
   Compiling const_format v0.2.34
   Compiling byte-slice-cast v1.2.2
   Compiling shlex v1.3.0
   Compiling once_cell v1.20.3
   Compiling bytes v1.11.1
   Compiling log v0.4.26
   Compiling regex-automata v0.4.9
   Compiling serde_derive v1.0.218
   Compiling zeroize_derive v1.4.2
   Compiling zerocopy-derive v0.7.35
   Compiling zeroize v1.8.1
   Compiling zerocopy v0.7.35
   Compiling crypto-common v0.1.6
   Compiling block-buffer v0.10.4
   Compiling impl-trait-for-tuples v0.2.3
   Compiling digest v0.10.7
   Compiling regex v1.11.1
   Compiling ppv-lite86 v0.2.20
   Compiling cc v1.2.15
   Compiling crunchy v0.2.3
   Compiling rand_chacha v0.3.1
   Compiling rand v0.8.5
   Compiling semver v1.0.25
   Compiling prettyplease v0.2.29
   Compiling cpufeatures v0.2.17
   Compiling smallvec v1.14.0
   Compiling static_assertions v1.1.0
   Compiling num-traits v0.2.19
   Compiling ahash v0.8.11
   Compiling toml_datetime v0.6.8
   Compiling serde_spanned v0.6.8
   Compiling toml_edit v0.22.24
   Compiling rustc_version v0.4.1
   Compiling derive_more-impl v1.0.0
   Compiling hash-db v0.16.0
   Compiling pin-project-lite v0.2.16
   Compiling itoa v1.0.14
   Compiling proc-macro-crate v3.2.0
   Compiling parity-scale-codec-derive v3.7.4
   Compiling scale-info-derive v2.11.6
   Compiling derive_more v1.0.0
   Compiling curve25519-dalek v4.1.3
   Compiling sha2 v0.10.8
   Compiling der v0.7.9
   Compiling digest v0.9.0
   Compiling rustc-hex v2.1.0
   Compiling lazy_static v1.5.0
   Compiling Inflector v0.11.4
   Compiling libsecp256k1-core v0.3.0
   Compiling integer-sqrt v0.1.5
   Compiling scale-info v2.11.6
   Compiling signature v2.2.0
   Compiling curve25519-dalek-derive v0.1.1
   Compiling tracing-core v0.1.33
   Compiling slab v0.4.9
   Compiling fs-err v2.11.0
   Compiling powerfmt v0.2.0
   Compiling serde_json v1.0.140
   Compiling base16ct v0.2.0
   Compiling ref-cast v1.0.23
   Compiling keccak v0.1.6
   Compiling hex v0.4.3
   Compiling arrayref v0.3.9
   Compiling serdect v0.2.0
   Compiling deranged v0.3.11
   Compiling spki v0.7.3
   Compiling impl-serde v0.5.0
   Compiling hmac v0.12.1
   Compiling tracing-attributes v0.1.28
   Compiling sp-debug-derive v14.0.0
   Compiling ref-cast-impl v1.0.23
   Compiling ff v0.13.0
   Compiling ryu v1.0.19
   Compiling expander v2.2.1
   Compiling time-core v0.1.2
   Compiling futures-sink v0.3.31
   Compiling num-conv v0.1.0
   Compiling futures-core v0.3.31
   Compiling bitcoin-internals v0.2.0
   Compiling time v0.3.37
   Compiling futures-channel v0.3.31
   Compiling tracing v0.1.41
   Compiling sharded-slab v0.1.7
   Compiling group v0.13.0
   Compiling pkcs8 v0.10.2
   Compiling blake2 v0.10.6
   Compiling sec1 v0.7.3
   Compiling uint v0.10.0
   Compiling tracing-log v0.2.0
   Compiling libsecp256k1-gen-genmult v0.3.0
   Compiling libsecp256k1-gen-ecmult v0.3.0
   Compiling matchers v0.2.0
   Compiling file-guard v0.2.0
   Compiling secp256k1-sys v0.9.2
   Compiling crypto-mac v0.8.0
   Compiling crypto-bigint v0.5.5
   Compiling futures-macro v0.3.31
   Compiling thread_local v1.1.8
   Compiling lock_api v0.4.12
   Compiling nu-ansi-term v0.50.3
   Compiling futures-task v0.3.31
   Compiling parking_lot_core v0.9.10
   Compiling pin-utils v0.1.0
   Compiling cfg-if v0.1.10
   Compiling futures-io v0.3.31
   Compiling sp-std v14.0.0
   Compiling paste v1.0.15
   Compiling base64ct v1.6.0
   Compiling tinyvec_macros v0.1.1
   Compiling tinyvec v1.8.1
   Compiling password-hash v0.5.0
   Compiling elliptic-curve v0.13.8
   Compiling futures-util v0.3.31
   Compiling tracing-subscriber v0.3.20
   Compiling hmac v0.8.1
   Compiling libsecp256k1 v0.7.1
   Compiling impl-num-traits v0.2.0
   Compiling sp-storage v22.0.0
   Compiling ss58-registry v1.51.0
   Compiling rfc6979 v0.4.0
   Compiling merlin v3.0.0
   Compiling ed25519 v2.2.3
   Compiling fixed-hash v0.8.0
   Compiling impl-codec v0.7.1
   Compiling serde_bytes v0.11.15
   Compiling getrandom_or_panic v0.0.3
   Compiling hash256-std-hasher v0.15.2
   Compiling block-buffer v0.9.0
   Compiling num_cpus v1.16.0
   Compiling hex-conservative v0.1.2
   Compiling scopeguard v1.2.0
   Compiling allocator-api2 v0.2.21
   Compiling opaque-debug v0.3.1
   Compiling environmental v1.1.4
   Compiling thiserror v1.0.69
   Compiling constant_time_eq v0.3.1
   Compiling blake2b_simd v1.0.3
   Compiling hashbrown v0.14.5
   Compiling sp-externalities v0.30.0
   Compiling sha2 v0.9.9
   Compiling bitcoin_hashes v0.13.0
   Compiling futures-executor v0.3.31
   Compiling schnorrkel v0.11.4
   Compiling primitive-types v0.13.1
   Compiling ecdsa v0.16.9
   Compiling sp-tracing v17.0.1
   Compiling sp-runtime-interface-proc-macro v18.0.0
   Compiling hmac-drbg v0.3.0
   Compiling unicode-normalization v0.1.22
   Compiling pbkdf2 v0.12.2
   Compiling twox-hash v1.6.3
   Compiling sha3 v0.10.8
   Compiling bounded-collections v0.2.3
   Compiling hashbrown v0.13.2
   Compiling sp-wasm-interface v21.0.1
   Compiling num-format v0.4.4
   Compiling dyn-clonable-impl v0.9.2
   Compiling thiserror-impl v1.0.69
   Compiling dyn-clone v1.0.18
   Compiling array-bytes v6.2.3
   Compiling object v0.36.7
   Compiling same-file v1.0.6
   Compiling base64 v0.13.1
   Compiling either v1.13.0
   Compiling walkdir v2.5.0
   Compiling itertools v0.11.0
   Compiling dyn-clonable v0.9.2
   Compiling sp-runtime-interface v29.0.0
   Compiling sp-crypto-hashing v0.1.0
   Compiling parity-bip39 v2.0.1
   Compiling substrate-bip39 v0.6.0
   Compiling parking_lot v0.12.3
   Compiling k256 v0.13.4
   Compiling futures v0.3.31
   Compiling secp256k1 v0.28.2
   Compiling ed25519-zebra v4.0.3
   Compiling toml v0.8.20
   Compiling secrecy v0.8.0
   Compiling derive-syn-parse v0.2.0
   Compiling gimli v0.31.1
   Compiling glob v0.3.3
   Compiling bs58 v0.5.1
   Compiling bitflags v1.3.2
   Compiling termcolor v1.4.1
   Compiling adler2 v2.0.0
   Compiling common-path v1.0.0
   Compiling miniz_oxide v0.8.5
   Compiling docify_macros v0.2.9
   Compiling sp-core v35.0.0
   Compiling clang-sys v1.8.1
   Compiling addr2line v0.24.2
   Compiling trie-root v0.18.0
   Compiling rustc-demangle v0.1.24
   Compiling docify v0.2.9
   Compiling schnellru v0.2.4
   Compiling trie-db v0.29.1
   Compiling memory-db v0.32.0
   Compiling minimal-lexical v0.2.1
   Compiling nohash-hasher v0.2.0
   Compiling libloading v0.8.9
   Compiling nom v7.1.3
   Compiling backtrace v0.3.74
   Compiling sp-trie v38.0.0
   Compiling sp-panic-handler v13.0.1
   Compiling sp-io v39.0.0
   Compiling bindgen v0.71.1
   Compiling tiny-keccak v2.0.2
   Compiling utf8parse v0.2.2
   Compiling anstyle-parse v0.2.6
   Compiling sp-state-machine v0.44.0
   Compiling cexpr v0.6.0
   Compiling sp-keystore v0.41.0
   Compiling ed25519-dalek v2.1.1
   Compiling blake2b-rs v0.2.0
   Compiling anstyle v1.0.10
   Compiling is_terminal_polyfill v1.70.1
   Compiling colorchoice v1.0.3
   Compiling anstyle-query v1.1.2
   Compiling rustc-hash v2.1.1
   Compiling bitflags v2.8.0
   Compiling anstream v0.6.18
   Compiling sp-arithmetic v26.0.0
   Compiling sparse-merkle-tree v0.6.1
   Compiling clap_lex v0.7.4
   Compiling cty v0.2.2
   Compiling strsim v0.11.1
   Compiling heck v0.5.0
   Compiling clap_derive v4.5.28
   Compiling clap_builder v4.5.30
   Compiling zksbom-verifier v0.1.0 (/work)
   Compiling sp-application-crypto v39.0.0
   Compiling sp-weights v31.0.0
   Compiling keccak-hasher v0.16.0
   Compiling binary-merkle-tree v16.0.0
   Compiling trie-db v0.27.1
   Compiling is-terminal v0.4.15
   Compiling humantime v2.1.0
   Compiling tuplex v0.1.2
   Compiling simple-mermaid v0.1.1
   Compiling reference-trie v0.29.1
   Compiling sp-runtime v40.1.0
   Compiling env_logger v0.10.2
   Compiling clap v4.5.30
    Finished `release` profile [optimized] target(s) in 2m 12s
85e540929f1b56a119c35a73e4c7dd62789b7ee4d91be00bb99299d138ddc008  target/release/zksbom-verifier
