#0 building with "desktop-linux" instance using docker driver

#1 [internal] load build definition from Dockerfile
#1 transferring dockerfile: 440B 0.0s done
#1 DONE 0.1s

#2 [internal] load metadata for docker.io/library/zkp-zksbom-native:v0
#2 DONE 0.1s

#3 [internal] load metadata for docker.io/library/zkp-trustbom-audit:local
#3 DONE 0.1s

#4 [internal] load .dockerignore
#4 transferring context: 2B done
#4 DONE 0.1s

#5 FROM docker.io/library/zkp-trustbom-audit:local@sha256:140bdd65ade4d82dc3038021f41b5bb17564f0395e10f94b8493008772ae7eca
#5 resolve docker.io/library/zkp-trustbom-audit:local@sha256:140bdd65ade4d82dc3038021f41b5bb17564f0395e10f94b8493008772ae7eca 0.1s done
#5 CACHED

#6 [stage-0 1/4] FROM docker.io/library/zkp-zksbom-native:v0@sha256:0a2bb8dae325e682bb307790f9e906aed096a934904395430618f5bda1d9efbd
#6 resolve docker.io/library/zkp-zksbom-native:v0@sha256:0a2bb8dae325e682bb307790f9e906aed096a934904395430618f5bda1d9efbd 0.1s done
#6 DONE 0.1s

#7 [stage-0 2/4] COPY --from=zkp-trustbom-audit:local /usr/local/rustup /usr/local/rustup
#7 DONE 1.1s

#8 [stage-0 3/4] COPY --from=zkp-trustbom-audit:local /usr/local/cargo /usr/local/cargo
#8 DONE 0.2s

#9 [stage-0 4/4] RUN apt-get update && DEBIAN_FRONTEND=noninteractive apt-get install -y --no-install-recommends libclang-dev pkg-config ca-certificates
#9 0.598 Hit:1 http://security.ubuntu.com/ubuntu noble-security InRelease
#9 0.727 Hit:2 http://archive.ubuntu.com/ubuntu noble InRelease
#9 0.773 Hit:3 http://archive.ubuntu.com/ubuntu noble-updates InRelease
#9 0.822 Hit:4 http://archive.ubuntu.com/ubuntu noble-backports InRelease
#9 0.957 Reading package lists...
#9 2.030 Reading package lists...
#9 2.996 Building dependency tree...
#9 3.159 Reading state information...
#9 3.428 The following additional packages will be installed:
#9 3.428   libbsd0 libclang-18-dev libclang-common-18-dev libclang1-18 libedit2 libgc1
#9 3.429   libllvm18 libobjc-13-dev libobjc4 libpkgconf3 openssl pkgconf pkgconf-bin
#9 3.430 Recommended packages:
#9 3.430   libclang-rt-18-dev
#9 3.503 The following NEW packages will be installed:
#9 3.504   ca-certificates libbsd0 libclang-18-dev libclang-common-18-dev libclang-dev
#9 3.505   libclang1-18 libedit2 libgc1 libllvm18 libobjc-13-dev libobjc4 libpkgconf3
#9 3.505   openssl pkg-config pkgconf pkgconf-bin
#9 3.639 0 upgraded, 16 newly installed, 0 to remove and 2 not upgraded.
#9 3.639 Need to get 66.5 MB of archives.
#9 3.639 After this operation, 469 MB of additional disk space will be used.
#9 3.639 Get:1 http://archive.ubuntu.com/ubuntu noble-updates/main amd64 openssl amd64 3.0.13-0ubuntu3.16 [1004 kB]
#9 4.046 Get:2 http://archive.ubuntu.com/ubuntu noble-updates/main amd64 ca-certificates all 20260601~24.04.1 [139 kB]
#9 4.067 Get:3 http://archive.ubuntu.com/ubuntu noble-updates/main amd64 libbsd0 amd64 0.12.1-1build1.1 [41.2 kB]
#9 4.068 Get:4 http://archive.ubuntu.com/ubuntu noble/main amd64 libedit2 amd64 3.1-20230828-1build1 [97.6 kB]
#9 4.091 Get:5 http://archive.ubuntu.com/ubuntu noble/main amd64 libgc1 amd64 1:8.2.6-1build1 [90.3 kB]
#9 4.096 Get:6 http://archive.ubuntu.com/ubuntu noble-updates/universe amd64 libobjc4 amd64 14.2.0-4ubuntu2~24.04.1 [47.1 kB]
#9 4.098 Get:7 http://archive.ubuntu.com/ubuntu noble-updates/universe amd64 libobjc-13-dev amd64 13.3.0-6ubuntu2~24.04.1 [194 kB]
#9 4.107 Get:8 http://archive.ubuntu.com/ubuntu noble-updates/main amd64 libllvm18 amd64 1:18.1.3-1ubuntu1 [27.5 MB]
#9 6.353 Get:9 http://archive.ubuntu.com/ubuntu noble-updates/main amd64 libclang1-18 amd64 1:18.1.3-1ubuntu1 [7803 kB]
#9 7.102 Get:10 http://archive.ubuntu.com/ubuntu noble-updates/universe amd64 libclang-common-18-dev amd64 1:18.1.3-1ubuntu1 [736 kB]
#9 7.160 Get:11 http://archive.ubuntu.com/ubuntu noble-updates/universe amd64 libclang-18-dev amd64 1:18.1.3-1ubuntu1 [28.8 MB]
#9 9.201 Get:12 http://archive.ubuntu.com/ubuntu noble/universe amd64 libclang-dev amd64 1:18.0-59~exp2 [5424 B]
#9 9.201 Get:13 http://archive.ubuntu.com/ubuntu noble/main amd64 libpkgconf3 amd64 1.8.1-2build1 [30.7 kB]
#9 9.202 Get:14 http://archive.ubuntu.com/ubuntu noble/main amd64 pkgconf-bin amd64 1.8.1-2build1 [20.7 kB]
#9 9.202 Get:15 http://archive.ubuntu.com/ubuntu noble/main amd64 pkgconf amd64 1.8.1-2build1 [16.8 kB]
#9 9.203 Get:16 http://archive.ubuntu.com/ubuntu noble/main amd64 pkg-config amd64 1.8.1-2build1 [7264 B]
#9 9.349 debconf: delaying package configuration, since apt-utils is not installed
#9 9.387 Fetched 66.5 MB in 6s (11.7 MB/s)
#9 9.431 Selecting previously unselected package openssl.
#9 9.431 (Reading database ... 
(Reading database ... 5%
(Reading database ... 10%
(Reading database ... 15%
(Reading database ... 20%
(Reading database ... 25%
(Reading database ... 30%
(Reading database ... 35%
(Reading database ... 40%
(Reading database ... 45%
(Reading database ... 50%
(Reading database ... 55%
(Reading database ... 60%
(Reading database ... 65%
(Reading database ... 70%
(Reading database ... 75%
(Reading database ... 80%
(Reading database ... 85%
(Reading database ... 90%
(Reading database ... 95%
(Reading database ... 100%
(Reading database ... 17045 files and directories currently installed.)
#9 9.445 Preparing to unpack .../00-openssl_3.0.13-0ubuntu3.16_amd64.deb ...
#9 9.455 Unpacking openssl (3.0.13-0ubuntu3.16) ...
#9 9.568 Selecting previously unselected package ca-certificates.
#9 9.569 Preparing to unpack .../01-ca-certificates_20260601~24.04.1_all.deb ...
#9 9.579 Unpacking ca-certificates (20260601~24.04.1) ...
#9 9.694 Selecting previously unselected package libbsd0:amd64.
#9 9.695 Preparing to unpack .../02-libbsd0_0.12.1-1build1.1_amd64.deb ...
#9 9.714 Unpacking libbsd0:amd64 (0.12.1-1build1.1) ...
#9 9.793 Selecting previously unselected package libedit2:amd64.
#9 9.794 Preparing to unpack .../03-libedit2_3.1-20230828-1build1_amd64.deb ...
#9 9.804 Unpacking libedit2:amd64 (3.1-20230828-1build1) ...
#9 9.883 Selecting previously unselected package libgc1:amd64.
#9 9.884 Preparing to unpack .../04-libgc1_1%3a8.2.6-1build1_amd64.deb ...
#9 9.894 Unpacking libgc1:amd64 (1:8.2.6-1build1) ...
#9 9.967 Selecting previously unselected package libobjc4:amd64.
#9 9.968 Preparing to unpack .../05-libobjc4_14.2.0-4ubuntu2~24.04.1_amd64.deb ...
#9 9.978 Unpacking libobjc4:amd64 (14.2.0-4ubuntu2~24.04.1) ...
#9 10.04 Selecting previously unselected package libobjc-13-dev:amd64.
#9 10.04 Preparing to unpack .../06-libobjc-13-dev_13.3.0-6ubuntu2~24.04.1_amd64.deb ...
#9 10.05 Unpacking libobjc-13-dev:amd64 (13.3.0-6ubuntu2~24.04.1) ...
#9 10.13 Selecting previously unselected package libllvm18:amd64.
#9 10.13 Preparing to unpack .../07-libllvm18_1%3a18.1.3-1ubuntu1_amd64.deb ...
#9 10.14 Unpacking libllvm18:amd64 (1:18.1.3-1ubuntu1) ...
#9 10.90 Selecting previously unselected package libclang1-18.
#9 10.90 Preparing to unpack .../08-libclang1-18_1%3a18.1.3-1ubuntu1_amd64.deb ...
#9 10.92 Unpacking libclang1-18 (1:18.1.3-1ubuntu1) ...
#9 11.17 Selecting previously unselected package libclang-common-18-dev:amd64.
#9 11.17 Preparing to unpack .../09-libclang-common-18-dev_1%3a18.1.3-1ubuntu1_amd64.deb ...
#9 11.18 Unpacking libclang-common-18-dev:amd64 (1:18.1.3-1ubuntu1) ...
#9 11.37 Selecting previously unselected package libclang-18-dev.
#9 11.37 Preparing to unpack .../10-libclang-18-dev_1%3a18.1.3-1ubuntu1_amd64.deb ...
#9 11.38 Unpacking libclang-18-dev (1:18.1.3-1ubuntu1) ...
#9 12.91 Selecting previously unselected package libclang-dev.
#9 12.91 Preparing to unpack .../11-libclang-dev_1%3a18.0-59~exp2_amd64.deb ...
#9 12.92 Unpacking libclang-dev (1:18.0-59~exp2) ...
#9 13.00 Selecting previously unselected package libpkgconf3:amd64.
#9 13.00 Preparing to unpack .../12-libpkgconf3_1.8.1-2build1_amd64.deb ...
#9 13.01 Unpacking libpkgconf3:amd64 (1.8.1-2build1) ...
#9 13.07 Selecting previously unselected package pkgconf-bin.
#9 13.07 Preparing to unpack .../13-pkgconf-bin_1.8.1-2build1_amd64.deb ...
#9 13.08 Unpacking pkgconf-bin (1.8.1-2build1) ...
#9 13.15 Selecting previously unselected package pkgconf:amd64.
#9 13.15 Preparing to unpack .../14-pkgconf_1.8.1-2build1_amd64.deb ...
#9 13.17 Unpacking pkgconf:amd64 (1.8.1-2build1) ...
#9 13.23 Selecting previously unselected package pkg-config:amd64.
#9 13.23 Preparing to unpack .../15-pkg-config_1.8.1-2build1_amd64.deb ...
#9 13.25 Unpacking pkg-config:amd64 (1.8.1-2build1) ...
#9 13.32 Setting up libpkgconf3:amd64 (1.8.1-2build1) ...
#9 13.35 Setting up pkgconf-bin (1.8.1-2build1) ...
#9 13.38 Setting up libclang-common-18-dev:amd64 (1:18.1.3-1ubuntu1) ...
#9 13.41 Setting up libgc1:amd64 (1:8.2.6-1build1) ...
#9 13.44 Setting up openssl (3.0.13-0ubuntu3.16) ...
#9 13.49 Setting up libbsd0:amd64 (0.12.1-1build1.1) ...
#9 13.52 Setting up libedit2:amd64 (3.1-20230828-1build1) ...
#9 13.55 Setting up libobjc4:amd64 (14.2.0-4ubuntu2~24.04.1) ...
#9 13.58 Setting up pkgconf:amd64 (1.8.1-2build1) ...
#9 13.61 Setting up ca-certificates (20260601~24.04.1) ...
#9 14.15 Updating certificates in /etc/ssl/certs...
#9 14.85 121 added, 0 removed; done.
#9 14.91 Setting up pkg-config:amd64 (1.8.1-2build1) ...
#9 14.94 Setting up libobjc-13-dev:amd64 (13.3.0-6ubuntu2~24.04.1) ...
#9 14.97 Setting up libllvm18:amd64 (1:18.1.3-1ubuntu1) ...
#9 15.00 Setting up libclang1-18 (1:18.1.3-1ubuntu1) ...
#9 15.04 Setting up libclang-18-dev (1:18.1.3-1ubuntu1) ...
#9 15.07 Setting up libclang-dev (1:18.0-59~exp2) ...
#9 15.10 Processing triggers for libc-bin (2.39-0ubuntu8.9) ...
#9 15.14 Processing triggers for ca-certificates (20260601~24.04.1) ...
#9 15.15 Updating certificates in /etc/ssl/certs...
#9 15.84 0 added, 0 removed; done.
#9 15.84 Running hooks in /etc/ca-certificates/update.d...
#9 15.84 done.
#9 DONE 16.1s

#10 exporting to image
#10 exporting layers
#10 exporting layers 23.8s done
#10 exporting manifest sha256:5e5a8fb368f1e4a063bd2eb734ee2c74696ce4277540536c4e08b1b22cb63761 0.0s done
#10 exporting config sha256:c5d674129a71a2b06d8c314284f61922a9dac5311a3fb17aeb4fc5c5bee1faca 0.0s done
#10 exporting attestation manifest sha256:46bb40ef1f6687807914c13c7296963990b0a93003fb3be95b3994dac4d6d379
#10 exporting attestation manifest sha256:46bb40ef1f6687807914c13c7296963990b0a93003fb3be95b3994dac4d6d379 0.0s done
#10 exporting manifest list sha256:e2e8b758f7f5567b7e5dd3557a4d66ef1a57d06fce725d9e04b83428392e431a 0.0s done
#10 naming to docker.io/library/zkp-zksbom-cli:v0 done
#10 unpacking to docker.io/library/zkp-zksbom-cli:v0
#10 unpacking to docker.io/library/zkp-zksbom-cli:v0 6.4s done
#10 DONE 30.4s

View build details: docker-desktop://dashboard/build/desktop-linux/desktop-linux/1dmeor5e0l4asdfxsuc10x9xm
