#0 building with "desktop-linux" instance using docker driver

#1 [internal] load build definition from Dockerfile
#1 transferring dockerfile: 278B 0.0s done
#1 DONE 0.1s

#2 [internal] load metadata for docker.io/library/zkp-verisbom-audit:ubuntu
#2 DONE 0.1s

#3 [internal] load .dockerignore
#3 transferring context: 2B done
#3 DONE 0.1s

#4 [1/2] FROM docker.io/library/zkp-verisbom-audit:ubuntu@sha256:9049274e186c7749190fb63840a0c0ca4bac6725d888eb02ff19bd32aee8dc48
#4 resolve docker.io/library/zkp-verisbom-audit:ubuntu@sha256:9049274e186c7749190fb63840a0c0ca4bac6725d888eb02ff19bd32aee8dc48 0.1s done
#4 DONE 0.1s

#4 [1/2] FROM docker.io/library/zkp-verisbom-audit:ubuntu@sha256:9049274e186c7749190fb63840a0c0ca4bac6725d888eb02ff19bd32aee8dc48
#4 DONE 0.1s

#5 [2/2] RUN apt-get update && DEBIAN_FRONTEND=noninteractive apt-get install -y --no-install-recommends build-essential cmake libmsgsl-dev libflatbuffers-dev flatbuffers-compiler libpoco-dev libssl-dev libgtest-dev
#5 0.767 Get:1 http://security.ubuntu.com/ubuntu noble-security InRelease [126 kB]
#5 0.966 Get:2 http://archive.ubuntu.com/ubuntu noble InRelease [256 kB]
#5 1.364 Get:3 http://security.ubuntu.com/ubuntu noble-security/main amd64 Packages [1323 kB]
#5 1.695 Get:4 http://archive.ubuntu.com/ubuntu noble-updates InRelease [126 kB]
#5 1.878 Get:5 http://archive.ubuntu.com/ubuntu noble-backports InRelease [126 kB]
#5 1.970 Get:6 http://security.ubuntu.com/ubuntu noble-security/universe amd64 Packages [1545 kB]
#5 2.069 Get:7 http://archive.ubuntu.com/ubuntu noble/main amd64 Packages [1808 kB]
#5 2.231 Get:8 http://security.ubuntu.com/ubuntu noble-security/restricted amd64 Packages [1943 kB]
#5 2.411 Get:9 http://security.ubuntu.com/ubuntu noble-security/multiverse amd64 Packages [50.0 kB]
#5 2.888 Get:10 http://archive.ubuntu.com/ubuntu noble/restricted amd64 Packages [117 kB]
#5 2.906 Get:11 http://archive.ubuntu.com/ubuntu noble/multiverse amd64 Packages [331 kB]
#5 2.937 Get:12 http://archive.ubuntu.com/ubuntu noble/universe amd64 Packages [19.3 MB]
#5 4.404 Get:13 http://archive.ubuntu.com/ubuntu noble-updates/universe amd64 Packages [2165 kB]
#5 4.610 Get:14 http://archive.ubuntu.com/ubuntu noble-updates/restricted amd64 Packages [2177 kB]
#5 4.811 Get:15 http://archive.ubuntu.com/ubuntu noble-updates/multiverse amd64 Packages [67.4 kB]
#5 4.818 Get:16 http://archive.ubuntu.com/ubuntu noble-updates/main amd64 Packages [1701 kB]
#5 5.110 Get:17 http://archive.ubuntu.com/ubuntu noble-backports/main amd64 Packages [49.0 kB]
#5 5.112 Get:18 http://archive.ubuntu.com/ubuntu noble-backports/universe amd64 Packages [36.0 kB]
#5 5.113 Get:19 http://archive.ubuntu.com/ubuntu noble-backports/multiverse amd64 Packages [671 B]
#5 5.641 Fetched 33.3 MB in 5s (6432 kB/s)
#5 5.641 Reading package lists...
#5 6.454 Reading package lists...
#5 7.294 Building dependency tree...
#5 7.514 Reading state information...
#5 7.764 The following additional packages will be installed:
#5 7.764   binutils binutils-common binutils-x86-64-linux-gnu bzip2 cmake-data cpp
#5 7.764   cpp-13 cpp-13-x86-64-linux-gnu cpp-x86-64-linux-gnu
#5 7.764   default-libmysqlclient-dev dpkg-dev flatbuffers-compiler-dev g++ g++-13
#5 7.764   g++-13-x86-64-linux-gnu g++-x86-64-linux-gnu gcc gcc-13 gcc-13-base
#5 7.764   gcc-13-x86-64-linux-gnu gcc-x86-64-linux-gnu googletest libarchive13t64
#5 7.764   libasan8 libatomic1 libbinutils libbrotli1 libc-dev-bin libc6-dev libcc1-0
#5 7.764   libcrypt-dev libctf-nobfd0 libctf0 libcurl4t64 libdpkg-perl libexpat1-dev
#5 7.764   libflatbuffers2 libgcc-13-dev libgdbm-compat4t64 libgdbm6t64 libgomp1
#5 7.764   libgprofng0 libgssapi-krb5-2 libhwasan0 libicu74 libisl23 libitm1
#5 7.764   libjansson4 libjsoncpp25 libk5crypto3 libkeyutils1 libkrb5-3 libkrb5support0
#5 7.764   libldap2 liblsan0 libltdl7 libmpc3 libmpfr6 libmysqlclient-dev
#5 7.764   libmysqlclient21 libnghttp2-14 libodbc2 libpcre16-3 libpcre3 libpcre3-dev
#5 7.764   libpcre32-3 libpcrecpp0v5 libperl5.38t64 libpocoactiverecord80t64
#5 7.764   libpococrypto80t64 libpocodata80t64 libpocodatamysql80t64
#5 7.764   libpocodataodbc80t64 libpocodatapostgresql80t64 libpocodatasqlite80t64
#5 7.764   libpocoencodings80t64 libpocofoundation80t64 libpocojson80t64
#5 7.764   libpocojwt80t64 libpocomongodb80t64 libpoconet80t64 libpoconetssl80t64
#5 7.764   libpocoredis80t64 libpocoutil80t64 libpocoxml80t64 libpocozip80t64 libpq5
#5 7.765   libpsl5t64 libquadmath0 librhash0 librtmp1 libsasl2-2 libsasl2-modules-db
#5 7.765   libsframe1 libsqlite3-dev libssh-4 libssl3t64 libstdc++-13-dev libtsan2
#5 7.766   libubsan1 libuv1t64 libxml2 libzstd-dev linux-libc-dev lto-disabled-list
#5 7.767   make mysql-common patch perl perl-modules-5.38 rpcsvc-proto xz-utils
#5 7.767   zlib1g-dev
#5 7.770 Suggested packages:
#5 7.770   binutils-doc gprofng-gui bzip2-doc cmake-doc cmake-format elpa-cmake-mode
#5 7.770   ninja-build cpp-doc gcc-13-locales cpp-13-doc debian-keyring g++-multilib
#5 7.770   g++-13-multilib gcc-13-doc gcc-multilib manpages-dev autoconf automake
#5 7.770   libtool flex bison gdb gcc-doc gcc-13-multilib gdb-x86-64-linux-gnu lrzip
#5 7.770   glibc-doc gnupg | sq | sqop | pgpainless-cli | sequoia-chameleon-gnupg git
#5 7.770   bzr gdbm-l10n krb5-doc krb5-user odbc-postgresql tdsodbc sqlite3-doc
#5 7.770   libssl-doc libstdc++-13-doc make-doc ed diffutils-doc perl-doc
#5 7.770   libterm-readline-gnu-perl | libterm-readline-perl-perl
#5 7.770   libtap-harness-archive-perl
#5 7.770 Recommended packages:
#5 7.770   fakeroot gnupg | sq | sqop | pgpainless-cli | sequoia-chameleon-gnupg
#5 7.770   libalgorithm-merge-perl manpages manpages-dev libc-devtools ca-certificates
#5 7.770   libfile-fcntllock-perl liblocale-gettext-perl krb5-locales libldap-common
#5 7.770   publicsuffix libsasl2-modules
#5 7.948 The following NEW packages will be installed:
#5 7.948   binutils binutils-common binutils-x86-64-linux-gnu build-essential bzip2
#5 7.948   cmake cmake-data cpp cpp-13 cpp-13-x86-64-linux-gnu cpp-x86-64-linux-gnu
#5 7.948   default-libmysqlclient-dev dpkg-dev flatbuffers-compiler
#5 7.948   flatbuffers-compiler-dev g++ g++-13 g++-13-x86-64-linux-gnu
#5 7.948   g++-x86-64-linux-gnu gcc gcc-13 gcc-13-base gcc-13-x86-64-linux-gnu
#5 7.948   gcc-x86-64-linux-gnu googletest libarchive13t64 libasan8 libatomic1
#5 7.948   libbinutils libbrotli1 libc-dev-bin libc6-dev libcc1-0 libcrypt-dev
#5 7.948   libctf-nobfd0 libctf0 libcurl4t64 libdpkg-perl libexpat1-dev
#5 7.948   libflatbuffers-dev libflatbuffers2 libgcc-13-dev libgdbm-compat4t64
#5 7.948   libgdbm6t64 libgomp1 libgprofng0 libgssapi-krb5-2 libgtest-dev libhwasan0
#5 7.948   libicu74 libisl23 libitm1 libjansson4 libjsoncpp25 libk5crypto3 libkeyutils1
#5 7.948   libkrb5-3 libkrb5support0 libldap2 liblsan0 libltdl7 libmpc3 libmpfr6
#5 7.948   libmsgsl-dev libmysqlclient-dev libmysqlclient21 libnghttp2-14 libodbc2
#5 7.948   libpcre16-3 libpcre3 libpcre3-dev libpcre32-3 libpcrecpp0v5 libperl5.38t64
#5 7.948   libpoco-dev libpocoactiverecord80t64 libpococrypto80t64 libpocodata80t64
#5 7.948   libpocodatamysql80t64 libpocodataodbc80t64 libpocodatapostgresql80t64
#5 7.948   libpocodatasqlite80t64 libpocoencodings80t64 libpocofoundation80t64
#5 7.948   libpocojson80t64 libpocojwt80t64 libpocomongodb80t64 libpoconet80t64
#5 7.948   libpoconetssl80t64 libpocoredis80t64 libpocoutil80t64 libpocoxml80t64
#5 7.948   libpocozip80t64 libpq5 libpsl5t64 libquadmath0 librhash0 librtmp1 libsasl2-2
#5 7.948   libsasl2-modules-db libsframe1 libsqlite3-dev libssh-4 libssl-dev
#5 7.948   libstdc++-13-dev libtsan2 libubsan1 libuv1t64 libxml2 libzstd-dev
#5 7.948   linux-libc-dev lto-disabled-list make mysql-common patch perl
#5 7.949   perl-modules-5.38 rpcsvc-proto xz-utils zlib1g-dev
#5 7.951 The following packages will be upgraded:
#5 7.952   libssl3t64
#5 8.262 1 upgraded, 120 newly installed, 0 to remove and 2 not upgraded.
#5 8.262 Need to get 124 MB of archives.
#5 8.262 After this operation, 465 MB of additional disk space will be used.
#5 8.262 Get:1 http://archive.ubuntu.com/ubuntu noble-updates/main amd64 perl-modules-5.38 all 5.38.2-3.2ubuntu0.6 [3110 kB]
#5 9.906 Get:2 http://archive.ubuntu.com/ubuntu noble/main amd64 libgdbm6t64 amd64 1.23-5.1build1 [34.4 kB]
#5 9.908 Get:3 http://archive.ubuntu.com/ubuntu noble/main amd64 libgdbm-compat4t64 amd64 1.23-5.1build1 [6710 B]
#5 9.908 Get:4 http://archive.ubuntu.com/ubuntu noble-updates/main amd64 libperl5.38t64 amd64 5.38.2-3.2ubuntu0.6 [4864 kB]
#5 10.31 Get:5 http://archive.ubuntu.com/ubuntu noble-updates/main amd64 perl amd64 5.38.2-3.2ubuntu0.6 [231 kB]
#5 10.33 Get:6 http://archive.ubuntu.com/ubuntu noble-updates/main amd64 libssl3t64 amd64 3.0.13-0ubuntu3.16 [1945 kB]
#5 10.53 Get:7 http://archive.ubuntu.com/ubuntu noble-updates/main amd64 libkrb5support0 amd64 1.20.1-6ubuntu2.10 [34.9 kB]
#5 10.53 Get:8 http://archive.ubuntu.com/ubuntu noble-updates/main amd64 libk5crypto3 amd64 1.20.1-6ubuntu2.10 [81.9 kB]
#5 10.54 Get:9 http://archive.ubuntu.com/ubuntu noble/main amd64 libkeyutils1 amd64 1.6.3-3build1 [9490 B]
#5 10.54 Get:10 http://archive.ubuntu.com/ubuntu noble-updates/main amd64 libkrb5-3 amd64 1.20.1-6ubuntu2.10 [348 kB]
#5 10.59 Get:11 http://archive.ubuntu.com/ubuntu noble-updates/main amd64 libgssapi-krb5-2 amd64 1.20.1-6ubuntu2.10 [143 kB]
#5 10.60 Get:12 http://archive.ubuntu.com/ubuntu noble-updates/main amd64 libicu74 amd64 74.2-1ubuntu3.1 [10.9 MB]
#5 11.87 Get:13 http://archive.ubuntu.com/ubuntu noble-updates/main amd64 libxml2 amd64 2.9.14+dfsg-1.3ubuntu3.9 [765 kB]
#5 12.16 Get:14 http://archive.ubuntu.com/ubuntu noble/main amd64 libjansson4 amd64 2.14-2build2 [32.8 kB]
#5 12.16 Get:15 http://archive.ubuntu.com/ubuntu noble-updates/main amd64 libnghttp2-14 amd64 1.59.0-1ubuntu0.4 [74.6 kB]
#5 12.17 Get:16 http://archive.ubuntu.com/ubuntu noble/main amd64 libpsl5t64 amd64 0.21.2-1.1build1 [57.1 kB]
#5 12.17 Get:17 http://archive.ubuntu.com/ubuntu noble/main amd64 libuv1t64 amd64 1.48.0-1.1build1 [97.3 kB]
#5 12.18 Get:18 http://archive.ubuntu.com/ubuntu noble-updates/main amd64 xz-utils amd64 5.6.1+really5.4.5-1ubuntu0.3 [267 kB]
#5 12.19 Get:19 http://archive.ubuntu.com/ubuntu noble-updates/main amd64 binutils-common amd64 2.42-4ubuntu2.10 [240 kB]
#5 12.21 Get:20 http://archive.ubuntu.com/ubuntu noble-updates/main amd64 libsframe1 amd64 2.42-4ubuntu2.10 [15.7 kB]
#5 12.21 Get:21 http://archive.ubuntu.com/ubuntu noble-updates/main amd64 libbinutils amd64 2.42-4ubuntu2.10 [577 kB]
#5 12.23 Get:22 http://archive.ubuntu.com/ubuntu noble-updates/main amd64 libctf-nobfd0 amd64 2.42-4ubuntu2.10 [98.0 kB]
#5 12.31 Get:23 http://archive.ubuntu.com/ubuntu noble-updates/main amd64 libctf0 amd64 2.42-4ubuntu2.10 [94.5 kB]
#5 12.32 Get:24 http://archive.ubuntu.com/ubuntu noble-updates/main amd64 libgprofng0 amd64 2.42-4ubuntu2.10 [849 kB]
#5 12.43 Get:25 http://archive.ubuntu.com/ubuntu noble-updates/main amd64 binutils-x86-64-linux-gnu amd64 2.42-4ubuntu2.10 [2463 kB]
#5 12.67 Get:26 http://archive.ubuntu.com/ubuntu noble-updates/main amd64 binutils amd64 2.42-4ubuntu2.10 [18.2 kB]
#5 12.68 Get:27 http://archive.ubuntu.com/ubuntu noble-updates/main amd64 libc-dev-bin amd64 2.39-0ubuntu8.9 [20.4 kB]
#5 12.68 Get:28 http://archive.ubuntu.com/ubuntu noble-updates/main amd64 linux-libc-dev amd64 6.8.0-146.146 [1540 kB]
#5 13.11 Get:29 http://archive.ubuntu.com/ubuntu noble/main amd64 libcrypt-dev amd64 1:4.4.36-4build1 [112 kB]
#5 13.11 Get:30 http://archive.ubuntu.com/ubuntu noble/main amd64 rpcsvc-proto amd64 1.4.2-0ubuntu7 [67.4 kB]
#5 13.12 Get:31 http://archive.ubuntu.com/ubuntu noble-updates/main amd64 libc6-dev amd64 2.39-0ubuntu8.9 [2126 kB]
#5 13.20 Get:32 http://archive.ubuntu.com/ubuntu noble-updates/main amd64 gcc-13-base amd64 13.3.0-6ubuntu2~24.04.1 [51.6 kB]
#5 13.35 Get:33 http://archive.ubuntu.com/ubuntu noble-updates/main amd64 libisl23 amd64 0.26-3build1.1 [680 kB]
#5 13.47 Get:34 http://archive.ubuntu.com/ubuntu noble-updates/main amd64 libmpfr6 amd64 4.2.1-1build1.1 [353 kB]
#5 13.48 Get:35 http://archive.ubuntu.com/ubuntu noble-updates/main amd64 libmpc3 amd64 1.3.1-1build1.1 [54.6 kB]
#5 13.48 Get:36 http://archive.ubuntu.com/ubuntu noble-updates/main amd64 cpp-13-x86-64-linux-gnu amd64 13.3.0-6ubuntu2~24.04.1 [10.7 MB]
#5 14.42 Get:37 http://archive.ubuntu.com/ubuntu noble-updates/main amd64 cpp-13 amd64 13.3.0-6ubuntu2~24.04.1 [1042 B]
#5 14.42 Get:38 http://archive.ubuntu.com/ubuntu noble/main amd64 cpp-x86-64-linux-gnu amd64 4:13.2.0-7ubuntu1 [5326 B]
#5 14.42 Get:39 http://archive.ubuntu.com/ubuntu noble/main amd64 cpp amd64 4:13.2.0-7ubuntu1 [22.4 kB]
#5 14.42 Get:40 http://archive.ubuntu.com/ubuntu noble-updates/main amd64 libcc1-0 amd64 14.2.0-4ubuntu2~24.04.1 [48.0 kB]
#5 14.42 Get:41 http://archive.ubuntu.com/ubuntu noble-updates/main amd64 libgomp1 amd64 14.2.0-4ubuntu2~24.04.1 [148 kB]
#5 14.43 Get:42 http://archive.ubuntu.com/ubuntu noble-updates/main amd64 libitm1 amd64 14.2.0-4ubuntu2~24.04.1 [29.7 kB]
#5 14.44 Get:43 http://archive.ubuntu.com/ubuntu noble-updates/main amd64 libatomic1 amd64 14.2.0-4ubuntu2~24.04.1 [10.5 kB]
#5 14.44 Get:44 http://archive.ubuntu.com/ubuntu noble-updates/main amd64 libasan8 amd64 14.2.0-4ubuntu2~24.04.1 [3027 kB]
#5 14.74 Get:45 http://archive.ubuntu.com/ubuntu noble-updates/main amd64 liblsan0 amd64 14.2.0-4ubuntu2~24.04.1 [1322 kB]
#5 14.89 Get:46 http://archive.ubuntu.com/ubuntu noble-updates/main amd64 libtsan2 amd64 14.2.0-4ubuntu2~24.04.1 [2772 kB]
#5 15.23 Get:47 http://archive.ubuntu.com/ubuntu noble-updates/main amd64 libubsan1 amd64 14.2.0-4ubuntu2~24.04.1 [1184 kB]
#5 15.35 Get:48 http://archive.ubuntu.com/ubuntu noble-updates/main amd64 libhwasan0 amd64 14.2.0-4ubuntu2~24.04.1 [1641 kB]
#5 15.47 Get:49 http://archive.ubuntu.com/ubuntu noble-updates/main amd64 libquadmath0 amd64 14.2.0-4ubuntu2~24.04.1 [153 kB]
#5 15.48 Get:50 http://archive.ubuntu.com/ubuntu noble-updates/main amd64 libgcc-13-dev amd64 13.3.0-6ubuntu2~24.04.1 [2681 kB]
#5 15.64 Get:51 http://archive.ubuntu.com/ubuntu noble-updates/main amd64 gcc-13-x86-64-linux-gnu amd64 13.3.0-6ubuntu2~24.04.1 [21.1 MB]
#5 17.53 Get:52 http://archive.ubuntu.com/ubuntu noble-updates/main amd64 gcc-13 amd64 13.3.0-6ubuntu2~24.04.1 [494 kB]
#5 17.58 Get:53 http://archive.ubuntu.com/ubuntu noble/main amd64 gcc-x86-64-linux-gnu amd64 4:13.2.0-7ubuntu1 [1212 B]
#5 17.58 Get:54 http://archive.ubuntu.com/ubuntu noble/main amd64 gcc amd64 4:13.2.0-7ubuntu1 [5018 B]
#5 17.58 Get:55 http://archive.ubuntu.com/ubuntu noble-updates/main amd64 libstdc++-13-dev amd64 13.3.0-6ubuntu2~24.04.1 [2420 kB]
#5 17.79 Get:56 http://archive.ubuntu.com/ubuntu noble-updates/main amd64 g++-13-x86-64-linux-gnu amd64 13.3.0-6ubuntu2~24.04.1 [12.2 MB]
#5 19.28 Get:57 http://archive.ubuntu.com/ubuntu noble-updates/main amd64 g++-13 amd64 13.3.0-6ubuntu2~24.04.1 [16.0 kB]
#5 19.28 Get:58 http://archive.ubuntu.com/ubuntu noble/main amd64 g++-x86-64-linux-gnu amd64 4:13.2.0-7ubuntu1 [964 B]
#5 19.28 Get:59 http://archive.ubuntu.com/ubuntu noble/main amd64 g++ amd64 4:13.2.0-7ubuntu1 [1100 B]
#5 19.28 Get:60 http://archive.ubuntu.com/ubuntu noble/main amd64 make amd64 4.3-4.1build2 [180 kB]
#5 19.29 Get:61 http://archive.ubuntu.com/ubuntu noble-updates/main amd64 libdpkg-perl all 1.22.6ubuntu6.6 [268 kB]
#5 19.30 Get:62 http://archive.ubuntu.com/ubuntu noble-updates/main amd64 bzip2 amd64 1.0.8-5.1ubuntu0.1 [34.6 kB]
#5 19.30 Get:63 http://archive.ubuntu.com/ubuntu noble/main amd64 patch amd64 2.7.6-7build3 [104 kB]
#5 19.30 Get:64 http://archive.ubuntu.com/ubuntu noble/main amd64 lto-disabled-list all 47 [12.4 kB]
#5 19.30 Get:65 http://archive.ubuntu.com/ubuntu noble-updates/main amd64 dpkg-dev all 1.22.6ubuntu6.6 [1074 kB]
#5 19.41 Get:66 http://archive.ubuntu.com/ubuntu noble/main amd64 build-essential amd64 12.10ubuntu1 [4928 B]
#5 19.54 Get:67 http://archive.ubuntu.com/ubuntu noble-updates/main amd64 libarchive13t64 amd64 3.7.2-2ubuntu0.8 [383 kB]
#5 19.60 Get:68 http://archive.ubuntu.com/ubuntu noble/main amd64 libbrotli1 amd64 1.1.0-2build2 [331 kB]
#5 19.61 Get:69 http://archive.ubuntu.com/ubuntu noble-updates/main amd64 libsasl2-modules-db amd64 2.1.28+dfsg1-5ubuntu3.1 [20.4 kB]
#5 19.62 Get:70 http://archive.ubuntu.com/ubuntu noble-updates/main amd64 libsasl2-2 amd64 2.1.28+dfsg1-5ubuntu3.1 [53.2 kB]
#5 19.62 Get:71 http://archive.ubuntu.com/ubuntu noble-updates/main amd64 libldap2 amd64 2.6.10+dfsg-0ubuntu0.24.04.1 [198 kB]
#5 19.64 Get:72 http://archive.ubuntu.com/ubuntu noble/main amd64 librtmp1 amd64 2.4+20151223.gitfa8646d.1-2build7 [56.3 kB]
#5 19.65 Get:73 http://archive.ubuntu.com/ubuntu noble-updates/main amd64 libssh-4 amd64 0.10.6-2ubuntu0.5 [191 kB]
#5 19.66 Get:74 http://archive.ubuntu.com/ubuntu noble-updates/main amd64 libcurl4t64 amd64 8.5.0-2ubuntu10.15 [343 kB]
#5 19.70 Get:75 http://archive.ubuntu.com/ubuntu noble/main amd64 libjsoncpp25 amd64 1.9.5-6build1 [82.8 kB]
#5 19.71 Get:76 http://archive.ubuntu.com/ubuntu noble/main amd64 librhash0 amd64 1.4.3-3build1 [129 kB]
#5 19.74 Get:77 http://archive.ubuntu.com/ubuntu noble/main amd64 cmake-data all 3.28.3-1build7 [2155 kB]
#5 19.96 Get:78 http://archive.ubuntu.com/ubuntu noble/main amd64 cmake amd64 3.28.3-1build7 [11.2 MB]
#5 21.01 Get:79 http://archive.ubuntu.com/ubuntu noble/main amd64 mysql-common all 5.8+1.1.0build1 [6746 B]
#5 21.01 Get:80 http://archive.ubuntu.com/ubuntu noble-updates/main amd64 libmysqlclient21 amd64 8.0.46-0ubuntu0.24.04.4 [1255 kB]
#5 21.10 Get:81 http://archive.ubuntu.com/ubuntu noble-updates/main amd64 libssl-dev amd64 3.0.13-0ubuntu3.16 [2409 kB]
#5 21.26 Get:82 http://archive.ubuntu.com/ubuntu noble-updates/main amd64 libzstd-dev amd64 1.5.5+dfsg2-2build1.1 [364 kB]
#5 21.28 Get:83 http://archive.ubuntu.com/ubuntu noble-updates/main amd64 zlib1g-dev amd64 1:1.3.dfsg-3.1ubuntu2.2 [894 kB]
#5 21.37 Get:84 http://archive.ubuntu.com/ubuntu noble-updates/main amd64 libmysqlclient-dev amd64 8.0.46-0ubuntu0.24.04.4 [1591 kB]
#5 21.49 Get:85 http://archive.ubuntu.com/ubuntu noble/main amd64 default-libmysqlclient-dev amd64 1.1.0build1 [3132 B]
#5 21.49 Get:86 http://archive.ubuntu.com/ubuntu noble/universe amd64 libflatbuffers2 amd64 2.0.8+dfsg1-6build1 [196 kB]
#5 21.50 Get:87 http://archive.ubuntu.com/ubuntu noble/universe amd64 flatbuffers-compiler amd64 2.0.8+dfsg1-6build1 [967 kB]
#5 21.58 Get:88 http://archive.ubuntu.com/ubuntu noble/universe amd64 flatbuffers-compiler-dev amd64 2.0.8+dfsg1-6build1 [8240 B]
#5 21.58 Get:89 http://archive.ubuntu.com/ubuntu noble/universe amd64 googletest all 1.14.0-1 [521 kB]
#5 21.62 Get:90 http://archive.ubuntu.com/ubuntu noble-updates/main amd64 libexpat1-dev amd64 2.6.1-2ubuntu0.6 [147 kB]
#5 21.63 Get:91 http://archive.ubuntu.com/ubuntu noble/universe amd64 libflatbuffers-dev amd64 2.0.8+dfsg1-6build1 [292 kB]
#5 21.66 Get:92 http://archive.ubuntu.com/ubuntu noble/universe amd64 libgtest-dev amd64 1.14.0-1 [268 kB]
#5 21.68 Get:93 http://archive.ubuntu.com/ubuntu noble/main amd64 libltdl7 amd64 2.4.7-7build1 [40.3 kB]
#5 21.68 Get:94 http://archive.ubuntu.com/ubuntu noble/universe amd64 libmsgsl-dev all 4.0.0-3 [25.1 kB]
#5 21.68 Get:95 http://archive.ubuntu.com/ubuntu noble-updates/main amd64 libodbc2 amd64 2.3.12-1ubuntu0.24.04.1 [158 kB]
#5 21.70 Get:96 http://archive.ubuntu.com/ubuntu noble/universe amd64 libpcre16-3 amd64 2:8.39-15build1 [165 kB]
#5 21.72 Get:97 http://archive.ubuntu.com/ubuntu noble/universe amd64 libpcre3 amd64 2:8.39-15build1 [248 kB]
#5 21.74 Get:98 http://archive.ubuntu.com/ubuntu noble/universe amd64 libpcre32-3 amd64 2:8.39-15build1 [155 kB]
#5 21.75 Get:99 http://archive.ubuntu.com/ubuntu noble/universe amd64 libpcrecpp0v5 amd64 2:8.39-15build1 [16.2 kB]
#5 21.76 Get:100 http://archive.ubuntu.com/ubuntu noble/universe amd64 libpcre3-dev amd64 2:8.39-15build1 [584 kB]
#5 21.80 Get:101 http://archive.ubuntu.com/ubuntu noble/universe amd64 libpocofoundation80t64 amd64 1.11.0-4.1build2 [517 kB]
#5 22.12 Get:102 http://archive.ubuntu.com/ubuntu noble/universe amd64 libpocodata80t64 amd64 1.11.0-4.1build2 [411 kB]
#5 23.00 Get:103 http://archive.ubuntu.com/ubuntu noble/universe amd64 libpocoactiverecord80t64 amd64 1.11.0-4.1build2 [12.6 kB]
#5 23.01 Get:104 http://archive.ubuntu.com/ubuntu noble/universe amd64 libpococrypto80t64 amd64 1.11.0-4.1build2 [81.9 kB]
#5 23.03 Get:105 http://archive.ubuntu.com/ubuntu noble/universe amd64 libpocoencodings80t64 amd64 1.11.0-4.1build2 [515 kB]
#5 23.22 Get:106 http://archive.ubuntu.com/ubuntu noble/universe amd64 libpocojson80t64 amd64 1.11.0-4.1build2 [104 kB]
#5 23.25 Get:107 http://archive.ubuntu.com/ubuntu noble/universe amd64 libpocojwt80t64 amd64 1.11.0-4.1build2 [54.0 kB]
#5 23.26 Get:108 http://archive.ubuntu.com/ubuntu noble/universe amd64 libpocodatamysql80t64 amd64 1.11.0-4.1build2 [57.2 kB]
#5 23.27 Get:109 http://archive.ubuntu.com/ubuntu noble-updates/main amd64 libpq5 amd64 16.15-0ubuntu0.24.04.1 [151 kB]
#5 23.32 Get:110 http://archive.ubuntu.com/ubuntu noble/universe amd64 libpocodatapostgresql80t64 amd64 1.11.0-4.1build2 [80.4 kB]
#5 23.33 Get:111 http://archive.ubuntu.com/ubuntu noble/universe amd64 libpoconet80t64 amd64 1.11.0-4.1build2 [385 kB]
#5 23.38 Get:112 http://archive.ubuntu.com/ubuntu noble/universe amd64 libpocomongodb80t64 amd64 1.11.0-4.1build2 [69.8 kB]
#5 23.39 Get:113 http://archive.ubuntu.com/ubuntu noble/universe amd64 libpocoxml80t64 amd64 1.11.0-4.1build2 [150 kB]
#5 23.40 Get:114 http://archive.ubuntu.com/ubuntu noble/universe amd64 libpocoutil80t64 amd64 1.11.0-4.1build2 [128 kB]
#5 23.41 Get:115 http://archive.ubuntu.com/ubuntu noble/universe amd64 libpoconetssl80t64 amd64 1.11.0-4.1build2 [90.0 kB]
#5 23.42 Get:116 http://archive.ubuntu.com/ubuntu noble/universe amd64 libpocodataodbc80t64 amd64 1.11.0-4.1build2 [223 kB]
#5 23.45 Get:117 http://archive.ubuntu.com/ubuntu noble/universe amd64 libpocodatasqlite80t64 amd64 1.11.0-4.1build2 [93.0 kB]
#5 23.48 Get:118 http://archive.ubuntu.com/ubuntu noble/universe amd64 libpocoredis80t64 amd64 1.11.0-4.1build2 [46.0 kB]
#5 23.48 Get:119 http://archive.ubuntu.com/ubuntu noble/universe amd64 libpocozip80t64 amd64 1.11.0-4.1build2 [82.0 kB]
#5 23.49 Get:120 http://archive.ubuntu.com/ubuntu noble-updates/main amd64 libsqlite3-dev amd64 3.45.1-1ubuntu2.8 [911 kB]
#5 23.57 Get:121 http://archive.ubuntu.com/ubuntu noble/universe amd64 libpoco-dev amd64 1.11.0-4.1build2 [578 kB]
#5 23.77 debconf: delaying package configuration, since apt-utils is not installed
#5 23.81 Fetched 124 MB in 16s (7935 kB/s)
#5 23.85 Selecting previously unselected package perl-modules-5.38.
#5 23.85 (Reading database ... 
(Reading database ... 5%
(Reading database ... 10%
(Reading database ... 15%
(Reading database ... 20%
(Reading database ... 25%
(Reading database ... 30%
(Reading database ... 35%
(Reading database ... 40%
(Reading database ... 45%
(Reading database ... 50%
(Reading database ... 55%
(Reading database ... 60%
(Reading database ... 65%
(Reading database ... 70%
(Reading database ... 75%
(Reading database ... 80%
(Reading database ... 85%
(Reading database ... 90%
(Reading database ... 95%
(Reading database ... 100%
(Reading database ... 5727 files and directories currently installed.)
#5 23.85 Preparing to unpack .../0-perl-modules-5.38_5.38.2-3.2ubuntu0.6_all.deb ...
#5 23.87 Unpacking perl-modules-5.38 (5.38.2-3.2ubuntu0.6) ...
#5 24.28 Selecting previously unselected package libgdbm6t64:amd64.
#5 24.28 Preparing to unpack .../1-libgdbm6t64_1.23-5.1build1_amd64.deb ...
#5 24.30 Unpacking libgdbm6t64:amd64 (1.23-5.1build1) ...
#5 24.38 Selecting previously unselected package libgdbm-compat4t64:amd64.
#5 24.38 Preparing to unpack .../2-libgdbm-compat4t64_1.23-5.1build1_amd64.deb ...
#5 24.39 Unpacking libgdbm-compat4t64:amd64 (1.23-5.1build1) ...
#5 24.47 Selecting previously unselected package libperl5.38t64:amd64.
#5 24.48 Preparing to unpack .../3-libperl5.38t64_5.38.2-3.2ubuntu0.6_amd64.deb ...
#5 24.49 Unpacking libperl5.38t64:amd64 (5.38.2-3.2ubuntu0.6) ...
#5 24.87 Selecting previously unselected package perl.
#5 24.87 Preparing to unpack .../4-perl_5.38.2-3.2ubuntu0.6_amd64.deb ...
#5 24.90 Unpacking perl (5.38.2-3.2ubuntu0.6) ...
#5 25.01 Preparing to unpack .../5-libssl3t64_3.0.13-0ubuntu3.16_amd64.deb ...
#5 25.05 Unpacking libssl3t64:amd64 (3.0.13-0ubuntu3.16) over (3.0.13-0ubuntu3.15) ...
#5 25.26 Setting up libssl3t64:amd64 (3.0.13-0ubuntu3.16) ...
#5 25.40 Selecting previously unselected package libkrb5support0:amd64.
#5 25.40 (Reading database ... 
(Reading database ... 5%
(Reading database ... 10%
(Reading database ... 15%
(Reading database ... 20%
(Reading database ... 25%
(Reading database ... 30%
(Reading database ... 35%
(Reading database ... 40%
(Reading database ... 45%
(Reading database ... 50%
(Reading database ... 55%
(Reading database ... 60%
(Reading database ... 65%
(Reading database ... 70%
(Reading database ... 75%
(Reading database ... 80%
(Reading database ... 85%
(Reading database ... 90%
(Reading database ... 95%
(Reading database ... 100%
(Reading database ... 7739 files and directories currently installed.)
#5 25.40 Preparing to unpack .../000-libkrb5support0_1.20.1-6ubuntu2.10_amd64.deb ...
#5 25.41 Unpacking libkrb5support0:amd64 (1.20.1-6ubuntu2.10) ...
#5 25.49 Selecting previously unselected package libk5crypto3:amd64.
#5 25.49 Preparing to unpack .../001-libk5crypto3_1.20.1-6ubuntu2.10_amd64.deb ...
#5 25.50 Unpacking libk5crypto3:amd64 (1.20.1-6ubuntu2.10) ...
#5 25.58 Selecting previously unselected package libkeyutils1:amd64.
#5 25.58 Preparing to unpack .../002-libkeyutils1_1.6.3-3build1_amd64.deb ...
#5 25.59 Unpacking libkeyutils1:amd64 (1.6.3-3build1) ...
#5 25.67 Selecting previously unselected package libkrb5-3:amd64.
#5 25.67 Preparing to unpack .../003-libkrb5-3_1.20.1-6ubuntu2.10_amd64.deb ...
#5 25.68 Unpacking libkrb5-3:amd64 (1.20.1-6ubuntu2.10) ...
#5 25.78 Selecting previously unselected package libgssapi-krb5-2:amd64.
#5 25.78 Preparing to unpack .../004-libgssapi-krb5-2_1.20.1-6ubuntu2.10_amd64.deb ...
#5 25.79 Unpacking libgssapi-krb5-2:amd64 (1.20.1-6ubuntu2.10) ...
#5 25.86 Selecting previously unselected package libicu74:amd64.
#5 25.87 Preparing to unpack .../005-libicu74_74.2-1ubuntu3.1_amd64.deb ...
#5 25.88 Unpacking libicu74:amd64 (74.2-1ubuntu3.1) ...
#5 26.17 Selecting previously unselected package libxml2:amd64.
#5 26.17 Preparing to unpack .../006-libxml2_2.9.14+dfsg-1.3ubuntu3.9_amd64.deb ...
#5 26.18 Unpacking libxml2:amd64 (2.9.14+dfsg-1.3ubuntu3.9) ...
#5 26.26 Selecting previously unselected package libjansson4:amd64.
#5 26.26 Preparing to unpack .../007-libjansson4_2.14-2build2_amd64.deb ...
#5 26.27 Unpacking libjansson4:amd64 (2.14-2build2) ...
#5 26.35 Selecting previously unselected package libnghttp2-14:amd64.
#5 26.35 Preparing to unpack .../008-libnghttp2-14_1.59.0-1ubuntu0.4_amd64.deb ...
#5 26.36 Unpacking libnghttp2-14:amd64 (1.59.0-1ubuntu0.4) ...
#5 26.44 Selecting previously unselected package libpsl5t64:amd64.
#5 26.44 Preparing to unpack .../009-libpsl5t64_0.21.2-1.1build1_amd64.deb ...
#5 26.45 Unpacking libpsl5t64:amd64 (0.21.2-1.1build1) ...
#5 26.53 Selecting previously unselected package libuv1t64:amd64.
#5 26.53 Preparing to unpack .../010-libuv1t64_1.48.0-1.1build1_amd64.deb ...
#5 26.54 Unpacking libuv1t64:amd64 (1.48.0-1.1build1) ...
#5 26.62 Selecting previously unselected package xz-utils.
#5 26.62 Preparing to unpack .../011-xz-utils_5.6.1+really5.4.5-1ubuntu0.3_amd64.deb ...
#5 26.63 Unpacking xz-utils (5.6.1+really5.4.5-1ubuntu0.3) ...
#5 26.72 Selecting previously unselected package binutils-common:amd64.
#5 26.72 Preparing to unpack .../012-binutils-common_2.42-4ubuntu2.10_amd64.deb ...
#5 26.73 Unpacking binutils-common:amd64 (2.42-4ubuntu2.10) ...
#5 26.82 Selecting previously unselected package libsframe1:amd64.
#5 26.82 Preparing to unpack .../013-libsframe1_2.42-4ubuntu2.10_amd64.deb ...
#5 26.83 Unpacking libsframe1:amd64 (2.42-4ubuntu2.10) ...
#5 26.90 Selecting previously unselected package libbinutils:amd64.
#5 26.90 Preparing to unpack .../014-libbinutils_2.42-4ubuntu2.10_amd64.deb ...
#5 26.91 Unpacking libbinutils:amd64 (2.42-4ubuntu2.10) ...
#5 27.00 Selecting previously unselected package libctf-nobfd0:amd64.
#5 27.00 Preparing to unpack .../015-libctf-nobfd0_2.42-4ubuntu2.10_amd64.deb ...
#5 27.01 Unpacking libctf-nobfd0:amd64 (2.42-4ubuntu2.10) ...
#5 27.10 Selecting previously unselected package libctf0:amd64.
#5 27.10 Preparing to unpack .../016-libctf0_2.42-4ubuntu2.10_amd64.deb ...
#5 27.11 Unpacking libctf0:amd64 (2.42-4ubuntu2.10) ...
#5 27.19 Selecting previously unselected package libgprofng0:amd64.
#5 27.19 Preparing to unpack .../017-libgprofng0_2.42-4ubuntu2.10_amd64.deb ...
#5 27.20 Unpacking libgprofng0:amd64 (2.42-4ubuntu2.10) ...
#5 27.30 Selecting previously unselected package binutils-x86-64-linux-gnu.
#5 27.30 Preparing to unpack .../018-binutils-x86-64-linux-gnu_2.42-4ubuntu2.10_amd64.deb ...
#5 27.31 Unpacking binutils-x86-64-linux-gnu (2.42-4ubuntu2.10) ...
#5 27.47 Selecting previously unselected package binutils.
#5 27.47 Preparing to unpack .../019-binutils_2.42-4ubuntu2.10_amd64.deb ...
#5 27.48 Unpacking binutils (2.42-4ubuntu2.10) ...
#5 27.55 Selecting previously unselected package libc-dev-bin.
#5 27.55 Preparing to unpack .../020-libc-dev-bin_2.39-0ubuntu8.9_amd64.deb ...
#5 27.56 Unpacking libc-dev-bin (2.39-0ubuntu8.9) ...
#5 27.62 Selecting previously unselected package linux-libc-dev:amd64.
#5 27.62 Preparing to unpack .../021-linux-libc-dev_6.8.0-146.146_amd64.deb ...
#5 27.63 Unpacking linux-libc-dev:amd64 (6.8.0-146.146) ...
#5 27.92 Selecting previously unselected package libcrypt-dev:amd64.
#5 27.92 Preparing to unpack .../022-libcrypt-dev_1%3a4.4.36-4build1_amd64.deb ...
#5 27.94 Unpacking libcrypt-dev:amd64 (1:4.4.36-4build1) ...
#5 28.00 Selecting previously unselected package rpcsvc-proto.
#5 28.00 Preparing to unpack .../023-rpcsvc-proto_1.4.2-0ubuntu7_amd64.deb ...
#5 28.02 Unpacking rpcsvc-proto (1.4.2-0ubuntu7) ...
#5 28.08 Selecting previously unselected package libc6-dev:amd64.
#5 28.08 Preparing to unpack .../024-libc6-dev_2.39-0ubuntu8.9_amd64.deb ...
#5 28.10 Unpacking libc6-dev:amd64 (2.39-0ubuntu8.9) ...
#5 28.49 Selecting previously unselected package gcc-13-base:amd64.
#5 28.49 Preparing to unpack .../025-gcc-13-base_13.3.0-6ubuntu2~24.04.1_amd64.deb ...
#5 28.50 Unpacking gcc-13-base:amd64 (13.3.0-6ubuntu2~24.04.1) ...
#5 28.58 Selecting previously unselected package libisl23:amd64.
#5 28.58 Preparing to unpack .../026-libisl23_0.26-3build1.1_amd64.deb ...
#5 28.60 Unpacking libisl23:amd64 (0.26-3build1.1) ...
#5 28.69 Selecting previously unselected package libmpfr6:amd64.
#5 28.69 Preparing to unpack .../027-libmpfr6_4.2.1-1build1.1_amd64.deb ...
#5 28.70 Unpacking libmpfr6:amd64 (4.2.1-1build1.1) ...
#5 28.79 Selecting previously unselected package libmpc3:amd64.
#5 28.79 Preparing to unpack .../028-libmpc3_1.3.1-1build1.1_amd64.deb ...
#5 28.81 Unpacking libmpc3:amd64 (1.3.1-1build1.1) ...
#5 28.87 Selecting previously unselected package cpp-13-x86-64-linux-gnu.
#5 28.87 Preparing to unpack .../029-cpp-13-x86-64-linux-gnu_13.3.0-6ubuntu2~24.04.1_amd64.deb ...
#5 28.88 Unpacking cpp-13-x86-64-linux-gnu (13.3.0-6ubuntu2~24.04.1) ...
#5 29.15 Selecting previously unselected package cpp-13.
#5 29.15 Preparing to unpack .../030-cpp-13_13.3.0-6ubuntu2~24.04.1_amd64.deb ...
#5 29.16 Unpacking cpp-13 (13.3.0-6ubuntu2~24.04.1) ...
#5 29.22 Selecting previously unselected package cpp-x86-64-linux-gnu.
#5 29.22 Preparing to unpack .../031-cpp-x86-64-linux-gnu_4%3a13.2.0-7ubuntu1_amd64.deb ...
#5 29.23 Unpacking cpp-x86-64-linux-gnu (4:13.2.0-7ubuntu1) ...
#5 29.33 Selecting previously unselected package cpp.
#5 29.33 Preparing to unpack .../032-cpp_4%3a13.2.0-7ubuntu1_amd64.deb ...
#5 29.35 Unpacking cpp (4:13.2.0-7ubuntu1) ...
#5 29.43 Selecting previously unselected package libcc1-0:amd64.
#5 29.44 Preparing to unpack .../033-libcc1-0_14.2.0-4ubuntu2~24.04.1_amd64.deb ...
#5 29.45 Unpacking libcc1-0:amd64 (14.2.0-4ubuntu2~24.04.1) ...
#5 29.54 Selecting previously unselected package libgomp1:amd64.
#5 29.54 Preparing to unpack .../034-libgomp1_14.2.0-4ubuntu2~24.04.1_amd64.deb ...
#5 29.55 Unpacking libgomp1:amd64 (14.2.0-4ubuntu2~24.04.1) ...
#5 29.65 Selecting previously unselected package libitm1:amd64.
#5 29.65 Preparing to unpack .../035-libitm1_14.2.0-4ubuntu2~24.04.1_amd64.deb ...
#5 29.66 Unpacking libitm1:amd64 (14.2.0-4ubuntu2~24.04.1) ...
#5 29.74 Selecting previously unselected package libatomic1:amd64.
#5 29.74 Preparing to unpack .../036-libatomic1_14.2.0-4ubuntu2~24.04.1_amd64.deb ...
#5 29.76 Unpacking libatomic1:amd64 (14.2.0-4ubuntu2~24.04.1) ...
#5 29.84 Selecting previously unselected package libasan8:amd64.
#5 29.85 Preparing to unpack .../037-libasan8_14.2.0-4ubuntu2~24.04.1_amd64.deb ...
#5 29.86 Unpacking libasan8:amd64 (14.2.0-4ubuntu2~24.04.1) ...
#5 30.04 Selecting previously unselected package liblsan0:amd64.
#5 30.04 Preparing to unpack .../038-liblsan0_14.2.0-4ubuntu2~24.04.1_amd64.deb ...
#5 30.05 Unpacking liblsan0:amd64 (14.2.0-4ubuntu2~24.04.1) ...
#5 30.19 Selecting previously unselected package libtsan2:amd64.
#5 30.19 Preparing to unpack .../039-libtsan2_14.2.0-4ubuntu2~24.04.1_amd64.deb ...
#5 30.21 Unpacking libtsan2:amd64 (14.2.0-4ubuntu2~24.04.1) ...
#5 30.38 Selecting previously unselected package libubsan1:amd64.
#5 30.39 Preparing to unpack .../040-libubsan1_14.2.0-4ubuntu2~24.04.1_amd64.deb ...
#5 30.40 Unpacking libubsan1:amd64 (14.2.0-4ubuntu2~24.04.1) ...
#5 30.51 Selecting previously unselected package libhwasan0:amd64.
#5 30.51 Preparing to unpack .../041-libhwasan0_14.2.0-4ubuntu2~24.04.1_amd64.deb ...
#5 30.52 Unpacking libhwasan0:amd64 (14.2.0-4ubuntu2~24.04.1) ...
#5 30.63 Selecting previously unselected package libquadmath0:amd64.
#5 30.63 Preparing to unpack .../042-libquadmath0_14.2.0-4ubuntu2~24.04.1_amd64.deb ...
#5 30.64 Unpacking libquadmath0:amd64 (14.2.0-4ubuntu2~24.04.1) ...
#5 30.71 Selecting previously unselected package libgcc-13-dev:amd64.
#5 30.71 Preparing to unpack .../043-libgcc-13-dev_13.3.0-6ubuntu2~24.04.1_amd64.deb ...
#5 30.72 Unpacking libgcc-13-dev:amd64 (13.3.0-6ubuntu2~24.04.1) ...
#5 30.90 Selecting previously unselected package gcc-13-x86-64-linux-gnu.
#5 30.90 Preparing to unpack .../044-gcc-13-x86-64-linux-gnu_13.3.0-6ubuntu2~24.04.1_amd64.deb ...
#5 30.91 Unpacking gcc-13-x86-64-linux-gnu (13.3.0-6ubuntu2~24.04.1) ...
#5 31.39 Selecting previously unselected package gcc-13.
#5 31.39 Preparing to unpack .../045-gcc-13_13.3.0-6ubuntu2~24.04.1_amd64.deb ...
#5 31.40 Unpacking gcc-13 (13.3.0-6ubuntu2~24.04.1) ...
#5 31.47 Selecting previously unselected package gcc-x86-64-linux-gnu.
#5 31.47 Preparing to unpack .../046-gcc-x86-64-linux-gnu_4%3a13.2.0-7ubuntu1_amd64.deb ...
#5 31.48 Unpacking gcc-x86-64-linux-gnu (4:13.2.0-7ubuntu1) ...
#5 31.55 Selecting previously unselected package gcc.
#5 31.55 Preparing to unpack .../047-gcc_4%3a13.2.0-7ubuntu1_amd64.deb ...
#5 31.57 Unpacking gcc (4:13.2.0-7ubuntu1) ...
#5 31.63 Selecting previously unselected package libstdc++-13-dev:amd64.
#5 31.63 Preparing to unpack .../048-libstdc++-13-dev_13.3.0-6ubuntu2~24.04.1_amd64.deb ...
#5 31.64 Unpacking libstdc++-13-dev:amd64 (13.3.0-6ubuntu2~24.04.1) ...
#5 32.13 Selecting previously unselected package g++-13-x86-64-linux-gnu.
#5 32.13 Preparing to unpack .../049-g++-13-x86-64-linux-gnu_13.3.0-6ubuntu2~24.04.1_amd64.deb ...
#5 32.14 Unpacking g++-13-x86-64-linux-gnu (13.3.0-6ubuntu2~24.04.1) ...
#5 32.44 Selecting previously unselected package g++-13.
#5 32.44 Preparing to unpack .../050-g++-13_13.3.0-6ubuntu2~24.04.1_amd64.deb ...
#5 32.45 Unpacking g++-13 (13.3.0-6ubuntu2~24.04.1) ...
#5 32.51 Selecting previously unselected package g++-x86-64-linux-gnu.
#5 32.51 Preparing to unpack .../051-g++-x86-64-linux-gnu_4%3a13.2.0-7ubuntu1_amd64.deb ...
#5 32.52 Unpacking g++-x86-64-linux-gnu (4:13.2.0-7ubuntu1) ...
#5 32.59 Selecting previously unselected package g++.
#5 32.59 Preparing to unpack .../052-g++_4%3a13.2.0-7ubuntu1_amd64.deb ...
#5 32.60 Unpacking g++ (4:13.2.0-7ubuntu1) ...
#5 32.66 Selecting previously unselected package make.
#5 32.66 Preparing to unpack .../053-make_4.3-4.1build2_amd64.deb ...
#5 32.67 Unpacking make (4.3-4.1build2) ...
#5 32.74 Selecting previously unselected package libdpkg-perl.
#5 32.74 Preparing to unpack .../054-libdpkg-perl_1.22.6ubuntu6.6_all.deb ...
#5 32.75 Unpacking libdpkg-perl (1.22.6ubuntu6.6) ...
#5 32.83 Selecting previously unselected package bzip2.
#5 32.83 Preparing to unpack .../055-bzip2_1.0.8-5.1ubuntu0.1_amd64.deb ...
#5 32.85 Unpacking bzip2 (1.0.8-5.1ubuntu0.1) ...
#5 32.91 Selecting previously unselected package patch.
#5 32.91 Preparing to unpack .../056-patch_2.7.6-7build3_amd64.deb ...
#5 32.92 Unpacking patch (2.7.6-7build3) ...
#5 32.98 Selecting previously unselected package lto-disabled-list.
#5 32.99 Preparing to unpack .../057-lto-disabled-list_47_all.deb ...
#5 33.00 Unpacking lto-disabled-list (47) ...
#5 33.07 Selecting previously unselected package dpkg-dev.
#5 33.07 Preparing to unpack .../058-dpkg-dev_1.22.6ubuntu6.6_all.deb ...
#5 33.08 Unpacking dpkg-dev (1.22.6ubuntu6.6) ...
#5 33.18 Selecting previously unselected package build-essential.
#5 33.18 Preparing to unpack .../059-build-essential_12.10ubuntu1_amd64.deb ...
#5 33.19 Unpacking build-essential (12.10ubuntu1) ...
#5 33.27 Selecting previously unselected package libarchive13t64:amd64.
#5 33.27 Preparing to unpack .../060-libarchive13t64_3.7.2-2ubuntu0.8_amd64.deb ...
#5 33.28 Unpacking libarchive13t64:amd64 (3.7.2-2ubuntu0.8) ...
#5 33.66 Selecting previously unselected package libbrotli1:amd64.
#5 33.66 Preparing to unpack .../061-libbrotli1_1.1.0-2build2_amd64.deb ...
#5 33.67 Unpacking libbrotli1:amd64 (1.1.0-2build2) ...
#5 33.74 Selecting previously unselected package libsasl2-modules-db:amd64.
#5 33.74 Preparing to unpack .../062-libsasl2-modules-db_2.1.28+dfsg1-5ubuntu3.1_amd64.deb ...
#5 33.76 Unpacking libsasl2-modules-db:amd64 (2.1.28+dfsg1-5ubuntu3.1) ...
#5 33.83 Selecting previously unselected package libsasl2-2:amd64.
#5 33.83 Preparing to unpack .../063-libsasl2-2_2.1.28+dfsg1-5ubuntu3.1_amd64.deb ...
#5 33.84 Unpacking libsasl2-2:amd64 (2.1.28+dfsg1-5ubuntu3.1) ...
#5 33.92 Selecting previously unselected package libldap2:amd64.
#5 33.92 Preparing to unpack .../064-libldap2_2.6.10+dfsg-0ubuntu0.24.04.1_amd64.deb ...
#5 33.93 Unpacking libldap2:amd64 (2.6.10+dfsg-0ubuntu0.24.04.1) ...
#5 34.00 Selecting previously unselected package librtmp1:amd64.
#5 34.01 Preparing to unpack .../065-librtmp1_2.4+20151223.gitfa8646d.1-2build7_amd64.deb ...
#5 34.02 Unpacking librtmp1:amd64 (2.4+20151223.gitfa8646d.1-2build7) ...
#5 34.10 Selecting previously unselected package libssh-4:amd64.
#5 34.10 Preparing to unpack .../066-libssh-4_0.10.6-2ubuntu0.5_amd64.deb ...
#5 34.11 Unpacking libssh-4:amd64 (0.10.6-2ubuntu0.5) ...
#5 34.19 Selecting previously unselected package libcurl4t64:amd64.
#5 34.19 Preparing to unpack .../067-libcurl4t64_8.5.0-2ubuntu10.15_amd64.deb ...
#5 34.20 Unpacking libcurl4t64:amd64 (8.5.0-2ubuntu10.15) ...
#5 34.29 Selecting previously unselected package libjsoncpp25:amd64.
#5 34.29 Preparing to unpack .../068-libjsoncpp25_1.9.5-6build1_amd64.deb ...
#5 34.30 Unpacking libjsoncpp25:amd64 (1.9.5-6build1) ...
#5 34.38 Selecting previously unselected package librhash0:amd64.
#5 34.38 Preparing to unpack .../069-librhash0_1.4.3-3build1_amd64.deb ...
#5 34.39 Unpacking librhash0:amd64 (1.4.3-3build1) ...
#5 34.48 Selecting previously unselected package cmake-data.
#5 34.48 Preparing to unpack .../070-cmake-data_3.28.3-1build7_all.deb ...
#5 34.50 Unpacking cmake-data (3.28.3-1build7) ...
#5 35.67 Selecting previously unselected package cmake.
#5 35.68 Preparing to unpack .../071-cmake_3.28.3-1build7_amd64.deb ...
#5 35.69 Unpacking cmake (3.28.3-1build7) ...
#5 36.03 Selecting previously unselected package mysql-common.
#5 36.03 Preparing to unpack .../072-mysql-common_5.8+1.1.0build1_all.deb ...
#5 36.06 Unpacking mysql-common (5.8+1.1.0build1) ...
#5 36.14 Selecting previously unselected package libmysqlclient21:amd64.
#5 36.14 Preparing to unpack .../073-libmysqlclient21_8.0.46-0ubuntu0.24.04.4_amd64.deb ...
#5 36.15 Unpacking libmysqlclient21:amd64 (8.0.46-0ubuntu0.24.04.4) ...
#5 36.25 Selecting previously unselected package libssl-dev:amd64.
#5 36.26 Preparing to unpack .../074-libssl-dev_3.0.13-0ubuntu3.16_amd64.deb ...
#5 36.27 Unpacking libssl-dev:amd64 (3.0.13-0ubuntu3.16) ...
#5 36.43 Selecting previously unselected package libzstd-dev:amd64.
#5 36.43 Preparing to unpack .../075-libzstd-dev_1.5.5+dfsg2-2build1.1_amd64.deb ...
#5 36.44 Unpacking libzstd-dev:amd64 (1.5.5+dfsg2-2build1.1) ...
#5 36.51 Selecting previously unselected package zlib1g-dev:amd64.
#5 36.52 Preparing to unpack .../076-zlib1g-dev_1%3a1.3.dfsg-3.1ubuntu2.2_amd64.deb ...
#5 36.53 Unpacking zlib1g-dev:amd64 (1:1.3.dfsg-3.1ubuntu2.2) ...
#5 36.60 Selecting previously unselected package libmysqlclient-dev.
#5 36.60 Preparing to unpack .../077-libmysqlclient-dev_8.0.46-0ubuntu0.24.04.4_amd64.deb ...
#5 36.61 Unpacking libmysqlclient-dev (8.0.46-0ubuntu0.24.04.4) ...
#5 36.72 Selecting previously unselected package default-libmysqlclient-dev:amd64.
#5 36.72 Preparing to unpack .../078-default-libmysqlclient-dev_1.1.0build1_amd64.deb ...
#5 36.73 Unpacking default-libmysqlclient-dev:amd64 (1.1.0build1) ...
#5 36.81 Selecting previously unselected package libflatbuffers2:amd64.
#5 36.81 Preparing to unpack .../079-libflatbuffers2_2.0.8+dfsg1-6build1_amd64.deb ...
#5 36.82 Unpacking libflatbuffers2:amd64 (2.0.8+dfsg1-6build1) ...
#5 36.89 Selecting previously unselected package flatbuffers-compiler.
#5 36.89 Preparing to unpack .../080-flatbuffers-compiler_2.0.8+dfsg1-6build1_amd64.deb ...
#5 36.90 Unpacking flatbuffers-compiler (2.0.8+dfsg1-6build1) ...
#5 36.97 Selecting previously unselected package flatbuffers-compiler-dev:amd64.
#5 36.98 Preparing to unpack .../081-flatbuffers-compiler-dev_2.0.8+dfsg1-6build1_amd64.deb ...
#5 36.99 Unpacking flatbuffers-compiler-dev:amd64 (2.0.8+dfsg1-6build1) ...
#5 37.05 Selecting previously unselected package googletest.
#5 37.05 Preparing to unpack .../082-googletest_1.14.0-1_all.deb ...
#5 37.06 Unpacking googletest (1.14.0-1) ...
#5 37.19 Selecting previously unselected package libexpat1-dev:amd64.
#5 37.19 Preparing to unpack .../083-libexpat1-dev_2.6.1-2ubuntu0.6_amd64.deb ...
#5 37.20 Unpacking libexpat1-dev:amd64 (2.6.1-2ubuntu0.6) ...
#5 37.30 Selecting previously unselected package libflatbuffers-dev:amd64.
#5 37.30 Preparing to unpack .../084-libflatbuffers-dev_2.0.8+dfsg1-6build1_amd64.deb ...
#5 37.31 Unpacking libflatbuffers-dev:amd64 (2.0.8+dfsg1-6build1) ...
#5 37.40 Selecting previously unselected package libgtest-dev:amd64.
#5 37.40 Preparing to unpack .../085-libgtest-dev_1.14.0-1_amd64.deb ...
#5 37.41 Unpacking libgtest-dev:amd64 (1.14.0-1) ...
#5 37.51 Selecting previously unselected package libltdl7:amd64.
#5 37.51 Preparing to unpack .../086-libltdl7_2.4.7-7build1_amd64.deb ...
#5 37.52 Unpacking libltdl7:amd64 (2.4.7-7build1) ...
#5 37.59 Selecting previously unselected package libmsgsl-dev.
#5 37.59 Preparing to unpack .../087-libmsgsl-dev_4.0.0-3_all.deb ...
#5 37.60 Unpacking libmsgsl-dev (4.0.0-3) ...
#5 37.68 Selecting previously unselected package libodbc2:amd64.
#5 37.69 Preparing to unpack .../088-libodbc2_2.3.12-1ubuntu0.24.04.1_amd64.deb ...
#5 37.70 Unpacking libodbc2:amd64 (2.3.12-1ubuntu0.24.04.1) ...
#5 37.78 Selecting previously unselected package libpcre16-3:amd64.
#5 37.78 Preparing to unpack .../089-libpcre16-3_2%3a8.39-15build1_amd64.deb ...
#5 37.79 Unpacking libpcre16-3:amd64 (2:8.39-15build1) ...
#5 37.87 Selecting previously unselected package libpcre3:amd64.
#5 37.87 Preparing to unpack .../090-libpcre3_2%3a8.39-15build1_amd64.deb ...
#5 37.89 Unpacking libpcre3:amd64 (2:8.39-15build1) ...
#5 37.96 Selecting previously unselected package libpcre32-3:amd64.
#5 37.97 Preparing to unpack .../091-libpcre32-3_2%3a8.39-15build1_amd64.deb ...
#5 37.98 Unpacking libpcre32-3:amd64 (2:8.39-15build1) ...
#5 38.06 Selecting previously unselected package libpcrecpp0v5:amd64.
#5 38.07 Preparing to unpack .../092-libpcrecpp0v5_2%3a8.39-15build1_amd64.deb ...
#5 38.08 Unpacking libpcrecpp0v5:amd64 (2:8.39-15build1) ...
#5 38.15 Selecting previously unselected package libpcre3-dev:amd64.
#5 38.16 Preparing to unpack .../093-libpcre3-dev_2%3a8.39-15build1_amd64.deb ...
#5 38.17 Unpacking libpcre3-dev:amd64 (2:8.39-15build1) ...
#5 38.27 Selecting previously unselected package libpocofoundation80t64:amd64.
#5 38.28 Preparing to unpack .../094-libpocofoundation80t64_1.11.0-4.1build2_amd64.deb ...
#5 38.29 Unpacking libpocofoundation80t64:amd64 (1.11.0-4.1build2) ...
#5 38.55 Selecting previously unselected package libpocodata80t64:amd64.
#5 38.55 Preparing to unpack .../095-libpocodata80t64_1.11.0-4.1build2_amd64.deb ...
#5 38.56 Unpacking libpocodata80t64:amd64 (1.11.0-4.1build2) ...
#5 38.64 Selecting previously unselected package libpocoactiverecord80t64:amd64.
#5 38.64 Preparing to unpack .../096-libpocoactiverecord80t64_1.11.0-4.1build2_amd64.deb ...
#5 38.65 Unpacking libpocoactiverecord80t64:amd64 (1.11.0-4.1build2) ...
#5 38.72 Selecting previously unselected package libpococrypto80t64:amd64.
#5 38.72 Preparing to unpack .../097-libpococrypto80t64_1.11.0-4.1build2_amd64.deb ...
#5 38.73 Unpacking libpococrypto80t64:amd64 (1.11.0-4.1build2) ...
#5 38.82 Selecting previously unselected package libpocoencodings80t64:amd64.
#5 38.82 Preparing to unpack .../098-libpocoencodings80t64_1.11.0-4.1build2_amd64.deb ...
#5 38.83 Unpacking libpocoencodings80t64:amd64 (1.11.0-4.1build2) ...
#5 38.91 Selecting previously unselected package libpocojson80t64:amd64.
#5 38.92 Preparing to unpack .../099-libpocojson80t64_1.11.0-4.1build2_amd64.deb ...
#5 38.93 Unpacking libpocojson80t64:amd64 (1.11.0-4.1build2) ...
#5 39.00 Selecting previously unselected package libpocojwt80t64:amd64.
#5 39.00 Preparing to unpack .../100-libpocojwt80t64_1.11.0-4.1build2_amd64.deb ...
#5 39.01 Unpacking libpocojwt80t64:amd64 (1.11.0-4.1build2) ...
#5 39.09 Selecting previously unselected package libpocodatamysql80t64:amd64.
#5 39.09 Preparing to unpack .../101-libpocodatamysql80t64_1.11.0-4.1build2_amd64.deb ...
#5 39.10 Unpacking libpocodatamysql80t64:amd64 (1.11.0-4.1build2) ...
#5 39.19 Selecting previously unselected package libpq5:amd64.
#5 39.19 Preparing to unpack .../102-libpq5_16.15-0ubuntu0.24.04.1_amd64.deb ...
#5 39.20 Unpacking libpq5:amd64 (16.15-0ubuntu0.24.04.1) ...
#5 39.29 Selecting previously unselected package libpocodatapostgresql80t64:amd64.
#5 39.29 Preparing to unpack .../103-libpocodatapostgresql80t64_1.11.0-4.1build2_amd64.deb ...
#5 39.30 Unpacking libpocodatapostgresql80t64:amd64 (1.11.0-4.1build2) ...
#5 39.38 Selecting previously unselected package libpoconet80t64:amd64.
#5 39.38 Preparing to unpack .../104-libpoconet80t64_1.11.0-4.1build2_amd64.deb ...
#5 39.40 Unpacking libpoconet80t64:amd64 (1.11.0-4.1build2) ...
#5 39.48 Selecting previously unselected package libpocomongodb80t64:amd64.
#5 39.49 Preparing to unpack .../105-libpocomongodb80t64_1.11.0-4.1build2_amd64.deb ...
#5 39.50 Unpacking libpocomongodb80t64:amd64 (1.11.0-4.1build2) ...
#5 39.57 Selecting previously unselected package libpocoxml80t64:amd64.
#5 39.58 Preparing to unpack .../106-libpocoxml80t64_1.11.0-4.1build2_amd64.deb ...
#5 39.59 Unpacking libpocoxml80t64:amd64 (1.11.0-4.1build2) ...
#5 39.67 Selecting previously unselected package libpocoutil80t64:amd64.
#5 39.67 Preparing to unpack .../107-libpocoutil80t64_1.11.0-4.1build2_amd64.deb ...
#5 39.68 Unpacking libpocoutil80t64:amd64 (1.11.0-4.1build2) ...
#5 39.76 Selecting previously unselected package libpoconetssl80t64:amd64.
#5 39.76 Preparing to unpack .../108-libpoconetssl80t64_1.11.0-4.1build2_amd64.deb ...
#5 39.78 Unpacking libpoconetssl80t64:amd64 (1.11.0-4.1build2) ...
#5 39.86 Selecting previously unselected package libpocodataodbc80t64:amd64.
#5 39.86 Preparing to unpack .../109-libpocodataodbc80t64_1.11.0-4.1build2_amd64.deb ...
#5 39.88 Unpacking libpocodataodbc80t64:amd64 (1.11.0-4.1build2) ...
#5 39.96 Selecting previously unselected package libpocodatasqlite80t64:amd64.
#5 39.96 Preparing to unpack .../110-libpocodatasqlite80t64_1.11.0-4.1build2_amd64.deb ...
#5 39.98 Unpacking libpocodatasqlite80t64:amd64 (1.11.0-4.1build2) ...
#5 40.06 Selecting previously unselected package libpocoredis80t64:amd64.
#5 40.06 Preparing to unpack .../111-libpocoredis80t64_1.11.0-4.1build2_amd64.deb ...
#5 40.07 Unpacking libpocoredis80t64:amd64 (1.11.0-4.1build2) ...
#5 40.15 Selecting previously unselected package libpocozip80t64:amd64.
#5 40.15 Preparing to unpack .../112-libpocozip80t64_1.11.0-4.1build2_amd64.deb ...
#5 40.16 Unpacking libpocozip80t64:amd64 (1.11.0-4.1build2) ...
#5 40.24 Selecting previously unselected package libsqlite3-dev:amd64.
#5 40.24 Preparing to unpack .../113-libsqlite3-dev_3.45.1-1ubuntu2.8_amd64.deb ...
#5 40.25 Unpacking libsqlite3-dev:amd64 (3.45.1-1ubuntu2.8) ...
#5 40.35 Selecting previously unselected package libpoco-dev:amd64.
#5 40.35 Preparing to unpack .../114-libpoco-dev_1.11.0-4.1build2_amd64.deb ...
#5 40.36 Unpacking libpoco-dev:amd64 (1.11.0-4.1build2) ...
#5 40.69 Setting up mysql-common (5.8+1.1.0build1) ...
#5 40.76 update-alternatives: using /etc/mysql/my.cnf.fallback to provide /etc/mysql/my.cnf (my.cnf) in auto mode
#5 40.78 Setting up libmysqlclient21:amd64 (8.0.46-0ubuntu0.24.04.4) ...
#5 40.81 Setting up libkeyutils1:amd64 (1.6.3-3build1) ...
#5 40.85 Setting up lto-disabled-list (47) ...
#5 40.88 Setting up libzstd-dev:amd64 (1.5.5+dfsg2-2build1.1) ...
#5 40.91 Setting up libgdbm6t64:amd64 (1.23-5.1build1) ...
#5 40.94 Setting up libpcre16-3:amd64 (2:8.39-15build1) ...
#5 40.98 Setting up libgdbm-compat4t64:amd64 (1.23-5.1build1) ...
#5 41.01 Setting up libbrotli1:amd64 (1.1.0-2build2) ...
#5 41.04 Setting up libuv1t64:amd64 (1.48.0-1.1build1) ...
#5 41.07 Setting up binutils-common:amd64 (2.42-4ubuntu2.10) ...
#5 41.13 Setting up libpsl5t64:amd64 (0.21.2-1.1build1) ...
#5 41.17 Setting up libnghttp2-14:amd64 (1.59.0-1ubuntu0.4) ...
#5 41.20 Setting up linux-libc-dev:amd64 (6.8.0-146.146) ...
#5 41.23 Setting up libctf-nobfd0:amd64 (2.42-4ubuntu2.10) ...
#5 41.26 Setting up libgomp1:amd64 (14.2.0-4ubuntu2~24.04.1) ...
#5 41.30 Setting up bzip2 (1.0.8-5.1ubuntu0.1) ...
#5 41.33 Setting up googletest (1.14.0-1) ...
#5 41.36 Setting up libsframe1:amd64 (2.42-4ubuntu2.10) ...
#5 41.40 Setting up libjansson4:amd64 (2.14-2build2) ...
#5 41.43 Setting up libkrb5support0:amd64 (1.20.1-6ubuntu2.10) ...
#5 41.46 Setting up libsasl2-modules-db:amd64 (2.1.28+dfsg1-5ubuntu3.1) ...
#5 41.49 Setting up libpcre3:amd64 (2:8.39-15build1) ...
#5 41.53 Setting up rpcsvc-proto (1.4.2-0ubuntu7) ...
#5 41.56 Setting up gcc-13-base:amd64 (13.3.0-6ubuntu2~24.04.1) ...
#5 41.59 Setting up libflatbuffers2:amd64 (2.0.8+dfsg1-6build1) ...
#5 41.62 Setting up make (4.3-4.1build2) ...
#5 41.65 Setting up libmpfr6:amd64 (4.2.1-1build1.1) ...
#5 41.68 Setting up librtmp1:amd64 (2.4+20151223.gitfa8646d.1-2build7) ...
#5 41.72 Setting up xz-utils (5.6.1+really5.4.5-1ubuntu0.3) ...
#5 41.74 update-alternatives: using /usr/bin/xz to provide /usr/bin/lzma (lzma) in auto mode
#5 41.74 update-alternatives: warning: skip creation of /usr/share/man/man1/lzma.1.gz because associated file /usr/share/man/man1/xz.1.gz (of link group lzma) doesn't exist
#5 41.74 update-alternatives: warning: skip creation of /usr/share/man/man1/unlzma.1.gz because associated file /usr/share/man/man1/unxz.1.gz (of link group lzma) doesn't exist
#5 41.74 update-alternatives: warning: skip creation of /usr/share/man/man1/lzcat.1.gz because associated file /usr/share/man/man1/xzcat.1.gz (of link group lzma) doesn't exist
#5 41.74 update-alternatives: warning: skip creation of /usr/share/man/man1/lzmore.1.gz because associated file /usr/share/man/man1/xzmore.1.gz (of link group lzma) doesn't exist
#5 41.74 update-alternatives: warning: skip creation of /usr/share/man/man1/lzless.1.gz because associated file /usr/share/man/man1/xzless.1.gz (of link group lzma) doesn't exist
#5 41.74 update-alternatives: warning: skip creation of /usr/share/man/man1/lzdiff.1.gz because associated file /usr/share/man/man1/xzdiff.1.gz (of link group lzma) doesn't exist
#5 41.74 update-alternatives: warning: skip creation of /usr/share/man/man1/lzcmp.1.gz because associated file /usr/share/man/man1/xzcmp.1.gz (of link group lzma) doesn't exist
#5 41.74 update-alternatives: warning: skip creation of /usr/share/man/man1/lzgrep.1.gz because associated file /usr/share/man/man1/xzgrep.1.gz (of link group lzma) doesn't exist
#5 41.74 update-alternatives: warning: skip creation of /usr/share/man/man1/lzegrep.1.gz because associated file /usr/share/man/man1/xzegrep.1.gz (of link group lzma) doesn't exist
#5 41.74 update-alternatives: warning: skip creation of /usr/share/man/man1/lzfgrep.1.gz because associated file /usr/share/man/man1/xzfgrep.1.gz (of link group lzma) doesn't exist
#5 41.76 Setting up perl-modules-5.38 (5.38.2-3.2ubuntu0.6) ...
#5 41.79 Setting up libquadmath0:amd64 (14.2.0-4ubuntu2~24.04.1) ...
#5 41.83 Setting up libssl-dev:amd64 (3.0.13-0ubuntu3.16) ...
#5 41.86 Setting up libpcre32-3:amd64 (2:8.39-15build1) ...
#5 41.89 Setting up libmpc3:amd64 (1.3.1-1build1.1) ...
#5 41.92 Setting up libatomic1:amd64 (14.2.0-4ubuntu2~24.04.1) ...
#5 41.96 Setting up patch (2.7.6-7build3) ...
#5 41.99 Setting up libjsoncpp25:amd64 (1.9.5-6build1) ...
#5 42.02 Setting up libk5crypto3:amd64 (1.20.1-6ubuntu2.10) ...
#5 42.05 Setting up libltdl7:amd64 (2.4.7-7build1) ...
#5 42.08 Setting up libsasl2-2:amd64 (2.1.28+dfsg1-5ubuntu3.1) ...
#5 42.12 Setting up libubsan1:amd64 (14.2.0-4ubuntu2~24.04.1) ...
#5 42.14 Setting up libicu74:amd64 (74.2-1ubuntu3.1) ...
#5 42.18 Setting up libodbc2:amd64 (2.3.12-1ubuntu0.24.04.1) ...
#5 42.21 Setting up libhwasan0:amd64 (14.2.0-4ubuntu2~24.04.1) ...
#5 42.24 Setting up librhash0:amd64 (1.4.3-3build1) ...
#5 42.27 Setting up libcrypt-dev:amd64 (1:4.4.36-4build1) ...
#5 42.31 Setting up libasan8:amd64 (14.2.0-4ubuntu2~24.04.1) ...
#5 42.34 Setting up flatbuffers-compiler (2.0.8+dfsg1-6build1) ...
#5 42.37 Setting up libmsgsl-dev (4.0.0-3) ...
#5 42.40 Setting up cmake-data (3.28.3-1build7) ...
#5 42.44 Setting up libkrb5-3:amd64 (1.20.1-6ubuntu2.10) ...
#5 42.47 Setting up libperl5.38t64:amd64 (5.38.2-3.2ubuntu0.6) ...
#5 42.50 Setting up libtsan2:amd64 (14.2.0-4ubuntu2~24.04.1) ...
#5 42.54 Setting up libbinutils:amd64 (2.42-4ubuntu2.10) ...
#5 42.57 Setting up libisl23:amd64 (0.26-3build1.1) ...
#5 42.60 Setting up libc-dev-bin (2.39-0ubuntu8.9) ...
#5 42.63 Setting up libxml2:amd64 (2.9.14+dfsg-1.3ubuntu3.9) ...
#5 42.66 Setting up libcc1-0:amd64 (14.2.0-4ubuntu2~24.04.1) ...
#5 42.70 Setting up libldap2:amd64 (2.6.10+dfsg-0ubuntu0.24.04.1) ...
#5 42.73 Setting up liblsan0:amd64 (14.2.0-4ubuntu2~24.04.1) ...
#5 42.76 Setting up libitm1:amd64 (14.2.0-4ubuntu2~24.04.1) ...
#5 42.79 Setting up libctf0:amd64 (2.42-4ubuntu2.10) ...
#5 42.83 Setting up libpcrecpp0v5:amd64 (2:8.39-15build1) ...
#5 42.86 Setting up libgtest-dev:amd64 (1.14.0-1) ...
#5 42.89 Setting up cpp-13-x86-64-linux-gnu (13.3.0-6ubuntu2~24.04.1) ...
#5 42.92 Setting up libpocofoundation80t64:amd64 (1.11.0-4.1build2) ...
#5 42.96 Setting up perl (5.38.2-3.2ubuntu0.6) ...
#5 43.01 Setting up libgprofng0:amd64 (2.42-4ubuntu2.10) ...
#5 43.05 Setting up libpocojson80t64:amd64 (1.11.0-4.1build2) ...
#5 43.08 Setting up flatbuffers-compiler-dev:amd64 (2.0.8+dfsg1-6build1) ...
#5 43.11 Setting up libgssapi-krb5-2:amd64 (1.20.1-6ubuntu2.10) ...
#5 43.15 Setting up libpocodata80t64:amd64 (1.11.0-4.1build2) ...
#5 43.18 Setting up libdpkg-perl (1.22.6ubuntu6.6) ...
#5 43.22 Setting up libssh-4:amd64 (0.10.6-2ubuntu0.5) ...
#5 43.25 Setting up libgcc-13-dev:amd64 (13.3.0-6ubuntu2~24.04.1) ...
#5 43.28 Setting up libc6-dev:amd64 (2.39-0ubuntu8.9) ...
#5 43.31 Setting up libpocodatamysql80t64:amd64 (1.11.0-4.1build2) ...
#5 43.34 Setting up libarchive13t64:amd64 (3.7.2-2ubuntu0.8) ...
#5 43.37 Setting up libpocoactiverecord80t64:amd64 (1.11.0-4.1build2) ...
#5 43.40 Setting up libstdc++-13-dev:amd64 (13.3.0-6ubuntu2~24.04.1) ...
#5 43.44 Setting up libpocozip80t64:amd64 (1.11.0-4.1build2) ...
#5 43.49 Setting up binutils-x86-64-linux-gnu (2.42-4ubuntu2.10) ...
#5 43.52 Setting up cpp-x86-64-linux-gnu (4:13.2.0-7ubuntu1) ...
#5 43.56 Setting up libflatbuffers-dev:amd64 (2.0.8+dfsg1-6build1) ...
#5 43.59 Setting up cpp-13 (13.3.0-6ubuntu2~24.04.1) ...
#5 43.62 Setting up libcurl4t64:amd64 (8.5.0-2ubuntu10.15) ...
#5 43.65 Setting up libpcre3-dev:amd64 (2:8.39-15build1) ...
#5 43.68 Setting up gcc-13-x86-64-linux-gnu (13.3.0-6ubuntu2~24.04.1) ...
#5 43.72 Setting up libpococrypto80t64:amd64 (1.11.0-4.1build2) ...
#5 43.75 Setting up libpocoencodings80t64:amd64 (1.11.0-4.1build2) ...
#5 43.78 Setting up libpq5:amd64 (16.15-0ubuntu0.24.04.1) ...
#5 43.81 Setting up libpocodatapostgresql80t64:amd64 (1.11.0-4.1build2) ...
#5 43.85 Setting up binutils (2.42-4ubuntu2.10) ...
#5 43.88 Setting up libpocoxml80t64:amd64 (1.11.0-4.1build2) ...
#5 43.91 Setting up dpkg-dev (1.22.6ubuntu6.6) ...
#5 44.07 Setting up libpoconet80t64:amd64 (1.11.0-4.1build2) ...
#5 44.10 Setting up libpocodataodbc80t64:amd64 (1.11.0-4.1build2) ...
#5 44.13 Setting up libexpat1-dev:amd64 (2.6.1-2ubuntu0.6) ...
#5 44.16 Setting up libsqlite3-dev:amd64 (3.45.1-1ubuntu2.8) ...
#5 44.20 Setting up libpocodatasqlite80t64:amd64 (1.11.0-4.1build2) ...
#5 44.23 Setting up gcc-13 (13.3.0-6ubuntu2~24.04.1) ...
#5 44.26 Setting up zlib1g-dev:amd64 (1:1.3.dfsg-3.1ubuntu2.2) ...
#5 44.29 Setting up cpp (4:13.2.0-7ubuntu1) ...
#5 44.34 Setting up cmake (3.28.3-1build7) ...
#5 44.37 Setting up libpocojwt80t64:amd64 (1.11.0-4.1build2) ...
#5 44.40 Setting up libmysqlclient-dev (8.0.46-0ubuntu0.24.04.4) ...
#5 44.43 Setting up default-libmysqlclient-dev:amd64 (1.1.0build1) ...
#5 44.46 Setting up g++-13-x86-64-linux-gnu (13.3.0-6ubuntu2~24.04.1) ...
#5 44.49 Setting up gcc-x86-64-linux-gnu (4:13.2.0-7ubuntu1) ...
#5 44.52 Setting up libpocoutil80t64:amd64 (1.11.0-4.1build2) ...
#5 44.55 Setting up libpocomongodb80t64:amd64 (1.11.0-4.1build2) ...
#5 44.58 Setting up libpoconetssl80t64:amd64 (1.11.0-4.1build2) ...
#5 44.61 Setting up libpocoredis80t64:amd64 (1.11.0-4.1build2) ...
#5 44.64 Setting up gcc (4:13.2.0-7ubuntu1) ...
#5 44.70 Setting up g++-x86-64-linux-gnu (4:13.2.0-7ubuntu1) ...
#5 44.73 Setting up g++-13 (13.3.0-6ubuntu2~24.04.1) ...
#5 44.76 Setting up libpoco-dev:amd64 (1.11.0-4.1build2) ...
#5 44.79 Setting up g++ (4:13.2.0-7ubuntu1) ...
#5 44.81 update-alternatives: using /usr/bin/g++ to provide /usr/bin/c++ (c++) in auto mode
#5 44.81 update-alternatives: warning: skip creation of /usr/share/man/man1/c++.1.gz because associated file /usr/share/man/man1/g++.1.gz (of link group c++) doesn't exist
#5 44.83 Setting up build-essential (12.10ubuntu1) ...
#5 44.87 Processing triggers for libc-bin (2.39-0ubuntu8.9) ...
#5 DONE 45.2s

#6 exporting to image
#6 exporting layers
#6 exporting layers 22.7s done
#6 exporting manifest sha256:cdbcd600d131ae0adea28d3734e633d19cb30f0aed15915367f1179665c49796 0.0s done
#6 exporting config sha256:e9786fe973a1f5b3b8b4a2f41c9baf9fb2197d2d9d60bd63286b177a55044718 0.0s done
#6 exporting attestation manifest sha256:1b48139d9632b98b7db54e2dabdbb39af89a5f11ab5b6754b99ff76d80685f92
#6 exporting attestation manifest sha256:1b48139d9632b98b7db54e2dabdbb39af89a5f11ab5b6754b99ff76d80685f92 0.0s done
#6 exporting manifest list sha256:0a2bb8dae325e682bb307790f9e906aed096a934904395430618f5bda1d9efbd 0.0s done
#6 naming to docker.io/library/zkp-zksbom-native:v0 done
#6 unpacking to docker.io/library/zkp-zksbom-native:v0
#6 unpacking to docker.io/library/zkp-zksbom-native:v0 4.8s done
#6 DONE 27.7s

View build details: docker-desktop://dashboard/build/desktop-linux/desktop-linux/rgue9xqwxrtrmz04299dge5fb
