#0 building with "desktop-linux" instance using docker driver

#1 [internal] load build definition from Dockerfile
#1 transferring dockerfile: 212B done
#1 DONE 0.0s

#2 [internal] load metadata for docker.io/library/python@sha256:0dd364ba7e10242f07755449e3a3d0e35f9efd987952737b90def6709ab0c5ce
#2 ...

#3 [auth] library/python:pull token for registry-1.docker.io
#3 DONE 0.0s

#2 [internal] load metadata for docker.io/library/python@sha256:0dd364ba7e10242f07755449e3a3d0e35f9efd987952737b90def6709ab0c5ce
#2 DONE 0.7s

#4 [internal] load .dockerignore
#4 transferring context: 2B done
#4 DONE 0.1s

#5 [1/2] FROM docker.io/library/python@sha256:0dd364ba7e10242f07755449e3a3d0e35f9efd987952737b90def6709ab0c5ce
#5 resolve docker.io/library/python@sha256:0dd364ba7e10242f07755449e3a3d0e35f9efd987952737b90def6709ab0c5ce 0.0s done
#5 DONE 0.2s

#6 [2/2] RUN apt-get update && apt-get install -y --no-install-recommends curl ca-certificates
#6 0.718 Hit:1 http://deb.debian.org/debian trixie InRelease
#6 0.735 Get:2 http://deb.debian.org/debian trixie-updates InRelease [47.3 kB]
#6 0.776 Get:3 http://deb.debian.org/debian-security trixie-security InRelease [43.4 kB]
#6 0.812 Get:4 http://deb.debian.org/debian trixie/main amd64 Packages [9678 kB]
#6 1.524 Get:5 http://deb.debian.org/debian trixie-updates/main amd64 Packages [4412 B]
#6 1.553 Get:6 http://deb.debian.org/debian-security trixie-security/main amd64 Packages [265 kB]
#6 2.195 Fetched 10.0 MB in 2s (6192 kB/s)
#6 2.195 Reading package lists...
#6 2.869 Reading package lists...
#6 3.446 Building dependency tree...
#6 3.601 Reading state information...
#6 3.798 ca-certificates is already the newest version (20250419).
#6 3.798 The following additional packages will be installed:
#6 3.798   libbrotli1 libcom-err2 libcurl4t64 libgnutls30t64 libgssapi-krb5-2 libidn2-0
#6 3.798   libk5crypto3 libkeyutils1 libkrb5-3 libkrb5support0 libldap2 libnghttp2-14
#6 3.799   libnghttp3-9 libp11-kit0 libpsl5t64 librtmp1 libsasl2-2 libsasl2-modules-db
#6 3.800   libssh2-1t64 libtasn1-6 libunistring5
#6 3.802 Suggested packages:
#6 3.802   gnutls-bin krb5-doc krb5-user
#6 3.802 Recommended packages:
#6 3.802   bash-completion krb5-locales libldap-common publicsuffix libsasl2-modules
#6 3.918 The following NEW packages will be installed:
#6 3.918   curl libbrotli1 libcom-err2 libcurl4t64 libgnutls30t64 libgssapi-krb5-2
#6 3.918   libidn2-0 libk5crypto3 libkeyutils1 libkrb5-3 libkrb5support0 libldap2
#6 3.918   libnghttp2-14 libnghttp3-9 libp11-kit0 libpsl5t64 librtmp1 libsasl2-2
#6 3.918   libsasl2-modules-db libssh2-1t64 libtasn1-6 libunistring5
#6 4.014 0 upgraded, 22 newly installed, 0 to remove and 1 not upgraded.
#6 4.014 Need to get 4888 kB of archives.
#6 4.014 After this operation, 14.7 MB of additional disk space will be used.
#6 4.014 Get:1 http://deb.debian.org/debian trixie/main amd64 libbrotli1 amd64 1.1.0-2+b7 [307 kB]
#6 4.118 Get:2 http://deb.debian.org/debian trixie/main amd64 libkrb5support0 amd64 1.21.3-5+deb13u1 [33.1 kB]
#6 4.120 Get:3 http://deb.debian.org/debian trixie/main amd64 libcom-err2 amd64 1.47.2-3+b12 [25.0 kB]
#6 4.128 Get:4 http://deb.debian.org/debian trixie/main amd64 libk5crypto3 amd64 1.21.3-5+deb13u1 [81.2 kB]
#6 4.132 Get:5 http://deb.debian.org/debian trixie/main amd64 libkeyutils1 amd64 1.6.3-6 [9456 B]
#6 4.132 Get:6 http://deb.debian.org/debian trixie/main amd64 libkrb5-3 amd64 1.21.3-5+deb13u1 [326 kB]
#6 4.170 Get:7 http://deb.debian.org/debian trixie/main amd64 libgssapi-krb5-2 amd64 1.21.3-5+deb13u1 [138 kB]
#6 4.178 Get:8 http://deb.debian.org/debian trixie/main amd64 libunistring5 amd64 1.3-2 [477 kB]
#6 4.211 Get:9 http://deb.debian.org/debian trixie/main amd64 libidn2-0 amd64 2.3.8-2 [109 kB]
#6 4.220 Get:10 http://deb.debian.org/debian trixie/main amd64 libsasl2-modules-db amd64 2.1.28+dfsg1-9 [19.8 kB]
#6 4.224 Get:11 http://deb.debian.org/debian trixie/main amd64 libsasl2-2 amd64 2.1.28+dfsg1-9 [57.5 kB]
#6 4.257 Get:12 http://deb.debian.org/debian trixie/main amd64 libldap2 amd64 2.6.10+dfsg-1 [194 kB]
#6 4.270 Get:13 http://deb.debian.org/debian trixie/main amd64 libnghttp2-14 amd64 1.64.0-1.1+deb13u1 [76.2 kB]
#6 4.276 Get:14 http://deb.debian.org/debian trixie/main amd64 libnghttp3-9 amd64 1.8.0-1 [67.7 kB]
#6 4.279 Get:15 http://deb.debian.org/debian trixie/main amd64 libpsl5t64 amd64 0.21.2-1.1+b1 [57.2 kB]
#6 4.281 Get:16 http://deb.debian.org/debian trixie/main amd64 libp11-kit0 amd64 0.25.5-3 [425 kB]
#6 4.319 Get:17 http://deb.debian.org/debian trixie/main amd64 libtasn1-6 amd64 4.20.0-2+deb13u1 [50.1 kB]
#6 4.327 Get:18 http://deb.debian.org/debian trixie/main amd64 libgnutls30t64 amd64 3.8.9-3+deb13u4 [1469 kB]
#6 4.460 Get:19 http://deb.debian.org/debian trixie/main amd64 librtmp1 amd64 2.4+20151223.gitfa8646d.1-2+b5 [58.8 kB]
#6 4.462 Get:20 http://deb.debian.org/debian trixie/main amd64 libssh2-1t64 amd64 1.11.1-1+deb13u2 [245 kB]
#6 4.477 Get:21 http://deb.debian.org/debian trixie/main amd64 libcurl4t64 amd64 8.14.1-2+deb13u5 [391 kB]
#6 4.508 Get:22 http://deb.debian.org/debian trixie/main amd64 curl amd64 8.14.1-2+deb13u5 [270 kB]
#6 4.723 debconf: unable to initialize frontend: Dialog
#6 4.723 debconf: (TERM is not set, so the dialog frontend is not usable.)
#6 4.723 debconf: falling back to frontend: Readline
#6 4.724 debconf: unable to initialize frontend: Readline
#6 4.724 debconf: (Can't locate Term/ReadLine.pm in @INC (you may need to install the Term::ReadLine module) (@INC entries checked: /etc/perl /usr/local/lib/x86_64-linux-gnu/perl/5.40.1 /usr/local/share/perl/5.40.1 /usr/lib/x86_64-linux-gnu/perl5/5.40 /usr/share/perl5 /usr/lib/x86_64-linux-gnu/perl-base /usr/lib/x86_64-linux-gnu/perl/5.40 /usr/share/perl/5.40 /usr/local/lib/site_perl) at /usr/share/perl5/Debconf/FrontEnd/Readline.pm line 8, <STDIN> line 22.)
#6 4.724 debconf: falling back to frontend: Teletype
#6 4.732 debconf: unable to initialize frontend: Teletype
#6 4.732 debconf: (This frontend requires a controlling tty.)
#6 4.732 debconf: falling back to frontend: Noninteractive
#6 5.337 Fetched 4888 kB in 1s (8246 kB/s)
#6 5.394 Selecting previously unselected package libbrotli1:amd64.
#6 5.394 (Reading database ... 
(Reading database ... 5%
(Reading database ... 10%
(Reading database ... 15%
(Reading database ... 20%
(Reading database ... 25%
(Reading database ... 30%
(Reading database ... 35%
(Reading database ... 40%
(Reading database ... 45%
(Reading database ... 50%
(Reading database ... 55%
(Reading database ... 60%
(Reading database ... 65%
(Reading database ... 70%
(Reading database ... 75%
(Reading database ... 80%
(Reading database ... 85%
(Reading database ... 90%
(Reading database ... 95%
(Reading database ... 100%
(Reading database ... 5660 files and directories currently installed.)
#6 5.423 Preparing to unpack .../00-libbrotli1_1.1.0-2+b7_amd64.deb ...
#6 5.444 Unpacking libbrotli1:amd64 (1.1.0-2+b7) ...
#6 5.531 Selecting previously unselected package libkrb5support0:amd64.
#6 5.532 Preparing to unpack .../01-libkrb5support0_1.21.3-5+deb13u1_amd64.deb ...
#6 5.542 Unpacking libkrb5support0:amd64 (1.21.3-5+deb13u1) ...
#6 5.617 Selecting previously unselected package libcom-err2:amd64.
#6 5.618 Preparing to unpack .../02-libcom-err2_1.47.2-3+b12_amd64.deb ...
#6 5.629 Unpacking libcom-err2:amd64 (1.47.2-3+b12) ...
#6 5.700 Selecting previously unselected package libk5crypto3:amd64.
#6 5.702 Preparing to unpack .../03-libk5crypto3_1.21.3-5+deb13u1_amd64.deb ...
#6 5.712 Unpacking libk5crypto3:amd64 (1.21.3-5+deb13u1) ...
#6 5.788 Selecting previously unselected package libkeyutils1:amd64.
#6 5.789 Preparing to unpack .../04-libkeyutils1_1.6.3-6_amd64.deb ...
#6 5.800 Unpacking libkeyutils1:amd64 (1.6.3-6) ...
#6 5.874 Selecting previously unselected package libkrb5-3:amd64.
#6 5.875 Preparing to unpack .../05-libkrb5-3_1.21.3-5+deb13u1_amd64.deb ...
#6 5.885 Unpacking libkrb5-3:amd64 (1.21.3-5+deb13u1) ...
#6 5.983 Selecting previously unselected package libgssapi-krb5-2:amd64.
#6 5.984 Preparing to unpack .../06-libgssapi-krb5-2_1.21.3-5+deb13u1_amd64.deb ...
#6 5.993 Unpacking libgssapi-krb5-2:amd64 (1.21.3-5+deb13u1) ...
#6 6.078 Selecting previously unselected package libunistring5:amd64.
#6 6.078 Preparing to unpack .../07-libunistring5_1.3-2_amd64.deb ...
#6 6.089 Unpacking libunistring5:amd64 (1.3-2) ...
#6 6.188 Selecting previously unselected package libidn2-0:amd64.
#6 6.189 Preparing to unpack .../08-libidn2-0_2.3.8-2_amd64.deb ...
#6 6.199 Unpacking libidn2-0:amd64 (2.3.8-2) ...
#6 6.259 Selecting previously unselected package libsasl2-modules-db:amd64.
#6 6.260 Preparing to unpack .../09-libsasl2-modules-db_2.1.28+dfsg1-9_amd64.deb ...
#6 6.270 Unpacking libsasl2-modules-db:amd64 (2.1.28+dfsg1-9) ...
#6 6.336 Selecting previously unselected package libsasl2-2:amd64.
#6 6.337 Preparing to unpack .../10-libsasl2-2_2.1.28+dfsg1-9_amd64.deb ...
#6 6.346 Unpacking libsasl2-2:amd64 (2.1.28+dfsg1-9) ...
#6 6.426 Selecting previously unselected package libldap2:amd64.
#6 6.427 Preparing to unpack .../11-libldap2_2.6.10+dfsg-1_amd64.deb ...
#6 6.438 Unpacking libldap2:amd64 (2.6.10+dfsg-1) ...
#6 6.605 Selecting previously unselected package libnghttp2-14:amd64.
#6 6.606 Preparing to unpack .../12-libnghttp2-14_1.64.0-1.1+deb13u1_amd64.deb ...
#6 6.618 Unpacking libnghttp2-14:amd64 (1.64.0-1.1+deb13u1) ...
#6 6.692 Selecting previously unselected package libnghttp3-9:amd64.
#6 6.692 Preparing to unpack .../13-libnghttp3-9_1.8.0-1_amd64.deb ...
#6 6.702 Unpacking libnghttp3-9:amd64 (1.8.0-1) ...
#6 6.780 Selecting previously unselected package libpsl5t64:amd64.
#6 6.781 Preparing to unpack .../14-libpsl5t64_0.21.2-1.1+b1_amd64.deb ...
#6 6.792 Unpacking libpsl5t64:amd64 (0.21.2-1.1+b1) ...
#6 6.873 Selecting previously unselected package libp11-kit0:amd64.
#6 6.874 Preparing to unpack .../15-libp11-kit0_0.25.5-3_amd64.deb ...
#6 6.884 Unpacking libp11-kit0:amd64 (0.25.5-3) ...
#6 6.981 Selecting previously unselected package libtasn1-6:amd64.
#6 6.982 Preparing to unpack .../16-libtasn1-6_4.20.0-2+deb13u1_amd64.deb ...
#6 6.992 Unpacking libtasn1-6:amd64 (4.20.0-2+deb13u1) ...
#6 7.070 Selecting previously unselected package libgnutls30t64:amd64.
#6 7.071 Preparing to unpack .../17-libgnutls30t64_3.8.9-3+deb13u4_amd64.deb ...
#6 7.080 Unpacking libgnutls30t64:amd64 (3.8.9-3+deb13u4) ...
#6 7.188 Selecting previously unselected package librtmp1:amd64.
#6 7.189 Preparing to unpack .../18-librtmp1_2.4+20151223.gitfa8646d.1-2+b5_amd64.deb ...
#6 7.198 Unpacking librtmp1:amd64 (2.4+20151223.gitfa8646d.1-2+b5) ...
#6 7.272 Selecting previously unselected package libssh2-1t64:amd64.
#6 7.272 Preparing to unpack .../19-libssh2-1t64_1.11.1-1+deb13u2_amd64.deb ...
#6 7.282 Unpacking libssh2-1t64:amd64 (1.11.1-1+deb13u2) ...
#6 7.359 Selecting previously unselected package libcurl4t64:amd64.
#6 7.359 Preparing to unpack .../20-libcurl4t64_8.14.1-2+deb13u5_amd64.deb ...
#6 7.369 Unpacking libcurl4t64:amd64 (8.14.1-2+deb13u5) ...
#6 7.434 Selecting previously unselected package curl.
#6 7.435 Preparing to unpack .../21-curl_8.14.1-2+deb13u5_amd64.deb ...
#6 7.444 Unpacking curl (8.14.1-2+deb13u5) ...
#6 7.527 Setting up libkeyutils1:amd64 (1.6.3-6) ...
#6 7.558 Setting up libbrotli1:amd64 (1.1.0-2+b7) ...
#6 7.589 Setting up libnghttp2-14:amd64 (1.64.0-1.1+deb13u1) ...
#6 7.618 Setting up libcom-err2:amd64 (1.47.2-3+b12) ...
#6 7.647 Setting up libkrb5support0:amd64 (1.21.3-5+deb13u1) ...
#6 7.675 Setting up libsasl2-modules-db:amd64 (2.1.28+dfsg1-9) ...
#6 7.703 Setting up libp11-kit0:amd64 (0.25.5-3) ...
#6 7.731 Setting up libunistring5:amd64 (1.3-2) ...
#6 7.758 Setting up libk5crypto3:amd64 (1.21.3-5+deb13u1) ...
#6 7.786 Setting up libsasl2-2:amd64 (2.1.28+dfsg1-9) ...
#6 7.815 Setting up libnghttp3-9:amd64 (1.8.0-1) ...
#6 7.842 Setting up libtasn1-6:amd64 (4.20.0-2+deb13u1) ...
#6 7.870 Setting up libkrb5-3:amd64 (1.21.3-5+deb13u1) ...
#6 7.898 Setting up libssh2-1t64:amd64 (1.11.1-1+deb13u2) ...
#6 7.926 Setting up libldap2:amd64 (2.6.10+dfsg-1) ...
#6 7.953 Setting up libidn2-0:amd64 (2.3.8-2) ...
#6 7.980 Setting up libgssapi-krb5-2:amd64 (1.21.3-5+deb13u1) ...
#6 8.011 Setting up libgnutls30t64:amd64 (3.8.9-3+deb13u4) ...
#6 8.041 Setting up libpsl5t64:amd64 (0.21.2-1.1+b1) ...
#6 8.069 Setting up librtmp1:amd64 (2.4+20151223.gitfa8646d.1-2+b5) ...
#6 8.099 Setting up libcurl4t64:amd64 (8.14.1-2+deb13u5) ...
#6 8.128 Setting up curl (8.14.1-2+deb13u5) ...
#6 8.158 Processing triggers for libc-bin (2.41-12+deb13u4) ...
#6 DONE 8.3s

#7 exporting to image
#7 exporting layers
#7 exporting layers 1.6s done
#7 exporting manifest sha256:a772236b915bd0557c9a096458b1f5e4dc0a4aa4a09e546f66b2ce5bc27dd651 0.0s done
#7 exporting config sha256:a3f07bb7376345624c9dc96ae0633bb4057696d843523e19f6792411e4f085c9 0.0s done
#7 exporting attestation manifest sha256:48df647c217f415ed7b986f9257ecc30fca08016e7bc1d2b49f3a6f8fb0d8bfc 0.0s done
#7 exporting manifest list sha256:019e1a586ab9ce8bd50bf4e19b2b4afa387f7ce44050d9aa3427956dd36e7324
#7 exporting manifest list sha256:019e1a586ab9ce8bd50bf4e19b2b4afa387f7ce44050d9aa3427956dd36e7324 0.0s done
#7 naming to docker.io/library/zkp-noir-audit:local done
#7 unpacking to docker.io/library/zkp-noir-audit:local
#7 unpacking to docker.io/library/zkp-noir-audit:local 0.3s done
#7 DONE 2.1s

View build details: docker-desktop://dashboard/build/desktop-linux/desktop-linux/yla1bbdv5bgk8e2pn449c4e2s
