#0 building with "desktop-linux" instance using docker driver

#1 [internal] load build definition from Dockerfile
#1 transferring dockerfile: 203B 0.0s done
#1 DONE 0.1s

#2 [internal] load metadata for docker.io/library/sha256:0dd364ba7e10242f07755449e3a3d0e35f9efd987952737b90def6709ab0c5ce
#2 ...

#3 [auth] library/sha256:pull token for registry-1.docker.io
#3 DONE 0.0s

#2 [internal] load metadata for docker.io/library/sha256:0dd364ba7e10242f07755449e3a3d0e35f9efd987952737b90def6709ab0c5ce
#2 ERROR: pull access denied, repository does not exist or may require authorization: server message: insufficient_scope: authorization failed
------
 > [internal] load metadata for docker.io/library/sha256:0dd364ba7e10242f07755449e3a3d0e35f9efd987952737b90def6709ab0c5ce:
------
Dockerfile:1
--------------------
   1 | >>> FROM sha256:0dd364ba7e10242f07755449e3a3d0e35f9efd987952737b90def6709ab0c5ce
   2 |     RUN apt-get update && apt-get install -y --no-install-recommends curl ca-certificates
   3 |     
--------------------
ERROR: failed to build: failed to solve: sha256:0dd364ba7e10242f07755449e3a3d0e35f9efd987952737b90def6709ab0c5ce: failed to resolve source metadata for docker.io/library/sha256:0dd364ba7e10242f07755449e3a3d0e35f9efd987952737b90def6709ab0c5ce: pull access denied, repository does not exist or may require authorization: server message: insufficient_scope: authorization failed

View build details: docker-desktop://dashboard/build/desktop-linux/desktop-linux/k7xjdk9det26p5fljz9iifo2n
