    Updating crates.io index
 Downloading crates ...
  Downloaded adler2 v2.0.1
  Downloaded arrayref v0.3.9
  Downloaded atty v0.2.14
  Downloaded funty v2.0.0
  Downloaded rand_chacha v0.3.1
  Downloaded execute-command-macro-impl v0.1.12
  Downloaded lazy_static v1.5.0
  Downloaded cpufeatures v0.2.17
  Downloaded scopeguard v1.2.0
  Downloaded hex v0.4.3
  Downloaded pasta-msm v0.1.5
  Downloaded radium v0.7.0
  Downloaded constant_time_eq v0.1.5
  Downloaded itoa v1.0.17
  Downloaded yastl v0.1.2
  Downloaded hex-literal v0.3.4
  Downloaded errno v0.3.14
  Downloaded serde_arrays v0.1.0
  Downloaded which v4.4.2
  Downloaded threadpool v1.8.1
  Downloaded paste v1.0.15
  Downloaded num-integer v0.1.46
  Downloaded subtle v2.6.1
  Downloaded rand_core v0.6.4
  Downloaded zeroize_derive v1.4.3
  Downloaded bitflags v2.10.0
  Downloaded wasm_sync v0.1.2
  Downloaded trait-set v0.3.0
  Downloaded version_check v0.9.5
  Downloaded shlex v1.3.0
  Downloaded once_cell v1.21.3
  Downloaded zmij v1.0.20
  Downloaded thiserror v1.0.69
  Downloaded textwrap v0.11.0
  Downloaded pasta_curves v0.5.1
  Downloaded spin v0.9.8
  Downloaded sha2 v0.10.9
  Downloaded serde_derive v1.0.228
  Downloaded serde_core v1.0.228
  Downloaded blstrs v0.7.1
  Downloaded serde v1.0.228
  Downloaded typenum v1.19.0
  Downloaded rand v0.8.5
  Downloaded num-bigint v0.4.6
  Downloaded nova-snark v0.23.0
  Downloaded itertools v0.11.0
  Downloaded sppark v0.1.14
  Downloaded rayon v1.11.0
  Downloaded clap v2.34.0
  Downloaded serde_json v1.0.149
  Downloaded bitvec v1.0.1
  Downloaded bellperson v0.25.0
  Downloaded itertools v0.9.0
  Downloaded miniz_oxide v0.8.9
  Downloaded itertools v0.8.2
  Downloaded unicode-width v0.1.14
  Downloaded crossbeam-channel v0.5.15
  Downloaded rustix v0.38.44
  Downloaded blst v0.3.16
  Downloaded cc v1.2.55
  Downloaded syn v1.0.109
  Downloaded zerocopy v0.8.39
  Downloaded syn v2.0.114
  Downloaded semolina v0.1.4
  Downloaded rayon-core v1.13.0
  Downloaded num-bigint v0.3.3
  Downloaded memchr v2.8.0
  Downloaded halo2curves v0.1.0
  Downloaded flate2 v1.1.9
  Downloaded unicode-ident v1.0.23
  Downloaded proc-macro2 v1.0.106
  Downloaded log v0.4.29
  Downloaded crossbeam-epoch v0.9.18
  Downloaded num-traits v0.2.19
  Downloaded getrandom v0.2.17
  Downloaded generic-array v1.3.5
  Downloaded flume v0.10.14
  Downloaded generic-array v0.14.9
  Downloaded nova-scotia v0.5.0
  Downloaded constant_time_eq v0.4.2
  Downloaded blake2s_simd v1.0.4
  Downloaded anyhow v1.0.101
  Downloaded libc v0.2.181
  Downloaded lock_api v0.4.14
  Downloaded crossbeam-utils v0.8.21
  Downloaded ec-gpu-gen v0.6.0
  Downloaded crc32fast v1.5.0
  Downloaded zeroize v1.8.2
  Downloaded wyz v0.5.1
  Downloaded thiserror-impl v1.0.69
  Downloaded static_assertions v1.1.0
  Downloaded simd-adler32 v0.3.8
  Downloaded blake2s_simd v0.5.11
  Downloaded sha3 v0.10.8
  Downloaded vec_map v0.8.2
  Downloaded strsim v0.8.0
  Downloaded quote v1.0.44
  Downloaded ppv-lite86 v0.2.21
  Downloaded crossbeam-deque v0.8.6
  Downloaded blake2b_simd v1.0.4
  Downloaded rustversion v1.0.22
  Downloaded memmap2 v0.5.10
  Downloaded ff v0.13.1
  Downloaded home v0.5.12
  Downloaded group v0.13.0
  Downloaded execute-command-macro v0.1.11
  Downloaded byteorder v1.5.0
  Downloaded find-msvc-tools v0.1.9
  Downloaded either v1.15.0
  Downloaded digest v0.10.7
  Downloaded crypto-common v0.1.6
  Downloaded autocfg v1.5.0
  Downloaded arrayvec v0.5.2
  Downloaded cfg-if v1.0.4
  Downloaded block-buffer v0.10.4
  Downloaded bitflags v1.3.2
  Downloaded bincode v1.3.3
  Downloaded arrayvec v0.7.6
  Downloaded ansi_term v0.12.1
  Downloaded addchain v0.2.0
  Downloaded tap v1.0.1
  Downloaded rand_xorshift v0.3.0
  Downloaded pairing v0.23.0
  Downloaded num_cpus v1.17.0
  Downloaded keccak v0.1.5
  Downloaded byte-slice-cast v1.2.3
  Downloaded ec-gpu v0.2.0
  Downloaded execute v0.2.15
  Downloaded ff_derive v0.13.1
  Downloaded execute-command-tokens v0.1.9
  Downloaded linux-raw-sys v0.4.15
  Downloaded neptune v10.0.0
   Compiling proc-macro2 v1.0.106
   Compiling quote v1.0.44
   Compiling unicode-ident v1.0.23
   Compiling libc v0.2.181
   Compiling serde_core v1.0.228
   Compiling find-msvc-tools v0.1.9
   Compiling radium v0.7.0
   Compiling shlex v1.3.0
   Compiling cc v1.2.55
   Compiling typenum v1.19.0
   Compiling autocfg v1.5.0
   Compiling serde v1.0.228
   Compiling num-traits v0.2.19
   Compiling syn v2.0.114
   Compiling crossbeam-utils v0.8.21
   Compiling version_check v0.9.5
   Compiling generic-array v0.14.9
   Compiling cfg-if v1.0.4
   Compiling either v1.15.0
   Compiling zerocopy v0.8.39
   Compiling getrandom v0.2.17
   Compiling rand_core v0.6.4
   Compiling num-bigint v0.3.3
   Compiling syn v1.0.109
   Compiling tap v1.0.1
   Compiling wyz v0.5.1
   Compiling num-integer v0.1.46
   Compiling scopeguard v1.2.0
   Compiling funty v2.0.0
   Compiling bitvec v1.0.1
   Compiling lock_api v0.4.14
   Compiling serde_derive v1.0.228
   Compiling zeroize_derive v1.4.3
   Compiling ppv-lite86 v0.2.21
   Compiling blst v0.3.16
   Compiling rustversion v1.0.22
   Compiling rustix v0.38.44
   Compiling subtle v2.6.1
   Compiling rayon-core v1.13.0
   Compiling ff v0.13.1
   Compiling rand_chacha v0.3.1
   Compiling addchain v0.2.0
   Compiling spin v0.9.8
   Compiling rand_xorshift v0.3.0
   Compiling rand v0.8.5
   Compiling execute-command-tokens v0.1.9
   Compiling linux-raw-sys v0.4.15
   Compiling bitflags v2.10.0
   Compiling group v0.13.0
   Compiling execute-command-macro-impl v0.1.12
   Compiling ff_derive v0.13.1
   Compiling num_cpus v1.17.0
   Compiling home v0.5.12
   Compiling byteorder v1.5.0
   Compiling thiserror v1.0.69
   Compiling which v4.4.2
   Compiling threadpool v1.8.1
   Compiling crossbeam-epoch v0.9.18
   Compiling hex v0.4.3
   Compiling zeroize v1.8.2
   Compiling thiserror-impl v1.0.69
   Compiling arrayref v0.3.9
   Compiling ec-gpu-gen v0.6.0
   Compiling crossbeam-deque v0.8.6
   Compiling block-buffer v0.10.4
   Compiling crypto-common v0.1.6
   Compiling pairing v0.23.0
   Compiling byte-slice-cast v1.2.3
   Compiling constant_time_eq v0.4.2
   Compiling arrayvec v0.7.6
   Compiling digest v0.10.7
   Compiling generic-array v1.3.5
   Compiling execute-command-macro v0.1.11
   Compiling flume v0.10.14
   Compiling cpufeatures v0.2.17
   Compiling sha2 v0.10.9
   Compiling execute v0.2.15
   Compiling yastl v0.1.2
   Compiling rayon v1.11.0
   Compiling sppark v0.1.14
   Compiling crossbeam-channel v0.5.15
   Compiling ec-gpu v0.2.0
   Compiling log v0.4.29
   Compiling once_cell v1.21.3
   Compiling blake2b_simd v1.0.4
   Compiling blstrs v0.7.1
   Compiling lazy_static v1.5.0
   Compiling semolina v0.1.4
   Compiling static_assertions v1.1.0
   Compiling pasta_curves v0.5.1
   Compiling bellperson v0.25.0
   Compiling paste v1.0.15
   Compiling crc32fast v1.5.0
   Compiling pasta-msm v0.1.5
   Compiling neptune v10.0.0
   Compiling blake2s_simd v1.0.4
   Compiling bincode v1.3.3
   Compiling memmap2 v0.5.10
   Compiling adler2 v2.0.1
   Compiling halo2curves v0.1.0
   Compiling constant_time_eq v0.1.5
   Compiling zmij v1.0.20
   Compiling arrayvec v0.5.2
   Compiling simd-adler32 v0.3.8
   Compiling miniz_oxide v0.8.9
   Compiling blake2s_simd v0.5.11
   Compiling num-bigint v0.4.6
   Compiling itertools v0.8.2
   Compiling serde_arrays v0.1.0
   Compiling trait-set v0.3.0
   Compiling anyhow v1.0.101
   Compiling keccak v0.1.5
   Compiling serde_json v1.0.149
   Compiling sha3 v0.10.8
   Compiling flate2 v1.1.9
   Compiling itertools v0.11.0
   Compiling itoa v1.0.17
   Compiling memchr v2.8.0
   Compiling unicode-width v0.1.14
   Compiling textwrap v0.11.0
   Compiling nova-snark v0.23.0
   Compiling itertools v0.9.0
   Compiling atty v0.2.14
   Compiling vec_map v0.8.2
   Compiling ansi_term v0.12.1
   Compiling strsim v0.8.0
   Compiling bitflags v1.3.2
   Compiling hex-literal v0.3.4
   Compiling clap v2.34.0
   Compiling nova-scotia v0.5.0
   Compiling bomz v0.1.0 (/work)
warning: unused import: `Group`
 --> src/main.rs:9:58
  |
9 | use nova_snark::{CompressedSNARK, PublicParams, traits::{Group, circuit::TrivialTestCircuit}};
  |                                                          ^^^^^
  |
  = note: `#[warn(unused_imports)]` on by default

warning: `bomz` (bin "bomz") generated 1 warning (run `cargo fix --bin "bomz"` to apply 1 suggestion)
    Finished `release` profile [optimized] target(s) in 1m 55s
bd0bd39965cb458cd8667ac8cb709b16227395be1fb6691f2d2ae28a1704afa5  target/release/bomz
