#0 building with "desktop-linux" instance using docker driver

#1 [internal] load build definition from Dockerfile
#1 transferring dockerfile: 499B 0.0s done
#1 DONE 0.1s

#2 [internal] load metadata for docker.io/library/rust@sha256:38bc5a86d998772d4aec2348656ed21438d20fcdce2795b56ca434cf21430d89
#2 ...

#3 [auth] library/rust:pull token for registry-1.docker.io
#3 DONE 0.0s

#2 [internal] load metadata for docker.io/library/rust@sha256:38bc5a86d998772d4aec2348656ed21438d20fcdce2795b56ca434cf21430d89
#2 DONE 0.9s

#4 [internal] load .dockerignore
#4 transferring context: 2B done
#4 DONE 0.1s

#5 [internal] load build context
#5 DONE 0.0s

#6 [1/5] FROM docker.io/library/rust@sha256:38bc5a86d998772d4aec2348656ed21438d20fcdce2795b56ca434cf21430d89
#6 resolve docker.io/library/rust@sha256:38bc5a86d998772d4aec2348656ed21438d20fcdce2795b56ca434cf21430d89
#6 resolve docker.io/library/rust@sha256:38bc5a86d998772d4aec2348656ed21438d20fcdce2795b56ca434cf21430d89 0.1s done
#6 DONE 0.2s

#5 [internal] load build context
#5 transferring context: 65.37MB 4.8s
#5 transferring context: 123.81MB 8.6s done
#5 DONE 8.7s

#7 [2/5] RUN apt-get update && apt-get install -y --no-install-recommends build-essential libssl-dev pkg-config curl git ca-certificates cmake clang
#7 1.321 Get:1 http://deb.debian.org/debian bookworm InRelease [151 kB]
#7 1.402 Get:2 http://deb.debian.org/debian bookworm-updates InRelease [55.4 kB]
#7 1.436 Get:3 http://deb.debian.org/debian-security bookworm-security InRelease [34.8 kB]
#7 1.578 Get:4 http://deb.debian.org/debian bookworm/main amd64 Packages [8790 kB]
#7 2.550 Get:5 http://deb.debian.org/debian bookworm-updates/main amd64 Packages [6924 B]
#7 2.553 Get:6 http://deb.debian.org/debian-security bookworm-security/main amd64 Packages [349 kB]
#7 4.873 Fetched 9388 kB in 4s (2545 kB/s)
#7 4.873 Reading package lists...
#7 7.086 Reading package lists...
#7 8.843 Building dependency tree...
#7 9.021 Reading state information...
#7 9.220 The following additional packages will be installed:
#7 9.220   bzip2 clang-14 cmake-data dpkg dpkg-dev g++ g++-12 git-man libarchive13
#7 9.220   libbrotli1 libbsd0 libclang-common-14-dev libclang-cpp14 libclang1-14
#7 9.220   libcurl3-gnutls libcurl4 libdpkg-perl libedit2 liberror-perl libexpat1
#7 9.220   libgc1 libgdbm-compat4 libgdbm6 libicu72 libjsoncpp25 libldap-2.5-0
#7 9.220   libllvm14 liblzma5 libncursesw6 libnghttp2-14 libobjc-12-dev libobjc4
#7 9.220   libperl5.36 libpkgconf3 libproc2-0 libpsl5 librhash0 librtmp1 libsasl2-2
#7 9.221   libsasl2-modules-db libssh2-1 libssl3 libstdc++-12-dev libuv1 libxml2
#7 9.221   libz3-4 llvm-14-linker-tools make openssl patch perl perl-base
#7 9.221   perl-modules-5.36 pkgconf pkgconf-bin procps xz-utils
#7 9.224 Suggested packages:
#7 9.224   bzip2-doc clang-14-doc wasi-libc cmake-doc cmake-format elpa-cmake-mode
#7 9.224   ninja-build debsig-verify debian-keyring g++-multilib g++-12-multilib
#7 9.224   gcc-12-doc gettext-base git-daemon-run | git-daemon-sysvinit git-doc
#7 9.224   git-email git-gui gitk gitweb git-cvs git-mediawiki git-svn lrzip gnupg | sq
#7 9.224   | sqop | pgpainless-cli sensible-utils bzr gdbm-l10n libssl-doc
#7 9.224   libstdc++-12-doc make-doc ed diffutils-doc perl-doc
#7 9.224   libterm-readline-gnu-perl | libterm-readline-perl-perl
#7 9.224   libtap-harness-archive-perl
#7 9.224 Recommended packages:
#7 9.224   llvm-14-dev python3 fakeroot gnupg | sq | sqop | pgpainless-cli
#7 9.224   libalgorithm-merge-perl less ssh-client libclang-rt-14-dev
#7 9.224   libfile-fcntllock-perl liblocale-gettext-perl libldap-common libgpm2
#7 9.224   publicsuffix libsasl2-modules netbase psmisc
#7 9.614 The following NEW packages will be installed:
#7 9.614   build-essential bzip2 clang clang-14 cmake cmake-data curl dpkg-dev g++
#7 9.614   g++-12 git git-man libarchive13 libbrotli1 libbsd0 libclang-common-14-dev
#7 9.614   libclang-cpp14 libclang1-14 libcurl3-gnutls libcurl4 libdpkg-perl libedit2
#7 9.614   liberror-perl libexpat1 libgc1 libgdbm-compat4 libgdbm6 libicu72
#7 9.614   libjsoncpp25 libldap-2.5-0 libllvm14 libncursesw6 libnghttp2-14
#7 9.615   libobjc-12-dev libobjc4 libperl5.36 libpkgconf3 libproc2-0 libpsl5 librhash0
#7 9.617   librtmp1 libsasl2-2 libsasl2-modules-db libssh2-1 libssl-dev
#7 9.620   libstdc++-12-dev libuv1 libxml2 libz3-4 llvm-14-linker-tools make patch perl
#7 9.621   perl-modules-5.36 pkg-config pkgconf pkgconf-bin procps xz-utils
#7 9.622 The following packages will be upgraded:
#7 9.624   ca-certificates dpkg liblzma5 libssl3 openssl perl-base
#7 9.717 6 upgraded, 59 newly installed, 0 to remove and 32 not upgraded.
#7 9.717 Need to get 116 MB of archives.
#7 9.717 After this operation, 513 MB of additional disk space will be used.
#7 9.717 Get:1 http://deb.debian.org/debian bookworm/main amd64 dpkg amd64 1.21.23 [1568 kB]
#7 9.933 Get:2 http://deb.debian.org/debian-security bookworm-security/main amd64 perl-base amd64 5.36.0-7+deb12u4 [1610 kB]
#7 10.08 Get:3 http://deb.debian.org/debian-security bookworm-security/main amd64 perl-modules-5.36 all 5.36.0-7+deb12u4 [2817 kB]
#7 10.30 Get:4 http://deb.debian.org/debian bookworm/main amd64 libgdbm6 amd64 1.23-3 [72.2 kB]
#7 10.30 Get:5 http://deb.debian.org/debian bookworm/main amd64 libgdbm-compat4 amd64 1.23-3 [48.2 kB]
#7 10.31 Get:6 http://deb.debian.org/debian-security bookworm-security/main amd64 libperl5.36 amd64 5.36.0-7+deb12u4 [4208 kB]
#7 10.62 Get:7 http://deb.debian.org/debian-security bookworm-security/main amd64 perl amd64 5.36.0-7+deb12u4 [239 kB]
#7 10.64 Get:8 http://deb.debian.org/debian-security bookworm-security/main amd64 liblzma5 amd64 5.4.1-1+deb12u2 [206 kB]
#7 10.66 Get:9 http://deb.debian.org/debian bookworm/main amd64 libncursesw6 amd64 6.4-4 [134 kB]
#7 10.66 Get:10 http://deb.debian.org/debian bookworm/main amd64 libproc2-0 amd64 2:4.0.2-3 [62.8 kB]
#7 10.67 Get:11 http://deb.debian.org/debian bookworm/main amd64 procps amd64 2:4.0.2-3 [709 kB]
#7 10.71 Get:12 http://deb.debian.org/debian bookworm/main amd64 bzip2 amd64 1.0.8-5+b1 [49.8 kB]
#7 10.71 Get:13 http://deb.debian.org/debian-security bookworm-security/main amd64 libssl3 amd64 3.0.22-1~deb12u1 [2039 kB]
#7 10.90 Get:14 http://deb.debian.org/debian-security bookworm-security/main amd64 openssl amd64 3.0.22-1~deb12u1 [1442 kB]
#7 10.99 Get:15 http://deb.debian.org/debian-security bookworm-security/main amd64 ca-certificates all 20250419~deb12u1 [162 kB]
#7 11.00 Get:16 http://deb.debian.org/debian-security bookworm-security/main amd64 xz-utils amd64 5.4.1-1+deb12u2 [471 kB]
#7 11.03 Get:17 http://deb.debian.org/debian bookworm/main amd64 libstdc++-12-dev amd64 12.2.0-14+deb12u1 [2047 kB]
#7 11.21 Get:18 http://deb.debian.org/debian bookworm/main amd64 g++-12 amd64 12.2.0-14+deb12u1 [10.7 MB]
#7 11.82 Get:19 http://deb.debian.org/debian bookworm/main amd64 g++ amd64 4:12.2.0-3 [1356 B]
#7 11.82 Get:20 http://deb.debian.org/debian bookworm/main amd64 make amd64 4.3-4.1 [396 kB]
#7 11.84 Get:21 http://deb.debian.org/debian bookworm/main amd64 libdpkg-perl all 1.21.23 [604 kB]
#7 11.88 Get:22 http://deb.debian.org/debian bookworm/main amd64 patch amd64 2.7.6-7 [128 kB]
#7 11.89 Get:23 http://deb.debian.org/debian bookworm/main amd64 dpkg-dev all 1.21.23 [1354 kB]
#7 11.99 Get:24 http://deb.debian.org/debian bookworm/main amd64 build-essential amd64 12.9 [7704 B]
#7 11.99 Get:25 http://deb.debian.org/debian bookworm/main amd64 libbsd0 amd64 0.11.7-2 [117 kB]
#7 11.99 Get:26 http://deb.debian.org/debian bookworm/main amd64 libedit2 amd64 3.1-20221030-2 [93.0 kB]
#7 12.01 Get:27 http://deb.debian.org/debian bookworm/main amd64 libicu72 amd64 72.1-3+deb12u1 [9376 kB]
#7 12.61 Get:28 http://deb.debian.org/debian bookworm/main amd64 libxml2 amd64 2.9.14+dfsg-1.3~deb12u6 [689 kB]
#7 12.66 Get:29 http://deb.debian.org/debian bookworm/main amd64 libz3-4 amd64 4.8.12-3.1 [7216 kB]
#7 13.06 Get:30 http://deb.debian.org/debian bookworm/main amd64 libllvm14 amd64 1:14.0.6-12 [21.8 MB]
#7 14.09 Get:31 http://deb.debian.org/debian bookworm/main amd64 libclang-cpp14 amd64 1:14.0.6-12 [11.1 MB]
#7 14.72 Get:32 http://deb.debian.org/debian bookworm/main amd64 libgc1 amd64 1:8.2.2-3 [245 kB]
#7 14.73 Get:33 http://deb.debian.org/debian bookworm/main amd64 libobjc4 amd64 12.2.0-14+deb12u1 [43.2 kB]
#7 14.74 Get:34 http://deb.debian.org/debian bookworm/main amd64 libobjc-12-dev amd64 12.2.0-14+deb12u1 [170 kB]
#7 14.74 Get:35 http://deb.debian.org/debian bookworm/main amd64 libclang-common-14-dev all 1:14.0.6-12 [890 kB]
#7 14.82 Get:36 http://deb.debian.org/debian bookworm/main amd64 llvm-14-linker-tools amd64 1:14.0.6-12 [1288 kB]
#7 14.90 Get:37 http://deb.debian.org/debian bookworm/main amd64 libclang1-14 amd64 1:14.0.6-12 [6157 kB]
#7 15.32 Get:38 http://deb.debian.org/debian bookworm/main amd64 clang-14 amd64 1:14.0.6-12 [102 kB]
#7 15.34 Get:39 http://deb.debian.org/debian bookworm/main amd64 clang amd64 1:14.0-55.7~deb12u1 [5144 B]
#7 15.35 Get:40 http://deb.debian.org/debian-security bookworm-security/main amd64 libarchive13 amd64 3.6.2-1+deb12u5 [345 kB]
#7 15.37 Get:41 http://deb.debian.org/debian bookworm/main amd64 libbrotli1 amd64 1.0.9-2+b6 [275 kB]
#7 15.38 Get:42 http://deb.debian.org/debian bookworm/main amd64 libsasl2-modules-db amd64 2.1.28+dfsg-10 [20.3 kB]
#7 15.39 Get:43 http://deb.debian.org/debian bookworm/main amd64 libsasl2-2 amd64 2.1.28+dfsg-10 [59.7 kB]
#7 15.39 Get:44 http://deb.debian.org/debian bookworm/main amd64 libldap-2.5-0 amd64 2.5.13+dfsg-5 [183 kB]
#7 15.41 Get:45 http://deb.debian.org/debian bookworm/main amd64 libnghttp2-14 amd64 1.52.0-1+deb12u3 [72.4 kB]
#7 15.42 Get:46 http://deb.debian.org/debian bookworm/main amd64 libpsl5 amd64 0.21.2-1 [58.7 kB]
#7 15.42 Get:47 http://deb.debian.org/debian bookworm/main amd64 librtmp1 amd64 2.4+20151223.gitfa8646d.1-2+b2 [60.8 kB]
#7 15.43 Get:48 http://deb.debian.org/debian-security bookworm-security/main amd64 libssh2-1 amd64 1.10.0-3+deb12u1 [176 kB]
#7 15.44 Get:49 http://deb.debian.org/debian bookworm/main amd64 libcurl4 amd64 7.88.1-10+deb12u15 [392 kB]
#7 15.47 Get:50 http://deb.debian.org/debian-security bookworm-security/main amd64 libexpat1 amd64 2.5.0-1+deb12u4 [106 kB]
#7 15.48 Get:51 http://deb.debian.org/debian bookworm/main amd64 libjsoncpp25 amd64 1.9.5-4 [78.6 kB]
#7 15.48 Get:52 http://deb.debian.org/debian bookworm/main amd64 librhash0 amd64 1.4.3-3 [134 kB]
#7 15.49 Get:53 http://deb.debian.org/debian bookworm/main amd64 libuv1 amd64 1.44.2-1+deb12u1 [136 kB]
#7 15.50 Get:54 http://deb.debian.org/debian bookworm/main amd64 cmake-data all 3.25.1-1 [2026 kB]
#7 15.62 Get:55 http://deb.debian.org/debian bookworm/main amd64 cmake amd64 3.25.1-1 [8692 kB]
#7 16.19 Get:56 http://deb.debian.org/debian bookworm/main amd64 curl amd64 7.88.1-10+deb12u15 [316 kB]
#7 16.21 Get:57 http://deb.debian.org/debian bookworm/main amd64 libcurl3-gnutls amd64 7.88.1-10+deb12u15 [386 kB]
#7 16.24 Get:58 http://deb.debian.org/debian bookworm/main amd64 liberror-perl all 0.17029-2 [29.0 kB]
#7 16.24 Get:59 http://deb.debian.org/debian bookworm/main amd64 git-man all 1:2.39.5-0+deb12u3 [2053 kB]
#7 16.37 Get:60 http://deb.debian.org/debian bookworm/main amd64 git amd64 1:2.39.5-0+deb12u3 [7264 kB]
#7 16.81 Get:61 http://deb.debian.org/debian bookworm/main amd64 libpkgconf3 amd64 1.8.1-1 [36.1 kB]
#7 16.81 Get:62 http://deb.debian.org/debian-security bookworm-security/main amd64 libssl-dev amd64 3.0.22-1~deb12u1 [2450 kB]
#7 16.96 Get:63 http://deb.debian.org/debian bookworm/main amd64 pkgconf-bin amd64 1.8.1-1 [29.5 kB]
#7 16.96 Get:64 http://deb.debian.org/debian bookworm/main amd64 pkgconf amd64 1.8.1-1 [25.9 kB]
#7 16.96 Get:65 http://deb.debian.org/debian bookworm/main amd64 pkg-config amd64 1.8.1-1 [13.7 kB]
#7 17.13 debconf: delaying package configuration, since apt-utils is not installed
#7 17.17 Fetched 116 MB in 7s (15.8 MB/s)
#7 17.23 (Reading database ... 
(Reading database ... 5%
(Reading database ... 10%
(Reading database ... 15%
(Reading database ... 20%
(Reading database ... 25%
(Reading database ... 30%
(Reading database ... 35%
(Reading database ... 40%
(Reading database ... 45%
(Reading database ... 50%
(Reading database ... 55%
(Reading database ... 60%
(Reading database ... 65%
(Reading database ... 70%
(Reading database ... 75%
(Reading database ... 80%
(Reading database ... 85%
(Reading database ... 90%
(Reading database ... 95%
(Reading database ... 100%
(Reading database ... 9029 files and directories currently installed.)
#7 17.24 Preparing to unpack .../dpkg_1.21.23_amd64.deb ...
#7 17.27 Unpacking dpkg (1.21.23) over (1.21.22) ...
#7 17.56 Setting up dpkg (1.21.23) ...
#7 17.84 (Reading database ... 
(Reading database ... 5%
(Reading database ... 10%
(Reading database ... 15%
(Reading database ... 20%
(Reading database ... 25%
(Reading database ... 30%
(Reading database ... 35%
(Reading database ... 40%
(Reading database ... 45%
(Reading database ... 50%
(Reading database ... 55%
(Reading database ... 60%
(Reading database ... 65%
(Reading database ... 70%
(Reading database ... 75%
(Reading database ... 80%
(Reading database ... 85%
(Reading database ... 90%
(Reading database ... 95%
(Reading database ... 100%
(Reading database ... 9029 files and directories currently installed.)
#7 17.85 Preparing to unpack .../perl-base_5.36.0-7+deb12u4_amd64.deb ...
#7 17.90 Unpacking perl-base (5.36.0-7+deb12u4) over (5.36.0-7+deb12u2) ...
#7 22.18 Setting up perl-base (5.36.0-7+deb12u4) ...
#7 22.27 Selecting previously unselected package perl-modules-5.36.
#7 22.27 (Reading database ... 
(Reading database ... 5%
(Reading database ... 10%
(Reading database ... 15%
(Reading database ... 20%
(Reading database ... 25%
(Reading database ... 30%
(Reading database ... 35%
(Reading database ... 40%
(Reading database ... 45%
(Reading database ... 50%
(Reading database ... 55%
(Reading database ... 60%
(Reading database ... 65%
(Reading database ... 70%
(Reading database ... 75%
(Reading database ... 80%
(Reading database ... 85%
(Reading database ... 90%
(Reading database ... 95%
(Reading database ... 100%
(Reading database ... 9029 files and directories currently installed.)
#7 22.28 Preparing to unpack .../0-perl-modules-5.36_5.36.0-7+deb12u4_all.deb ...
#7 22.30 Unpacking perl-modules-5.36 (5.36.0-7+deb12u4) ...
#7 22.82 Selecting previously unselected package libgdbm6:amd64.
#7 22.82 Preparing to unpack .../1-libgdbm6_1.23-3_amd64.deb ...
#7 22.84 Unpacking libgdbm6:amd64 (1.23-3) ...
#7 22.94 Selecting previously unselected package libgdbm-compat4:amd64.
#7 22.94 Preparing to unpack .../2-libgdbm-compat4_1.23-3_amd64.deb ...
#7 22.96 Unpacking libgdbm-compat4:amd64 (1.23-3) ...
#7 23.06 Selecting previously unselected package libperl5.36:amd64.
#7 23.07 Preparing to unpack .../3-libperl5.36_5.36.0-7+deb12u4_amd64.deb ...
#7 23.08 Unpacking libperl5.36:amd64 (5.36.0-7+deb12u4) ...
#7 23.67 Selecting previously unselected package perl.
#7 23.67 Preparing to unpack .../4-perl_5.36.0-7+deb12u4_amd64.deb ...
#7 23.69 Unpacking perl (5.36.0-7+deb12u4) ...
#7 23.80 Preparing to unpack .../5-liblzma5_5.4.1-1+deb12u2_amd64.deb ...
#7 23.83 Unpacking liblzma5:amd64 (5.4.1-1+deb12u2) over (5.4.1-1) ...
#7 23.94 Setting up liblzma5:amd64 (5.4.1-1+deb12u2) ...
#7 24.05 Selecting previously unselected package libncursesw6:amd64.
#7 24.05 (Reading database ... 
(Reading database ... 5%
(Reading database ... 10%
(Reading database ... 15%
(Reading database ... 20%
(Reading database ... 25%
(Reading database ... 30%
(Reading database ... 35%
(Reading database ... 40%
(Reading database ... 45%
(Reading database ... 50%
(Reading database ... 55%
(Reading database ... 60%
(Reading database ... 65%
(Reading database ... 70%
(Reading database ... 75%
(Reading database ... 80%
(Reading database ... 85%
(Reading database ... 90%
(Reading database ... 95%
(Reading database ... 100%
(Reading database ... 11033 files and directories currently installed.)
#7 24.07 Preparing to unpack .../00-libncursesw6_6.4-4_amd64.deb ...
#7 24.08 Unpacking libncursesw6:amd64 (6.4-4) ...
#7 24.17 Selecting previously unselected package libproc2-0:amd64.
#7 24.17 Preparing to unpack .../01-libproc2-0_2%3a4.0.2-3_amd64.deb ...
#7 24.19 Unpacking libproc2-0:amd64 (2:4.0.2-3) ...
#7 24.28 Selecting previously unselected package procps.
#7 24.29 Preparing to unpack .../02-procps_2%3a4.0.2-3_amd64.deb ...
#7 24.31 Unpacking procps (2:4.0.2-3) ...
#7 24.44 Selecting previously unselected package bzip2.
#7 24.44 Preparing to unpack .../03-bzip2_1.0.8-5+b1_amd64.deb ...
#7 24.45 Unpacking bzip2 (1.0.8-5+b1) ...
#7 24.61 Preparing to unpack .../04-libssl3_3.0.22-1~deb12u1_amd64.deb ...
#7 24.64 Unpacking libssl3:amd64 (3.0.22-1~deb12u1) over (3.0.16-1~deb12u1) ...
#7 24.91 Preparing to unpack .../05-openssl_3.0.22-1~deb12u1_amd64.deb ...
#7 24.94 Unpacking openssl (3.0.22-1~deb12u1) over (3.0.16-1~deb12u1) ...
#7 25.20 Preparing to unpack .../06-ca-certificates_20250419~deb12u1_all.deb ...
#7 25.24 Unpacking ca-certificates (20250419~deb12u1) over (20230311+deb12u1) ...
#7 26.30 Selecting previously unselected package xz-utils.
#7 26.31 Preparing to unpack .../07-xz-utils_5.4.1-1+deb12u2_amd64.deb ...
#7 26.32 Unpacking xz-utils (5.4.1-1+deb12u2) ...
#7 26.43 Selecting previously unselected package libstdc++-12-dev:amd64.
#7 26.43 Preparing to unpack .../08-libstdc++-12-dev_12.2.0-14+deb12u1_amd64.deb ...
#7 26.44 Unpacking libstdc++-12-dev:amd64 (12.2.0-14+deb12u1) ...
#7 26.79 Selecting previously unselected package g++-12.
#7 26.79 Preparing to unpack .../09-g++-12_12.2.0-14+deb12u1_amd64.deb ...
#7 26.80 Unpacking g++-12 (12.2.0-14+deb12u1) ...
#7 27.64 Selecting previously unselected package g++.
#7 27.64 Preparing to unpack .../10-g++_4%3a12.2.0-3_amd64.deb ...
#7 27.65 Unpacking g++ (4:12.2.0-3) ...
#7 27.71 Selecting previously unselected package make.
#7 27.72 Preparing to unpack .../11-make_4.3-4.1_amd64.deb ...
#7 27.73 Unpacking make (4.3-4.1) ...
#7 27.83 Selecting previously unselected package libdpkg-perl.
#7 27.83 Preparing to unpack .../12-libdpkg-perl_1.21.23_all.deb ...
#7 27.84 Unpacking libdpkg-perl (1.21.23) ...
#7 27.97 Selecting previously unselected package patch.
#7 27.97 Preparing to unpack .../13-patch_2.7.6-7_amd64.deb ...
#7 27.98 Unpacking patch (2.7.6-7) ...
#7 28.08 Selecting previously unselected package dpkg-dev.
#7 28.08 Preparing to unpack .../14-dpkg-dev_1.21.23_all.deb ...
#7 28.09 Unpacking dpkg-dev (1.21.23) ...
#7 28.28 Selecting previously unselected package build-essential.
#7 28.28 Preparing to unpack .../15-build-essential_12.9_amd64.deb ...
#7 28.30 Unpacking build-essential (12.9) ...
#7 28.41 Selecting previously unselected package libbsd0:amd64.
#7 28.41 Preparing to unpack .../16-libbsd0_0.11.7-2_amd64.deb ...
#7 28.43 Unpacking libbsd0:amd64 (0.11.7-2) ...
#7 28.55 Selecting previously unselected package libedit2:amd64.
#7 28.55 Preparing to unpack .../17-libedit2_3.1-20221030-2_amd64.deb ...
#7 28.57 Unpacking libedit2:amd64 (3.1-20221030-2) ...
#7 28.66 Selecting previously unselected package libicu72:amd64.
#7 28.67 Preparing to unpack .../18-libicu72_72.1-3+deb12u1_amd64.deb ...
#7 28.68 Unpacking libicu72:amd64 (72.1-3+deb12u1) ...
#7 29.49 Selecting previously unselected package libxml2:amd64.
#7 29.49 Preparing to unpack .../19-libxml2_2.9.14+dfsg-1.3~deb12u6_amd64.deb ...
#7 29.51 Unpacking libxml2:amd64 (2.9.14+dfsg-1.3~deb12u6) ...
#7 29.65 Selecting previously unselected package libz3-4:amd64.
#7 29.65 Preparing to unpack .../20-libz3-4_4.8.12-3.1_amd64.deb ...
#7 29.66 Unpacking libz3-4:amd64 (4.8.12-3.1) ...
#7 30.39 Selecting previously unselected package libllvm14:amd64.
#7 30.39 Preparing to unpack .../21-libllvm14_1%3a14.0.6-12_amd64.deb ...
#7 30.41 Unpacking libllvm14:amd64 (1:14.0.6-12) ...
#7 31.56 Selecting previously unselected package libclang-cpp14.
#7 31.56 Preparing to unpack .../22-libclang-cpp14_1%3a14.0.6-12_amd64.deb ...
#7 31.57 Unpacking libclang-cpp14 (1:14.0.6-12) ...
#7 32.23 Selecting previously unselected package libgc1:amd64.
#7 32.23 Preparing to unpack .../23-libgc1_1%3a8.2.2-3_amd64.deb ...
#7 32.24 Unpacking libgc1:amd64 (1:8.2.2-3) ...
#7 32.34 Selecting previously unselected package libobjc4:amd64.
#7 32.34 Preparing to unpack .../24-libobjc4_12.2.0-14+deb12u1_amd64.deb ...
#7 32.36 Unpacking libobjc4:amd64 (12.2.0-14+deb12u1) ...
#7 32.44 Selecting previously unselected package libobjc-12-dev:amd64.
#7 32.44 Preparing to unpack .../25-libobjc-12-dev_12.2.0-14+deb12u1_amd64.deb ...
#7 32.46 Unpacking libobjc-12-dev:amd64 (12.2.0-14+deb12u1) ...
#7 32.55 Selecting previously unselected package libclang-common-14-dev.
#7 32.55 Preparing to unpack .../26-libclang-common-14-dev_1%3a14.0.6-12_all.deb ...
#7 32.56 Unpacking libclang-common-14-dev (1:14.0.6-12) ...
#7 32.77 Selecting previously unselected package llvm-14-linker-tools.
#7 32.77 Preparing to unpack .../27-llvm-14-linker-tools_1%3a14.0.6-12_amd64.deb ...
#7 32.78 Unpacking llvm-14-linker-tools (1:14.0.6-12) ...
#7 32.97 Selecting previously unselected package libclang1-14.
#7 32.97 Preparing to unpack .../28-libclang1-14_1%3a14.0.6-12_amd64.deb ...
#7 32.98 Unpacking libclang1-14 (1:14.0.6-12) ...
#7 33.55 Selecting previously unselected package clang-14.
#7 33.55 Preparing to unpack .../29-clang-14_1%3a14.0.6-12_amd64.deb ...
#7 33.57 Unpacking clang-14 (1:14.0.6-12) ...
#7 33.66 Selecting previously unselected package clang.
#7 33.66 Preparing to unpack .../30-clang_1%3a14.0-55.7~deb12u1_amd64.deb ...
#7 33.67 Unpacking clang (1:14.0-55.7~deb12u1) ...
#7 33.75 Selecting previously unselected package libarchive13:amd64.
#7 33.75 Preparing to unpack .../31-libarchive13_3.6.2-1+deb12u5_amd64.deb ...
#7 33.77 Unpacking libarchive13:amd64 (3.6.2-1+deb12u5) ...
#7 33.88 Selecting previously unselected package libbrotli1:amd64.
#7 33.88 Preparing to unpack .../32-libbrotli1_1.0.9-2+b6_amd64.deb ...
#7 33.89 Unpacking libbrotli1:amd64 (1.0.9-2+b6) ...
#7 33.98 Selecting previously unselected package libsasl2-modules-db:amd64.
#7 33.98 Preparing to unpack .../33-libsasl2-modules-db_2.1.28+dfsg-10_amd64.deb ...
#7 33.99 Unpacking libsasl2-modules-db:amd64 (2.1.28+dfsg-10) ...
#7 34.08 Selecting previously unselected package libsasl2-2:amd64.
#7 34.08 Preparing to unpack .../34-libsasl2-2_2.1.28+dfsg-10_amd64.deb ...
#7 34.09 Unpacking libsasl2-2:amd64 (2.1.28+dfsg-10) ...
#7 34.18 Selecting previously unselected package libldap-2.5-0:amd64.
#7 34.18 Preparing to unpack .../35-libldap-2.5-0_2.5.13+dfsg-5_amd64.deb ...
#7 34.20 Unpacking libldap-2.5-0:amd64 (2.5.13+dfsg-5) ...
#7 34.30 Selecting previously unselected package libnghttp2-14:amd64.
#7 34.30 Preparing to unpack .../36-libnghttp2-14_1.52.0-1+deb12u3_amd64.deb ...
#7 34.31 Unpacking libnghttp2-14:amd64 (1.52.0-1+deb12u3) ...
#7 34.41 Selecting previously unselected package libpsl5:amd64.
#7 34.42 Preparing to unpack .../37-libpsl5_0.21.2-1_amd64.deb ...
#7 34.43 Unpacking libpsl5:amd64 (0.21.2-1) ...
#7 34.54 Selecting previously unselected package librtmp1:amd64.
#7 34.54 Preparing to unpack .../38-librtmp1_2.4+20151223.gitfa8646d.1-2+b2_amd64.deb ...
#7 34.55 Unpacking librtmp1:amd64 (2.4+20151223.gitfa8646d.1-2+b2) ...
#7 34.66 Selecting previously unselected package libssh2-1:amd64.
#7 34.66 Preparing to unpack .../39-libssh2-1_1.10.0-3+deb12u1_amd64.deb ...
#7 34.67 Unpacking libssh2-1:amd64 (1.10.0-3+deb12u1) ...
#7 34.77 Selecting previously unselected package libcurl4:amd64.
#7 34.77 Preparing to unpack .../40-libcurl4_7.88.1-10+deb12u15_amd64.deb ...
#7 34.78 Unpacking libcurl4:amd64 (7.88.1-10+deb12u15) ...
#7 34.89 Selecting previously unselected package libexpat1:amd64.
#7 34.90 Preparing to unpack .../41-libexpat1_2.5.0-1+deb12u4_amd64.deb ...
#7 34.91 Unpacking libexpat1:amd64 (2.5.0-1+deb12u4) ...
#7 35.03 Selecting previously unselected package libjsoncpp25:amd64.
#7 35.03 Preparing to unpack .../42-libjsoncpp25_1.9.5-4_amd64.deb ...
#7 35.05 Unpacking libjsoncpp25:amd64 (1.9.5-4) ...
#7 35.24 Selecting previously unselected package librhash0:amd64.
#7 35.24 Preparing to unpack .../43-librhash0_1.4.3-3_amd64.deb ...
#7 35.25 Unpacking librhash0:amd64 (1.4.3-3) ...
#7 35.38 Selecting previously unselected package libuv1:amd64.
#7 35.39 Preparing to unpack .../44-libuv1_1.44.2-1+deb12u1_amd64.deb ...
#7 35.40 Unpacking libuv1:amd64 (1.44.2-1+deb12u1) ...
#7 35.52 Selecting previously unselected package cmake-data.
#7 35.52 Preparing to unpack .../45-cmake-data_3.25.1-1_all.deb ...
#7 35.54 Unpacking cmake-data (3.25.1-1) ...
#7 36.71 Selecting previously unselected package cmake.
#7 36.71 Preparing to unpack .../46-cmake_3.25.1-1_amd64.deb ...
#7 36.72 Unpacking cmake (3.25.1-1) ...
#7 37.41 Selecting previously unselected package curl.
#7 37.41 Preparing to unpack .../47-curl_7.88.1-10+deb12u15_amd64.deb ...
#7 37.42 Unpacking curl (7.88.1-10+deb12u15) ...
#7 37.53 Selecting previously unselected package libcurl3-gnutls:amd64.
#7 37.53 Preparing to unpack .../48-libcurl3-gnutls_7.88.1-10+deb12u15_amd64.deb ...
#7 37.55 Unpacking libcurl3-gnutls:amd64 (7.88.1-10+deb12u15) ...
#7 37.65 Selecting previously unselected package liberror-perl.
#7 37.65 Preparing to unpack .../49-liberror-perl_0.17029-2_all.deb ...
#7 37.67 Unpacking liberror-perl (0.17029-2) ...
#7 37.74 Selecting previously unselected package git-man.
#7 37.75 Preparing to unpack .../50-git-man_1%3a2.39.5-0+deb12u3_all.deb ...
#7 37.76 Unpacking git-man (1:2.39.5-0+deb12u3) ...
#7 37.95 Selecting previously unselected package git.
#7 37.95 Preparing to unpack .../51-git_1%3a2.39.5-0+deb12u3_amd64.deb ...
#7 37.97 Unpacking git (1:2.39.5-0+deb12u3) ...
#7 38.58 Selecting previously unselected package libpkgconf3:amd64.
#7 38.58 Preparing to unpack .../52-libpkgconf3_1.8.1-1_amd64.deb ...
#7 38.59 Unpacking libpkgconf3:amd64 (1.8.1-1) ...
#7 38.67 Selecting previously unselected package libssl-dev:amd64.
#7 38.67 Preparing to unpack .../53-libssl-dev_3.0.22-1~deb12u1_amd64.deb ...
#7 38.68 Unpacking libssl-dev:amd64 (3.0.22-1~deb12u1) ...
#7 38.91 Selecting previously unselected package pkgconf-bin.
#7 38.92 Preparing to unpack .../54-pkgconf-bin_1.8.1-1_amd64.deb ...
#7 38.93 Unpacking pkgconf-bin (1.8.1-1) ...
#7 39.01 Selecting previously unselected package pkgconf:amd64.
#7 39.02 Preparing to unpack .../55-pkgconf_1.8.1-1_amd64.deb ...
#7 39.04 Unpacking pkgconf:amd64 (1.8.1-1) ...
#7 39.12 Selecting previously unselected package pkg-config:amd64.
#7 39.12 Preparing to unpack .../56-pkg-config_1.8.1-1_amd64.deb ...
#7 39.14 Unpacking pkg-config:amd64 (1.8.1-1) ...
#7 39.23 Setting up libexpat1:amd64 (2.5.0-1+deb12u4) ...
#7 39.26 Setting up libpsl5:amd64 (0.21.2-1) ...
#7 39.30 Setting up libicu72:amd64 (72.1-3+deb12u1) ...
#7 39.33 Setting up libstdc++-12-dev:amd64 (12.2.0-14+deb12u1) ...
#7 39.37 Setting up libbrotli1:amd64 (1.0.9-2+b6) ...
#7 39.40 Setting up libssl3:amd64 (3.0.22-1~deb12u1) ...
#7 39.44 Setting up libnghttp2-14:amd64 (1.52.0-1+deb12u3) ...
#7 39.47 Setting up bzip2 (1.0.8-5+b1) ...
#7 39.50 Setting up libsasl2-modules-db:amd64 (2.1.28+dfsg-10) ...
#7 39.54 Setting up perl-modules-5.36 (5.36.0-7+deb12u4) ...
#7 39.57 Setting up libz3-4:amd64 (4.8.12-3.1) ...
#7 39.61 Setting up libpkgconf3:amd64 (1.8.1-1) ...
#7 39.64 Setting up libuv1:amd64 (1.44.2-1+deb12u1) ...
#7 39.67 Setting up make (4.3-4.1) ...
#7 39.71 Setting up librtmp1:amd64 (2.4+20151223.gitfa8646d.1-2+b2) ...
#7 39.74 Setting up xz-utils (5.4.1-1+deb12u2) ...
#7 39.78 update-alternatives: using /usr/bin/xz to provide /usr/bin/lzma (lzma) in auto mode
#7 39.78 update-alternatives: warning: skip creation of /usr/share/man/man1/lzma.1.gz because associated file /usr/share/man/man1/xz.1.gz (of link group lzma) doesn't exist
#7 39.78 update-alternatives: warning: skip creation of /usr/share/man/man1/unlzma.1.gz because associated file /usr/share/man/man1/unxz.1.gz (of link group lzma) doesn't exist
#7 39.78 update-alternatives: warning: skip creation of /usr/share/man/man1/lzcat.1.gz because associated file /usr/share/man/man1/xzcat.1.gz (of link group lzma) doesn't exist
#7 39.78 update-alternatives: warning: skip creation of /usr/share/man/man1/lzmore.1.gz because associated file /usr/share/man/man1/xzmore.1.gz (of link group lzma) doesn't exist
#7 39.78 update-alternatives: warning: skip creation of /usr/share/man/man1/lzless.1.gz because associated file /usr/share/man/man1/xzless.1.gz (of link group lzma) doesn't exist
#7 39.78 update-alternatives: warning: skip creation of /usr/share/man/man1/lzdiff.1.gz because associated file /usr/share/man/man1/xzdiff.1.gz (of link group lzma) doesn't exist
#7 39.78 update-alternatives: warning: skip creation of /usr/share/man/man1/lzcmp.1.gz because associated file /usr/share/man/man1/xzcmp.1.gz (of link group lzma) doesn't exist
#7 39.78 update-alternatives: warning: skip creation of /usr/share/man/man1/lzgrep.1.gz because associated file /usr/share/man/man1/xzgrep.1.gz (of link group lzma) doesn't exist
#7 39.78 update-alternatives: warning: skip creation of /usr/share/man/man1/lzegrep.1.gz because associated file /usr/share/man/man1/xzegrep.1.gz (of link group lzma) doesn't exist
#7 39.78 update-alternatives: warning: skip creation of /usr/share/man/man1/lzfgrep.1.gz because associated file /usr/share/man/man1/xzfgrep.1.gz (of link group lzma) doesn't exist
#7 39.80 Setting up libproc2-0:amd64 (2:4.0.2-3) ...
#7 39.84 Setting up libssl-dev:amd64 (3.0.22-1~deb12u1) ...
#7 39.87 Setting up patch (2.7.6-7) ...
#7 39.91 Setting up libjsoncpp25:amd64 (1.9.5-4) ...
#7 39.94 Setting up pkgconf-bin (1.8.1-1) ...
#7 39.97 Setting up libncursesw6:amd64 (6.4-4) ...
#7 40.01 Setting up libgc1:amd64 (1:8.2.2-3) ...
#7 40.04 Setting up libsasl2-2:amd64 (2.1.28+dfsg-10) ...
#7 40.07 Setting up librhash0:amd64 (1.4.3-3) ...
#7 40.11 Setting up procps (2:4.0.2-3) ...
#7 40.32 Setting up git-man (1:2.39.5-0+deb12u3) ...
#7 40.35 Setting up libssh2-1:amd64 (1.10.0-3+deb12u1) ...
#7 40.39 Setting up cmake-data (3.25.1-1) ...
#7 40.43 Setting up openssl (3.0.22-1~deb12u1) ...
#7 40.49 Setting up libbsd0:amd64 (0.11.7-2) ...
#7 40.52 Setting up libxml2:amd64 (2.9.14+dfsg-1.3~deb12u6) ...
#7 40.56 Setting up libgdbm6:amd64 (1.23-3) ...
#7 40.59 Setting up g++-12 (12.2.0-14+deb12u1) ...
#7 40.63 Setting up libarchive13:amd64 (3.6.2-1+deb12u5) ...
#7 40.66 Setting up libedit2:amd64 (3.1-20221030-2) ...
#7 40.69 Setting up libobjc4:amd64 (12.2.0-14+deb12u1) ...
#7 40.73 Setting up libldap-2.5-0:amd64 (2.5.13+dfsg-5) ...
#7 40.76 Setting up pkgconf:amd64 (1.8.1-1) ...
#7 40.80 Setting up ca-certificates (20250419~deb12u1) ...
#7 40.90 debconf: unable to initialize frontend: Dialog
#7 40.90 debconf: (TERM is not set, so the dialog frontend is not usable.)
#7 40.90 debconf: falling back to frontend: Readline
#7 40.91 debconf: unable to initialize frontend: Readline
#7 40.91 debconf: (This frontend requires a controlling tty.)
#7 40.91 debconf: falling back to frontend: Teletype
#7 43.09 Updating certificates in /etc/ssl/certs...
#7 44.35 rehash: warning: skipping ca-certificates.crt,it does not contain exactly one certificate or CRL
#7 44.36 21 added, 13 removed; done.
#7 44.43 Setting up pkg-config:amd64 (1.8.1-1) ...
#7 44.46 Setting up libgdbm-compat4:amd64 (1.23-3) ...
#7 44.50 Setting up libllvm14:amd64 (1:14.0.6-12) ...
#7 44.53 Setting up libobjc-12-dev:amd64 (12.2.0-14+deb12u1) ...
#7 44.57 Setting up g++ (4:12.2.0-3) ...
#7 44.59 update-alternatives: using /usr/bin/g++ to provide /usr/bin/c++ (c++) in auto mode
#7 44.61 Setting up libcurl4:amd64 (7.88.1-10+deb12u15) ...
#7 44.64 Setting up curl (7.88.1-10+deb12u15) ...
#7 44.68 Setting up llvm-14-linker-tools (1:14.0.6-12) ...
#7 44.71 Setting up libperl5.36:amd64 (5.36.0-7+deb12u4) ...
#7 44.74 Setting up libclang1-14 (1:14.0.6-12) ...
#7 44.78 Setting up libcurl3-gnutls:amd64 (7.88.1-10+deb12u15) ...
#7 44.81 Setting up perl (5.36.0-7+deb12u4) ...
#7 44.86 Setting up libclang-common-14-dev (1:14.0.6-12) ...
#7 44.90 Setting up libclang-cpp14 (1:14.0.6-12) ...
#7 44.93 Setting up libdpkg-perl (1.21.23) ...
#7 44.97 Setting up cmake (3.25.1-1) ...
#7 45.01 Setting up clang-14 (1:14.0.6-12) ...
#7 45.04 Setting up dpkg-dev (1.21.23) ...
#7 45.10 Setting up liberror-perl (0.17029-2) ...
#7 45.14 Setting up clang (1:14.0-55.7~deb12u1) ...
#7 45.32 Setting up git (1:2.39.5-0+deb12u3) ...
#7 45.37 Setting up build-essential (12.9) ...
#7 45.41 Processing triggers for libc-bin (2.36-9+deb12u10) ...
#7 45.46 Processing triggers for ca-certificates (20250419~deb12u1) ...
#7 45.47 Updating certificates in /etc/ssl/certs...
#7 46.35 0 added, 0 removed; done.
#7 46.35 Running hooks in /etc/ca-certificates/update.d...
#7 46.35 done.
#7 DONE 46.6s

#8 [3/5] COPY cargo-risczero r0vm /usr/local/bin/
#8 DONE 0.3s

#9 [4/5] RUN chmod +x /usr/local/bin/cargo-risczero /usr/local/bin/r0vm
#9 DONE 0.5s

#10 [5/5] RUN cargo risczero install --version r0.1.88.0
#10 0.482 Error: Run `rzup install` instead
#10 ERROR: process "/bin/sh -c cargo risczero install --version r0.1.88.0" did not complete successfully: exit code: 1
------
 > [5/5] RUN cargo risczero install --version r0.1.88.0:
0.482 Error: Run `rzup install` instead
------
Dockerfile:5
--------------------
   3 |     COPY cargo-risczero r0vm /usr/local/bin/
   4 |     RUN chmod +x /usr/local/bin/cargo-risczero /usr/local/bin/r0vm
   5 | >>> RUN cargo risczero install --version r0.1.88.0
   6 |     ENV RISC0_DEV_MODE=0
   7 |     ENV RISC0_SERVER_PATH=/usr/local/bin/r0vm
--------------------
ERROR: failed to build: failed to solve: process "/bin/sh -c cargo risczero install --version r0.1.88.0" did not complete successfully: exit code: 1

View build details: docker-desktop://dashboard/build/desktop-linux/desktop-linux/pkxyqoythy667dm8livpzos7q
